Component: ARM Compiler 5.06 update 5 (build 528) Tool: armlink [4d35e2]

==============================================================================

Section Cross References

    main.o(i.CheckRcvFrame) refers to sci.o(.bss) for ReceivedFrame
    main.o(i.CheckRcvFrame) refers to main.o(.data) for .data
    main.o(i.CheckRcvFrame) refers to main.o(.bss) for .bss
    main.o(i.SendFrame) refers to sci.o(i.RS232_Send_Data) for RS232_Send_Data
    main.o(i.SendFrame) refers to sci.o(.bss) for RS232_buff
    main.o(i.SendFrame) refers to sci.o(.bss) for SendingFrame
    main.o(i.SendFrame) refers to sci.o(.data) for RS232_send_data_length
    main.o(i.SetAckFrame) refers to sci.o(.bss) for SendingFrame
    main.o(i.SetAckFrame) refers to sci.o(.bss) for ReceivedFrame
    main.o(i.main) refers to sci.o(i.USART_232_Configuration) for USART_232_Configuration
    main.o(i.main) refers to timer.o(i.InitiateTimer) for InitiateTimer
    main.o(i.main) refers to nvic.o(i.NVIC_Configuration) for NVIC_Configuration
    main.o(i.main) refers to i2c.o(i.I2C_Configuration) for I2C_Configuration
    main.o(i.main) refers to i2c.o(i.OLED_Init) for OLED_Init
    main.o(i.main) refers to i2c.o(i.DelayMs) for DelayMs
    main.o(i.main) refers to i2c.o(i.OLED_CLS) for OLED_CLS
    main.o(i.main) refers to i2c.o(i.OLED_DrawBMP) for OLED_DrawBMP
    main.o(i.main) refers to main.o(i.CheckRcvFrame) for CheckRcvFrame
    main.o(i.main) refers to main.o(i.SetAckFrame) for SetAckFrame
    main.o(i.main) refers to main.o(i.SendFrame) for SendFrame
    main.o(i.main) refers to bmp.o(.data) for BMP1
    main.o(i.main) refers to sci.o(.data) for RFrameFlag
    main.o(i.main) refers to main.o(.data) for .data
    main.o(i.main) refers to main.o(.bss) for .bss
    keyboard.o(i.Key_Configuration) refers to stm32f4xx_rcc.o(i.RCC_AHB1PeriphClockCmd) for RCC_AHB1PeriphClockCmd
    keyboard.o(i.Key_Configuration) refers to stm32f4xx_gpio.o(i.GPIO_Init) for GPIO_Init
    keyboard.o(i.Key_Operate) refers to keyboard.o(i.Key_Scan) for Key_Scan
    keyboard.o(i.Key_Scan) refers to stm32f4xx_gpio.o(i.GPIO_ReadInputDataBit) for GPIO_ReadInputDataBit
    nvic.o(i.NVIC_Configuration) refers to misc.o(i.NVIC_SetVectorTable) for NVIC_SetVectorTable
    nvic.o(i.NVIC_Configuration) refers to misc.o(i.NVIC_PriorityGroupConfig) for NVIC_PriorityGroupConfig
    nvic.o(i.NVIC_Configuration) refers to misc.o(i.NVIC_Init) for NVIC_Init
    i2c.o(i.I2C_Configuration) refers to stm32f4xx_rcc.o(i.RCC_AHB1PeriphClockCmd) for RCC_AHB1PeriphClockCmd
    i2c.o(i.I2C_Configuration) refers to stm32f4xx_gpio.o(i.GPIO_PinAFConfig) for GPIO_PinAFConfig
    i2c.o(i.I2C_Configuration) refers to stm32f4xx_gpio.o(i.GPIO_Init) for GPIO_Init
    i2c.o(i.I2C_Configuration) refers to stm32f4xx_rcc.o(i.RCC_APB1PeriphClockCmd) for RCC_APB1PeriphClockCmd
    i2c.o(i.I2C_Configuration) refers to stm32f4xx_i2c.o(i.I2C_Init) for I2C_Init
    i2c.o(i.I2C_Configuration) refers to stm32f4xx_i2c.o(i.I2C_Cmd) for I2C_Cmd
    i2c.o(i.I2C_WriteByte) refers to stm32f4xx_i2c.o(i.I2C_GetFlagStatus) for I2C_GetFlagStatus
    i2c.o(i.I2C_WriteByte) refers to stm32f4xx_i2c.o(i.I2C_GenerateSTART) for I2C_GenerateSTART
    i2c.o(i.I2C_WriteByte) refers to stm32f4xx_i2c.o(i.I2C_CheckEvent) for I2C_CheckEvent
    i2c.o(i.I2C_WriteByte) refers to stm32f4xx_i2c.o(i.I2C_Send7bitAddress) for I2C_Send7bitAddress
    i2c.o(i.I2C_WriteByte) refers to stm32f4xx_i2c.o(i.I2C_SendData) for I2C_SendData
    i2c.o(i.I2C_WriteByte) refers to stm32f4xx_i2c.o(i.I2C_GenerateSTOP) for I2C_GenerateSTOP
    i2c.o(i.OLED_CLS) refers to i2c.o(i.OLED_Fill) for OLED_Fill
    i2c.o(i.OLED_DrawBMP) refers to i2c.o(i.OLED_SetPos) for OLED_SetPos
    i2c.o(i.OLED_DrawBMP) refers to i2c.o(i.WriteDat) for WriteDat
    i2c.o(i.OLED_Fill) refers to i2c.o(i.WriteCmd) for WriteCmd
    i2c.o(i.OLED_Fill) refers to i2c.o(i.WriteDat) for WriteDat
    i2c.o(i.OLED_Init) refers to i2c.o(i.DelayMs) for DelayMs
    i2c.o(i.OLED_Init) refers to i2c.o(i.WriteCmd) for WriteCmd
    i2c.o(i.OLED_OFF) refers to i2c.o(i.WriteCmd) for WriteCmd
    i2c.o(i.OLED_ON) refers to i2c.o(i.WriteCmd) for WriteCmd
    i2c.o(i.OLED_SetPos) refers to i2c.o(i.WriteCmd) for WriteCmd
    i2c.o(i.OLED_ShowCN) refers to i2c.o(i.OLED_SetPos) for OLED_SetPos
    i2c.o(i.OLED_ShowCN) refers to i2c.o(i.WriteDat) for WriteDat
    i2c.o(i.OLED_ShowCN) refers to chinese.o(.data) for F16x16
    i2c.o(i.OLED_ShowStr) refers to i2c.o(i.OLED_SetPos) for OLED_SetPos
    i2c.o(i.OLED_ShowStr) refers to i2c.o(i.WriteDat) for WriteDat
    i2c.o(i.OLED_ShowStr) refers to chinese.o(.constdata) for F8X16
    i2c.o(i.OLED_ShowStr) refers to chinese.o(.constdata) for F6x8
    i2c.o(i.WriteCmd) refers to i2c.o(i.I2C_WriteByte) for I2C_WriteByte
    i2c.o(i.WriteDat) refers to i2c.o(i.I2C_WriteByte) for I2C_WriteByte
    timer.o(i.CloseTimer) refers to stm32f4xx_tim.o(i.TIM_Cmd) for TIM_Cmd
    timer.o(i.InitiateTimer) refers to stm32f4xx_rcc.o(i.RCC_APB1PeriphClockCmd) for RCC_APB1PeriphClockCmd
    timer.o(i.InitiateTimer) refers to stm32f4xx_tim.o(i.TIM_DeInit) for TIM_DeInit
    timer.o(i.InitiateTimer) refers to stm32f4xx_tim.o(i.TIM_TimeBaseInit) for TIM_TimeBaseInit
    timer.o(i.InitiateTimer) refers to stm32f4xx_tim.o(i.TIM_ClearFlag) for TIM_ClearFlag
    timer.o(i.InitiateTimer) refers to stm32f4xx_tim.o(i.TIM_ITConfig) for TIM_ITConfig
    timer.o(i.ResetTimer) refers to stm32f4xx_tim.o(i.TIM_Cmd) for TIM_Cmd
    timer.o(i.TIM3_IRQHandler) refers to stm32f4xx_tim.o(i.TIM_ClearITPendingBit) for TIM_ClearITPendingBit
    timer.o(i.TIM3_IRQHandler) refers to sci.o(.data) for ReceiveState
    sci.o(i.CheckFrameSum) refers to sci.o(.bss) for .bss
    sci.o(i.CheckFrameSum) refers to sci.o(.data) for .data
    sci.o(i.USART1_IRQHandler) refers to timer.o(i.ResetTimer) for ResetTimer
    sci.o(i.USART1_IRQHandler) refers to stm32f4xx_usart.o(i.USART_GetITStatus) for USART_GetITStatus
    sci.o(i.USART1_IRQHandler) refers to sci.o(i.CheckFrameSum) for CheckFrameSum
    sci.o(i.USART1_IRQHandler) refers to stm32f4xx_usart.o(i.USART_ClearITPendingBit) for USART_ClearITPendingBit
    sci.o(i.USART1_IRQHandler) refers to sci.o(.data) for .data
    sci.o(i.USART1_IRQHandler) refers to sci.o(.bss) for .bss
    sci.o(i.USART_232_Configuration) refers to stm32f4xx_rcc.o(i.RCC_AHB1PeriphClockCmd) for RCC_AHB1PeriphClockCmd
    sci.o(i.USART_232_Configuration) refers to stm32f4xx_rcc.o(i.RCC_APB2PeriphClockCmd) for RCC_APB2PeriphClockCmd
    sci.o(i.USART_232_Configuration) refers to stm32f4xx_usart.o(i.USART_DeInit) for USART_DeInit
    sci.o(i.USART_232_Configuration) refers to stm32f4xx_usart.o(i.USART_StructInit) for USART_StructInit
    sci.o(i.USART_232_Configuration) refers to stm32f4xx_usart.o(i.USART_ClockStructInit) for USART_ClockStructInit
    sci.o(i.USART_232_Configuration) refers to stm32f4xx_gpio.o(i.GPIO_Init) for GPIO_Init
    sci.o(i.USART_232_Configuration) refers to stm32f4xx_gpio.o(i.GPIO_PinAFConfig) for GPIO_PinAFConfig
    sci.o(i.USART_232_Configuration) refers to stm32f4xx_usart.o(i.USART_ClockInit) for USART_ClockInit
    sci.o(i.USART_232_Configuration) refers to stm32f4xx_usart.o(i.USART_Init) for USART_Init
    sci.o(i.USART_232_Configuration) refers to stm32f4xx_usart.o(i.USART_ITConfig) for USART_ITConfig
    sci.o(i.USART_232_Configuration) refers to stm32f4xx_usart.o(i.USART_Cmd) for USART_Cmd
    sci.o(i.USART_232_Configuration) refers to stm32f4xx_usart.o(i.USART_ClearITPendingBit) for USART_ClearITPendingBit
    startup_stm32f40_41xxx.o(RESET) refers to startup_stm32f40_41xxx.o(STACK) for __initial_sp
    startup_stm32f40_41xxx.o(RESET) refers to startup_stm32f40_41xxx.o(.text) for Reset_Handler
    startup_stm32f40_41xxx.o(RESET) refers to stm32f4xx_it.o(i.NMI_Handler) for NMI_Handler
    startup_stm32f40_41xxx.o(RESET) refers to stm32f4xx_it.o(i.HardFault_Handler) for HardFault_Handler
    startup_stm32f40_41xxx.o(RESET) refers to stm32f4xx_it.o(i.MemManage_Handler) for MemManage_Handler
    startup_stm32f40_41xxx.o(RESET) refers to stm32f4xx_it.o(i.BusFault_Handler) for BusFault_Handler
    startup_stm32f40_41xxx.o(RESET) refers to stm32f4xx_it.o(i.UsageFault_Handler) for UsageFault_Handler
    startup_stm32f40_41xxx.o(RESET) refers to stm32f4xx_it.o(i.SVC_Handler) for SVC_Handler
    startup_stm32f40_41xxx.o(RESET) refers to stm32f4xx_it.o(i.DebugMon_Handler) for DebugMon_Handler
    startup_stm32f40_41xxx.o(RESET) refers to stm32f4xx_it.o(i.PendSV_Handler) for PendSV_Handler
    startup_stm32f40_41xxx.o(RESET) refers to timer.o(i.TIM3_IRQHandler) for TIM3_IRQHandler
    startup_stm32f40_41xxx.o(RESET) refers to sci.o(i.USART1_IRQHandler) for USART1_IRQHandler
    startup_stm32f40_41xxx.o(.text) refers to system_stm32f4xx.o(i.SystemInit) for SystemInit
    startup_stm32f40_41xxx.o(.text) refers to entry.o(.ARM.Collect$$$$00000000) for __main
    stm32f4xx_gpio.o(i.GPIO_DeInit) refers to stm32f4xx_rcc.o(i.RCC_AHB1PeriphResetCmd) for RCC_AHB1PeriphResetCmd
    stm32f4xx_rcc.o(i.RCC_GetClocksFreq) refers to stm32f4xx_rcc.o(.data) for .data
    stm32f4xx_rcc.o(i.RCC_WaitForHSEStartUp) refers to stm32f4xx_rcc.o(i.RCC_GetFlagStatus) for RCC_GetFlagStatus
    stm32f4xx_syscfg.o(i.SYSCFG_DeInit) refers to stm32f4xx_rcc.o(i.RCC_APB2PeriphResetCmd) for RCC_APB2PeriphResetCmd
    stm32f4xx_usart.o(i.USART_DeInit) refers to stm32f4xx_rcc.o(i.RCC_APB2PeriphResetCmd) for RCC_APB2PeriphResetCmd
    stm32f4xx_usart.o(i.USART_DeInit) refers to stm32f4xx_rcc.o(i.RCC_APB1PeriphResetCmd) for RCC_APB1PeriphResetCmd
    stm32f4xx_usart.o(i.USART_Init) refers to stm32f4xx_rcc.o(i.RCC_GetClocksFreq) for RCC_GetClocksFreq
    stm32f4xx_tim.o(i.TIM_DeInit) refers to stm32f4xx_rcc.o(i.RCC_APB2PeriphResetCmd) for RCC_APB2PeriphResetCmd
    stm32f4xx_tim.o(i.TIM_DeInit) refers to stm32f4xx_rcc.o(i.RCC_APB1PeriphResetCmd) for RCC_APB1PeriphResetCmd
    stm32f4xx_tim.o(i.TIM_ETRClockMode1Config) refers to stm32f4xx_tim.o(i.TIM_ETRConfig) for TIM_ETRConfig
    stm32f4xx_tim.o(i.TIM_ETRClockMode2Config) refers to stm32f4xx_tim.o(i.TIM_ETRConfig) for TIM_ETRConfig
    stm32f4xx_tim.o(i.TIM_ICInit) refers to stm32f4xx_tim.o(i.TI4_Config) for TI4_Config
    stm32f4xx_tim.o(i.TIM_ICInit) refers to stm32f4xx_tim.o(i.TIM_SetIC4Prescaler) for TIM_SetIC4Prescaler
    stm32f4xx_tim.o(i.TIM_ICInit) refers to stm32f4xx_tim.o(i.TI1_Config) for TI1_Config
    stm32f4xx_tim.o(i.TIM_ICInit) refers to stm32f4xx_tim.o(i.TIM_SetIC1Prescaler) for TIM_SetIC1Prescaler
    stm32f4xx_tim.o(i.TIM_ICInit) refers to stm32f4xx_tim.o(i.TI2_Config) for TI2_Config
    stm32f4xx_tim.o(i.TIM_ICInit) refers to stm32f4xx_tim.o(i.TIM_SetIC2Prescaler) for TIM_SetIC2Prescaler
    stm32f4xx_tim.o(i.TIM_ICInit) refers to stm32f4xx_tim.o(i.TI3_Config) for TI3_Config
    stm32f4xx_tim.o(i.TIM_ICInit) refers to stm32f4xx_tim.o(i.TIM_SetIC3Prescaler) for TIM_SetIC3Prescaler
    stm32f4xx_tim.o(i.TIM_ITRxExternalClockConfig) refers to stm32f4xx_tim.o(i.TIM_SelectInputTrigger) for TIM_SelectInputTrigger
    stm32f4xx_tim.o(i.TIM_PWMIConfig) refers to stm32f4xx_tim.o(i.TI2_Config) for TI2_Config
    stm32f4xx_tim.o(i.TIM_PWMIConfig) refers to stm32f4xx_tim.o(i.TIM_SetIC2Prescaler) for TIM_SetIC2Prescaler
    stm32f4xx_tim.o(i.TIM_PWMIConfig) refers to stm32f4xx_tim.o(i.TI1_Config) for TI1_Config
    stm32f4xx_tim.o(i.TIM_PWMIConfig) refers to stm32f4xx_tim.o(i.TIM_SetIC1Prescaler) for TIM_SetIC1Prescaler
    stm32f4xx_tim.o(i.TIM_TIxExternalClockConfig) refers to stm32f4xx_tim.o(i.TI1_Config) for TI1_Config
    stm32f4xx_tim.o(i.TIM_TIxExternalClockConfig) refers to stm32f4xx_tim.o(i.TIM_SelectInputTrigger) for TIM_SelectInputTrigger
    stm32f4xx_tim.o(i.TIM_TIxExternalClockConfig) refers to stm32f4xx_tim.o(i.TI2_Config) for TI2_Config
    stm32f4xx_i2c.o(i.I2C_DeInit) refers to stm32f4xx_rcc.o(i.RCC_APB1PeriphResetCmd) for RCC_APB1PeriphResetCmd
    stm32f4xx_i2c.o(i.I2C_Init) refers to stm32f4xx_rcc.o(i.RCC_GetClocksFreq) for RCC_GetClocksFreq
    system_stm32f4xx.o(i.SystemCoreClockUpdate) refers to system_stm32f4xx.o(.data) for .data
    system_stm32f4xx.o(i.SystemInit) refers to system_stm32f4xx.o(i.SetSysClock) for SetSysClock
    entry.o(.ARM.Collect$$$$00000000) refers (Special) to entry10a.o(.ARM.Collect$$$$0000000D) for __rt_final_cpp
    entry.o(.ARM.Collect$$$$00000000) refers (Special) to entry11a.o(.ARM.Collect$$$$0000000F) for __rt_final_exit
    entry.o(.ARM.Collect$$$$00000000) refers (Special) to entry7b.o(.ARM.Collect$$$$00000008) for _main_clock
    entry.o(.ARM.Collect$$$$00000000) refers (Special) to entry8b.o(.ARM.Collect$$$$0000000A) for _main_cpp_init
    entry.o(.ARM.Collect$$$$00000000) refers (Special) to entry9a.o(.ARM.Collect$$$$0000000B) for _main_init
    entry.o(.ARM.Collect$$$$00000000) refers (Special) to entry5.o(.ARM.Collect$$$$00000004) for _main_scatterload
    entry.o(.ARM.Collect$$$$00000000) refers (Special) to entry2.o(.ARM.Collect$$$$00000001) for _main_stk
    entry2.o(.ARM.Collect$$$$00000001) refers to entry2.o(.ARM.Collect$$$$00002712) for __lit__00000000
    entry2.o(.ARM.Collect$$$$00002712) refers to startup_stm32f40_41xxx.o(STACK) for __initial_sp
    entry2.o(__vectab_stack_and_reset_area) refers to startup_stm32f40_41xxx.o(STACK) for __initial_sp
    entry2.o(__vectab_stack_and_reset_area) refers to entry.o(.ARM.Collect$$$$00000000) for __main
    entry5.o(.ARM.Collect$$$$00000004) refers to init.o(.text) for __scatterload
    entry9a.o(.ARM.Collect$$$$0000000B) refers to main.o(i.main) for main
    entry9b.o(.ARM.Collect$$$$0000000C) refers to main.o(i.main) for main
    init.o(.text) refers to entry5.o(.ARM.Collect$$$$00000004) for __main_after_scatterload


==============================================================================

Removing Unused input sections from the image.

    Removing stm32f4xx_assert.o(.rev16_text), (4 bytes).
    Removing stm32f4xx_assert.o(.revsh_text), (4 bytes).
    Removing stm32f4xx_it.o(.rev16_text), (4 bytes).
    Removing stm32f4xx_it.o(.revsh_text), (4 bytes).
    Removing main.o(.rev16_text), (4 bytes).
    Removing main.o(.revsh_text), (4 bytes).
    Removing main.o(.data), (1 bytes).
    Removing main.o(.data), (1 bytes).
    Removing main.o(.data), (1 bytes).
    Removing main.o(.data), (2 bytes).
    Removing main.o(.data), (4 bytes).
    Removing keyboard.o(.rev16_text), (4 bytes).
    Removing keyboard.o(.revsh_text), (4 bytes).
    Removing keyboard.o(i.Key_Configuration), (36 bytes).
    Removing keyboard.o(i.Key_Operate), (76 bytes).
    Removing keyboard.o(i.Key_Scan), (16 bytes).
    Removing nvic.o(.rev16_text), (4 bytes).
    Removing nvic.o(.revsh_text), (4 bytes).
    Removing i2c.o(.rev16_text), (4 bytes).
    Removing i2c.o(.revsh_text), (4 bytes).
    Removing i2c.o(i.OLED_OFF), (24 bytes).
    Removing i2c.o(i.OLED_ON), (24 bytes).
    Removing i2c.o(i.OLED_ShowCN), (76 bytes).
    Removing i2c.o(i.OLED_ShowStr), (204 bytes).
    Removing timer.o(.rev16_text), (4 bytes).
    Removing timer.o(.revsh_text), (4 bytes).
    Removing timer.o(i.CloseTimer), (12 bytes).
    Removing sci.o(.rev16_text), (4 bytes).
    Removing sci.o(.revsh_text), (4 bytes).
    Removing sci.o(.data), (1 bytes).
    Removing sci.o(.data), (1 bytes).
    Removing sci.o(.data), (1 bytes).
    Removing bmp.o(.rev16_text), (4 bytes).
    Removing bmp.o(.revsh_text), (4 bytes).
    Removing bmp.o(.data), (1025 bytes).
    Removing bmp.o(.data), (1025 bytes).
    Removing chinese.o(.rev16_text), (4 bytes).
    Removing chinese.o(.revsh_text), (4 bytes).
    Removing chinese.o(.constdata), (552 bytes).
    Removing chinese.o(.constdata), (1520 bytes).
    Removing chinese.o(.data), (193 bytes).
    Removing startup_stm32f40_41xxx.o(HEAP), (512 bytes).
    Removing stm32f4xx_crc.o(.rev16_text), (4 bytes).
    Removing stm32f4xx_crc.o(.revsh_text), (4 bytes).
    Removing stm32f4xx_crc.o(i.CRC_CalcBlockCRC), (28 bytes).
    Removing stm32f4xx_crc.o(i.CRC_CalcCRC), (12 bytes).
    Removing stm32f4xx_crc.o(i.CRC_GetCRC), (12 bytes).
    Removing stm32f4xx_crc.o(i.CRC_GetIDRegister), (12 bytes).
    Removing stm32f4xx_crc.o(i.CRC_ResetDR), (12 bytes).
    Removing stm32f4xx_crc.o(i.CRC_SetIDRegister), (12 bytes).
    Removing stm32f4xx_gpio.o(.rev16_text), (4 bytes).
    Removing stm32f4xx_gpio.o(.revsh_text), (4 bytes).
    Removing stm32f4xx_gpio.o(i.GPIO_DeInit), (340 bytes).
    Removing stm32f4xx_gpio.o(i.GPIO_PinLockConfig), (26 bytes).
    Removing stm32f4xx_gpio.o(i.GPIO_ReadInputData), (6 bytes).
    Removing stm32f4xx_gpio.o(i.GPIO_ReadInputDataBit), (14 bytes).
    Removing stm32f4xx_gpio.o(i.GPIO_ReadOutputData), (6 bytes).
    Removing stm32f4xx_gpio.o(i.GPIO_ReadOutputDataBit), (14 bytes).
    Removing stm32f4xx_gpio.o(i.GPIO_ResetBits), (4 bytes).
    Removing stm32f4xx_gpio.o(i.GPIO_SetBits), (4 bytes).
    Removing stm32f4xx_gpio.o(i.GPIO_StructInit), (18 bytes).
    Removing stm32f4xx_gpio.o(i.GPIO_ToggleBits), (8 bytes).
    Removing stm32f4xx_gpio.o(i.GPIO_Write), (4 bytes).
    Removing stm32f4xx_gpio.o(i.GPIO_WriteBit), (12 bytes).
    Removing stm32f4xx_rcc.o(.rev16_text), (4 bytes).
    Removing stm32f4xx_rcc.o(.revsh_text), (4 bytes).
    Removing stm32f4xx_rcc.o(i.RCC_AHB1PeriphClockLPModeCmd), (28 bytes).
    Removing stm32f4xx_rcc.o(i.RCC_AHB1PeriphResetCmd), (28 bytes).
    Removing stm32f4xx_rcc.o(i.RCC_AHB2PeriphClockCmd), (28 bytes).
    Removing stm32f4xx_rcc.o(i.RCC_AHB2PeriphClockLPModeCmd), (28 bytes).
    Removing stm32f4xx_rcc.o(i.RCC_AHB2PeriphResetCmd), (28 bytes).
    Removing stm32f4xx_rcc.o(i.RCC_AHB3PeriphClockCmd), (28 bytes).
    Removing stm32f4xx_rcc.o(i.RCC_AHB3PeriphClockLPModeCmd), (28 bytes).
    Removing stm32f4xx_rcc.o(i.RCC_AHB3PeriphResetCmd), (28 bytes).
    Removing stm32f4xx_rcc.o(i.RCC_APB1PeriphClockLPModeCmd), (28 bytes).
    Removing stm32f4xx_rcc.o(i.RCC_APB2PeriphClockLPModeCmd), (28 bytes).
    Removing stm32f4xx_rcc.o(i.RCC_AdjustHSICalibrationValue), (20 bytes).
    Removing stm32f4xx_rcc.o(i.RCC_BackupResetCmd), (12 bytes).
    Removing stm32f4xx_rcc.o(i.RCC_ClearFlag), (16 bytes).
    Removing stm32f4xx_rcc.o(i.RCC_ClearITPendingBit), (12 bytes).
    Removing stm32f4xx_rcc.o(i.RCC_ClockSecuritySystemCmd), (12 bytes).
    Removing stm32f4xx_rcc.o(i.RCC_DeInit), (84 bytes).
    Removing stm32f4xx_rcc.o(i.RCC_GetFlagStatus), (56 bytes).
    Removing stm32f4xx_rcc.o(i.RCC_GetITStatus), (20 bytes).
    Removing stm32f4xx_rcc.o(i.RCC_GetSYSCLKSource), (16 bytes).
    Removing stm32f4xx_rcc.o(i.RCC_HCLKConfig), (20 bytes).
    Removing stm32f4xx_rcc.o(i.RCC_HSEConfig), (16 bytes).
    Removing stm32f4xx_rcc.o(i.RCC_HSICmd), (12 bytes).
    Removing stm32f4xx_rcc.o(i.RCC_I2SCLKConfig), (12 bytes).
    Removing stm32f4xx_rcc.o(i.RCC_ITConfig), (28 bytes).
    Removing stm32f4xx_rcc.o(i.RCC_LSEConfig), (32 bytes).
    Removing stm32f4xx_rcc.o(i.RCC_LSICmd), (12 bytes).
    Removing stm32f4xx_rcc.o(i.RCC_LTDCCLKDivConfig), (20 bytes).
    Removing stm32f4xx_rcc.o(i.RCC_MCO1Config), (20 bytes).
    Removing stm32f4xx_rcc.o(i.RCC_MCO2Config), (20 bytes).
    Removing stm32f4xx_rcc.o(i.RCC_PCLK1Config), (20 bytes).
    Removing stm32f4xx_rcc.o(i.RCC_PCLK2Config), (20 bytes).
    Removing stm32f4xx_rcc.o(i.RCC_PLLCmd), (12 bytes).
    Removing stm32f4xx_rcc.o(i.RCC_PLLConfig), (36 bytes).
    Removing stm32f4xx_rcc.o(i.RCC_PLLI2SCmd), (12 bytes).
    Removing stm32f4xx_rcc.o(i.RCC_PLLI2SConfig), (16 bytes).
    Removing stm32f4xx_rcc.o(i.RCC_PLLSAICmd), (12 bytes).
    Removing stm32f4xx_rcc.o(i.RCC_PLLSAIConfig), (20 bytes).
    Removing stm32f4xx_rcc.o(i.RCC_RTCCLKCmd), (12 bytes).
    Removing stm32f4xx_rcc.o(i.RCC_RTCCLKConfig), (48 bytes).
    Removing stm32f4xx_rcc.o(i.RCC_SAIBlockACLKConfig), (20 bytes).
    Removing stm32f4xx_rcc.o(i.RCC_SAIBlockBCLKConfig), (20 bytes).
    Removing stm32f4xx_rcc.o(i.RCC_SAIPLLI2SClkDivConfig), (20 bytes).
    Removing stm32f4xx_rcc.o(i.RCC_SAIPLLSAIClkDivConfig), (24 bytes).
    Removing stm32f4xx_rcc.o(i.RCC_SYSCLKConfig), (20 bytes).
    Removing stm32f4xx_rcc.o(i.RCC_TIMCLKPresConfig), (12 bytes).
    Removing stm32f4xx_rcc.o(i.RCC_WaitForHSEStartUp), (48 bytes).
    Removing stm32f4xx_syscfg.o(.rev16_text), (4 bytes).
    Removing stm32f4xx_syscfg.o(.revsh_text), (4 bytes).
    Removing stm32f4xx_syscfg.o(i.SYSCFG_CompensationCellCmd), (12 bytes).
    Removing stm32f4xx_syscfg.o(i.SYSCFG_DeInit), (24 bytes).
    Removing stm32f4xx_syscfg.o(i.SYSCFG_ETH_MediaInterfaceConfig), (12 bytes).
    Removing stm32f4xx_syscfg.o(i.SYSCFG_EXTILineConfig), (44 bytes).
    Removing stm32f4xx_syscfg.o(i.SYSCFG_GetCompensationCellStatus), (20 bytes).
    Removing stm32f4xx_syscfg.o(i.SYSCFG_MemoryRemapConfig), (12 bytes).
    Removing stm32f4xx_syscfg.o(i.SYSCFG_MemorySwappingBank), (12 bytes).
    Removing misc.o(.rev16_text), (4 bytes).
    Removing misc.o(.revsh_text), (4 bytes).
    Removing misc.o(i.NVIC_SystemLPConfig), (28 bytes).
    Removing misc.o(i.SysTick_CLKSourceConfig), (28 bytes).
    Removing stm32f4xx_usart.o(.rev16_text), (4 bytes).
    Removing stm32f4xx_usart.o(.revsh_text), (4 bytes).
    Removing stm32f4xx_usart.o(i.USART_ClearFlag), (8 bytes).
    Removing stm32f4xx_usart.o(i.USART_DMACmd), (20 bytes).
    Removing stm32f4xx_usart.o(i.USART_GetFlagStatus), (14 bytes).
    Removing stm32f4xx_usart.o(i.USART_HalfDuplexCmd), (24 bytes).
    Removing stm32f4xx_usart.o(i.USART_IrDACmd), (24 bytes).
    Removing stm32f4xx_usart.o(i.USART_IrDAConfig), (16 bytes).
    Removing stm32f4xx_usart.o(i.USART_LINBreakDetectLengthConfig), (16 bytes).
    Removing stm32f4xx_usart.o(i.USART_LINCmd), (24 bytes).
    Removing stm32f4xx_usart.o(i.USART_OneBitMethodCmd), (24 bytes).
    Removing stm32f4xx_usart.o(i.USART_OverSampling8Cmd), (24 bytes).
    Removing stm32f4xx_usart.o(i.USART_ReceiveData), (8 bytes).
    Removing stm32f4xx_usart.o(i.USART_ReceiverWakeUpCmd), (24 bytes).
    Removing stm32f4xx_usart.o(i.USART_SendBreak), (10 bytes).
    Removing stm32f4xx_usart.o(i.USART_SendData), (8 bytes).
    Removing stm32f4xx_usart.o(i.USART_SetAddress), (16 bytes).
    Removing stm32f4xx_usart.o(i.USART_SetGuardTime), (16 bytes).
    Removing stm32f4xx_usart.o(i.USART_SetPrescaler), (16 bytes).
    Removing stm32f4xx_usart.o(i.USART_SmartCardCmd), (24 bytes).
    Removing stm32f4xx_usart.o(i.USART_SmartCardNACKCmd), (24 bytes).
    Removing stm32f4xx_usart.o(i.USART_WakeUpConfig), (16 bytes).
    Removing stm32f4xx_tim.o(.rev16_text), (4 bytes).
    Removing stm32f4xx_tim.o(.revsh_text), (4 bytes).
    Removing stm32f4xx_tim.o(i.TI1_Config), (46 bytes).
    Removing stm32f4xx_tim.o(i.TI2_Config), (54 bytes).
    Removing stm32f4xx_tim.o(i.TI3_Config), (50 bytes).
    Removing stm32f4xx_tim.o(i.TI4_Config), (54 bytes).
    Removing stm32f4xx_tim.o(i.TIM_ARRPreloadConfig), (24 bytes).
    Removing stm32f4xx_tim.o(i.TIM_BDTRConfig), (34 bytes).
    Removing stm32f4xx_tim.o(i.TIM_BDTRStructInit), (18 bytes).
    Removing stm32f4xx_tim.o(i.TIM_CCPreloadControl), (24 bytes).
    Removing stm32f4xx_tim.o(i.TIM_CCxCmd), (22 bytes).
    Removing stm32f4xx_tim.o(i.TIM_CCxNCmd), (22 bytes).
    Removing stm32f4xx_tim.o(i.TIM_ClearOC1Ref), (12 bytes).
    Removing stm32f4xx_tim.o(i.TIM_ClearOC2Ref), (20 bytes).
    Removing stm32f4xx_tim.o(i.TIM_ClearOC3Ref), (12 bytes).
    Removing stm32f4xx_tim.o(i.TIM_ClearOC4Ref), (20 bytes).
    Removing stm32f4xx_tim.o(i.TIM_CounterModeConfig), (12 bytes).
    Removing stm32f4xx_tim.o(i.TIM_CtrlPWMOutputs), (28 bytes).
    Removing stm32f4xx_tim.o(i.TIM_DMACmd), (20 bytes).
    Removing stm32f4xx_tim.o(i.TIM_DMAConfig), (8 bytes).
    Removing stm32f4xx_tim.o(i.TIM_ETRClockMode1Config), (32 bytes).
    Removing stm32f4xx_tim.o(i.TIM_ETRClockMode2Config), (20 bytes).
    Removing stm32f4xx_tim.o(i.TIM_ETRConfig), (24 bytes).
    Removing stm32f4xx_tim.o(i.TIM_EncoderInterfaceConfig), (50 bytes).
    Removing stm32f4xx_tim.o(i.TIM_ForcedOC1Config), (12 bytes).
    Removing stm32f4xx_tim.o(i.TIM_ForcedOC2Config), (20 bytes).
    Removing stm32f4xx_tim.o(i.TIM_ForcedOC3Config), (12 bytes).
    Removing stm32f4xx_tim.o(i.TIM_ForcedOC4Config), (20 bytes).
    Removing stm32f4xx_tim.o(i.TIM_GenerateEvent), (4 bytes).
    Removing stm32f4xx_tim.o(i.TIM_GetCapture1), (4 bytes).
    Removing stm32f4xx_tim.o(i.TIM_GetCapture2), (4 bytes).
    Removing stm32f4xx_tim.o(i.TIM_GetCapture3), (4 bytes).
    Removing stm32f4xx_tim.o(i.TIM_GetCapture4), (4 bytes).
    Removing stm32f4xx_tim.o(i.TIM_GetCounter), (4 bytes).
    Removing stm32f4xx_tim.o(i.TIM_GetFlagStatus), (14 bytes).
    Removing stm32f4xx_tim.o(i.TIM_GetITStatus), (24 bytes).
    Removing stm32f4xx_tim.o(i.TIM_GetPrescaler), (4 bytes).
    Removing stm32f4xx_tim.o(i.TIM_ICInit), (98 bytes).
    Removing stm32f4xx_tim.o(i.TIM_ICStructInit), (16 bytes).
    Removing stm32f4xx_tim.o(i.TIM_ITRxExternalClockConfig), (20 bytes).
    Removing stm32f4xx_tim.o(i.TIM_InternalClockConfig), (10 bytes).
    Removing stm32f4xx_tim.o(i.TIM_OC1FastConfig), (12 bytes).
    Removing stm32f4xx_tim.o(i.TIM_OC1Init), (104 bytes).
    Removing stm32f4xx_tim.o(i.TIM_OC1NPolarityConfig), (12 bytes).
    Removing stm32f4xx_tim.o(i.TIM_OC1PolarityConfig), (12 bytes).
    Removing stm32f4xx_tim.o(i.TIM_OC1PreloadConfig), (12 bytes).
    Removing stm32f4xx_tim.o(i.TIM_OC2FastConfig), (20 bytes).
    Removing stm32f4xx_tim.o(i.TIM_OC2Init), (136 bytes).
    Removing stm32f4xx_tim.o(i.TIM_OC2NPolarityConfig), (20 bytes).
    Removing stm32f4xx_tim.o(i.TIM_OC2PolarityConfig), (20 bytes).
    Removing stm32f4xx_tim.o(i.TIM_OC2PreloadConfig), (20 bytes).
    Removing stm32f4xx_tim.o(i.TIM_OC3FastConfig), (12 bytes).
    Removing stm32f4xx_tim.o(i.TIM_OC3Init), (132 bytes).
    Removing stm32f4xx_tim.o(i.TIM_OC3NPolarityConfig), (20 bytes).
    Removing stm32f4xx_tim.o(i.TIM_OC3PolarityConfig), (20 bytes).
    Removing stm32f4xx_tim.o(i.TIM_OC3PreloadConfig), (12 bytes).
    Removing stm32f4xx_tim.o(i.TIM_OC4FastConfig), (20 bytes).
    Removing stm32f4xx_tim.o(i.TIM_OC4Init), (100 bytes).
    Removing stm32f4xx_tim.o(i.TIM_OC4PolarityConfig), (20 bytes).
    Removing stm32f4xx_tim.o(i.TIM_OC4PreloadConfig), (20 bytes).
    Removing stm32f4xx_tim.o(i.TIM_OCStructInit), (20 bytes).
    Removing stm32f4xx_tim.o(i.TIM_PWMIConfig), (110 bytes).
    Removing stm32f4xx_tim.o(i.TIM_PrescalerConfig), (6 bytes).
    Removing stm32f4xx_tim.o(i.TIM_RemapConfig), (6 bytes).
    Removing stm32f4xx_tim.o(i.TIM_SelectCCDMA), (24 bytes).
    Removing stm32f4xx_tim.o(i.TIM_SelectCOM), (24 bytes).
    Removing stm32f4xx_tim.o(i.TIM_SelectHallSensor), (24 bytes).
    Removing stm32f4xx_tim.o(i.TIM_SelectInputTrigger), (12 bytes).
    Removing stm32f4xx_tim.o(i.TIM_SelectMasterSlaveMode), (16 bytes).
    Removing stm32f4xx_tim.o(i.TIM_SelectOCxM), (80 bytes).
    Removing stm32f4xx_tim.o(i.TIM_SelectOnePulseMode), (16 bytes).
    Removing stm32f4xx_tim.o(i.TIM_SelectOutputTrigger), (16 bytes).
    Removing stm32f4xx_tim.o(i.TIM_SelectSlaveMode), (16 bytes).
    Removing stm32f4xx_tim.o(i.TIM_SetAutoreload), (4 bytes).
    Removing stm32f4xx_tim.o(i.TIM_SetClockDivision), (16 bytes).
    Removing stm32f4xx_tim.o(i.TIM_SetCompare1), (4 bytes).
    Removing stm32f4xx_tim.o(i.TIM_SetCompare2), (4 bytes).
    Removing stm32f4xx_tim.o(i.TIM_SetCompare3), (4 bytes).
    Removing stm32f4xx_tim.o(i.TIM_SetCompare4), (4 bytes).
    Removing stm32f4xx_tim.o(i.TIM_SetCounter), (4 bytes).
    Removing stm32f4xx_tim.o(i.TIM_SetIC1Prescaler), (16 bytes).
    Removing stm32f4xx_tim.o(i.TIM_SetIC2Prescaler), (24 bytes).
    Removing stm32f4xx_tim.o(i.TIM_SetIC3Prescaler), (16 bytes).
    Removing stm32f4xx_tim.o(i.TIM_SetIC4Prescaler), (24 bytes).
    Removing stm32f4xx_tim.o(i.TIM_TIxExternalClockConfig), (48 bytes).
    Removing stm32f4xx_tim.o(i.TIM_TimeBaseStructInit), (18 bytes).
    Removing stm32f4xx_tim.o(i.TIM_UpdateDisableConfig), (24 bytes).
    Removing stm32f4xx_tim.o(i.TIM_UpdateRequestConfig), (24 bytes).
    Removing stm32f4xx_i2c.o(.rev16_text), (4 bytes).
    Removing stm32f4xx_i2c.o(.revsh_text), (4 bytes).
    Removing stm32f4xx_i2c.o(i.I2C_ARPCmd), (24 bytes).
    Removing stm32f4xx_i2c.o(i.I2C_AcknowledgeConfig), (24 bytes).
    Removing stm32f4xx_i2c.o(i.I2C_AnalogFilterCmd), (24 bytes).
    Removing stm32f4xx_i2c.o(i.I2C_CalculatePEC), (24 bytes).
    Removing stm32f4xx_i2c.o(i.I2C_ClearFlag), (6 bytes).
    Removing stm32f4xx_i2c.o(i.I2C_ClearITPendingBit), (6 bytes).
    Removing stm32f4xx_i2c.o(i.I2C_DMACmd), (24 bytes).
    Removing stm32f4xx_i2c.o(i.I2C_DMALastTransferCmd), (24 bytes).
    Removing stm32f4xx_i2c.o(i.I2C_DeInit), (100 bytes).
    Removing stm32f4xx_i2c.o(i.I2C_DigitalFilterConfig), (16 bytes).
    Removing stm32f4xx_i2c.o(i.I2C_DualAddressCmd), (24 bytes).
    Removing stm32f4xx_i2c.o(i.I2C_FastModeDutyCycleConfig), (26 bytes).
    Removing stm32f4xx_i2c.o(i.I2C_GeneralCallCmd), (24 bytes).
    Removing stm32f4xx_i2c.o(i.I2C_GetITStatus), (34 bytes).
    Removing stm32f4xx_i2c.o(i.I2C_GetLastEvent), (14 bytes).
    Removing stm32f4xx_i2c.o(i.I2C_GetPEC), (6 bytes).
    Removing stm32f4xx_i2c.o(i.I2C_ITConfig), (20 bytes).
    Removing stm32f4xx_i2c.o(i.I2C_NACKPositionConfig), (26 bytes).
    Removing stm32f4xx_i2c.o(i.I2C_OwnAddress2Config), (16 bytes).
    Removing stm32f4xx_i2c.o(i.I2C_PECPositionConfig), (26 bytes).
    Removing stm32f4xx_i2c.o(i.I2C_ReadRegister), (16 bytes).
    Removing stm32f4xx_i2c.o(i.I2C_ReceiveData), (6 bytes).
    Removing stm32f4xx_i2c.o(i.I2C_SMBusAlertConfig), (26 bytes).
    Removing stm32f4xx_i2c.o(i.I2C_SoftwareResetCmd), (24 bytes).
    Removing stm32f4xx_i2c.o(i.I2C_StretchClockCmd), (24 bytes).
    Removing stm32f4xx_i2c.o(i.I2C_StructInit), (28 bytes).
    Removing stm32f4xx_i2c.o(i.I2C_TransmitPEC), (24 bytes).
    Removing system_stm32f4xx.o(.rev16_text), (4 bytes).
    Removing system_stm32f4xx.o(.revsh_text), (4 bytes).
    Removing system_stm32f4xx.o(i.SystemCoreClockUpdate), (136 bytes).
    Removing system_stm32f4xx.o(.data), (20 bytes).

268 unused section(s) (total 10643 bytes) removed from the image.

==============================================================================

Image Symbol Table

    Local Symbols

    Symbol Name                              Value     Ov Type        Size  Object(Section)

    ../clib/../cmprslib/zerorunl2.c          0x00000000   Number         0  __dczerorl2.o ABSOLUTE
    ../clib/microlib/init/entry.s            0x00000000   Number         0  entry11b.o ABSOLUTE
    ../clib/microlib/init/entry.s            0x00000000   Number         0  entry10a.o ABSOLUTE
    ../clib/microlib/init/entry.s            0x00000000   Number         0  entry9b.o ABSOLUTE
    ../clib/microlib/init/entry.s            0x00000000   Number         0  entry2.o ABSOLUTE
    ../clib/microlib/init/entry.s            0x00000000   Number         0  entry9a.o ABSOLUTE
    ../clib/microlib/init/entry.s            0x00000000   Number         0  entry5.o ABSOLUTE
    ../clib/microlib/init/entry.s            0x00000000   Number         0  entry8b.o ABSOLUTE
    ../clib/microlib/init/entry.s            0x00000000   Number         0  entry7a.o ABSOLUTE
    ../clib/microlib/init/entry.s            0x00000000   Number         0  entry11a.o ABSOLUTE
    ../clib/microlib/init/entry.s            0x00000000   Number         0  entry8a.o ABSOLUTE
    ../clib/microlib/init/entry.s            0x00000000   Number         0  entry10b.o ABSOLUTE
    ../clib/microlib/init/entry.s            0x00000000   Number         0  entry.o ABSOLUTE
    ../clib/microlib/init/entry.s            0x00000000   Number         0  entry7b.o ABSOLUTE
    ..\..\Libraries\CMSIS\Device\ST\STM32F4xx\Source\Templates\arm\startup_stm32f40_41xxx.s 0x00000000   Number         0  startup_stm32f40_41xxx.o ABSOLUTE
    ..\..\Libraries\STM32F4xx_StdPeriph_Driver\src\misc.c 0x00000000   Number         0  misc.o ABSOLUTE
    ..\..\Libraries\STM32F4xx_StdPeriph_Driver\src\stm32f4xx_crc.c 0x00000000   Number         0  stm32f4xx_crc.o ABSOLUTE
    ..\..\Libraries\STM32F4xx_StdPeriph_Driver\src\stm32f4xx_gpio.c 0x00000000   Number         0  stm32f4xx_gpio.o ABSOLUTE
    ..\..\Libraries\STM32F4xx_StdPeriph_Driver\src\stm32f4xx_i2c.c 0x00000000   Number         0  stm32f4xx_i2c.o ABSOLUTE
    ..\..\Libraries\STM32F4xx_StdPeriph_Driver\src\stm32f4xx_rcc.c 0x00000000   Number         0  stm32f4xx_rcc.o ABSOLUTE
    ..\..\Libraries\STM32F4xx_StdPeriph_Driver\src\stm32f4xx_syscfg.c 0x00000000   Number         0  stm32f4xx_syscfg.o ABSOLUTE
    ..\..\Libraries\STM32F4xx_StdPeriph_Driver\src\stm32f4xx_tim.c 0x00000000   Number         0  stm32f4xx_tim.o ABSOLUTE
    ..\..\Libraries\STM32F4xx_StdPeriph_Driver\src\stm32f4xx_usart.c 0x00000000   Number         0  stm32f4xx_usart.o ABSOLUTE
    ..\User\BMP.c                            0x00000000   Number         0  bmp.o ABSOLUTE
    ..\User\CHINESE.c                        0x00000000   Number         0  chinese.o ABSOLUTE
    ..\User\I2C.c                            0x00000000   Number         0  i2c.o ABSOLUTE
    ..\User\Keyboard.c                       0x00000000   Number         0  keyboard.o ABSOLUTE
    ..\User\NVIC.C                           0x00000000   Number         0  nvic.o ABSOLUTE
    ..\User\SCI.c                            0x00000000   Number         0  sci.o ABSOLUTE
    ..\User\main.c                           0x00000000   Number         0  main.o ABSOLUTE
    ..\User\stm32f4xx_assert.c               0x00000000   Number         0  stm32f4xx_assert.o ABSOLUTE
    ..\User\stm32f4xx_it.c                   0x00000000   Number         0  stm32f4xx_it.o ABSOLUTE
    ..\User\system_stm32f4xx.c               0x00000000   Number         0  system_stm32f4xx.o ABSOLUTE
    ..\User\timer.c                          0x00000000   Number         0  timer.o ABSOLUTE
    ..\\..\\Libraries\\STM32F4xx_StdPeriph_Driver\\src\\misc.c 0x00000000   Number         0  misc.o ABSOLUTE
    ..\\..\\Libraries\\STM32F4xx_StdPeriph_Driver\\src\\stm32f4xx_crc.c 0x00000000   Number         0  stm32f4xx_crc.o ABSOLUTE
    ..\\..\\Libraries\\STM32F4xx_StdPeriph_Driver\\src\\stm32f4xx_gpio.c 0x00000000   Number         0  stm32f4xx_gpio.o ABSOLUTE
    ..\\..\\Libraries\\STM32F4xx_StdPeriph_Driver\\src\\stm32f4xx_i2c.c 0x00000000   Number         0  stm32f4xx_i2c.o ABSOLUTE
    ..\\..\\Libraries\\STM32F4xx_StdPeriph_Driver\\src\\stm32f4xx_rcc.c 0x00000000   Number         0  stm32f4xx_rcc.o ABSOLUTE
    ..\\..\\Libraries\\STM32F4xx_StdPeriph_Driver\\src\\stm32f4xx_syscfg.c 0x00000000   Number         0  stm32f4xx_syscfg.o ABSOLUTE
    ..\\..\\Libraries\\STM32F4xx_StdPeriph_Driver\\src\\stm32f4xx_tim.c 0x00000000   Number         0  stm32f4xx_tim.o ABSOLUTE
    ..\\..\\Libraries\\STM32F4xx_StdPeriph_Driver\\src\\stm32f4xx_usart.c 0x00000000   Number         0  stm32f4xx_usart.o ABSOLUTE
    ..\\User\\BMP.c                          0x00000000   Number         0  bmp.o ABSOLUTE
    ..\\User\\CHINESE.c                      0x00000000   Number         0  chinese.o ABSOLUTE
    ..\\User\\I2C.c                          0x00000000   Number         0  i2c.o ABSOLUTE
    ..\\User\\Keyboard.c                     0x00000000   Number         0  keyboard.o ABSOLUTE
    ..\\User\\NVIC.C                         0x00000000   Number         0  nvic.o ABSOLUTE
    ..\\User\\SCI.c                          0x00000000   Number         0  sci.o ABSOLUTE
    ..\\User\\main.c                         0x00000000   Number         0  main.o ABSOLUTE
    ..\\User\\stm32f4xx_assert.c             0x00000000   Number         0  stm32f4xx_assert.o ABSOLUTE
    ..\\User\\stm32f4xx_it.c                 0x00000000   Number         0  stm32f4xx_it.o ABSOLUTE
    ..\\User\\system_stm32f4xx.c             0x00000000   Number         0  system_stm32f4xx.o ABSOLUTE
    ..\\User\\timer.c                        0x00000000   Number         0  timer.o ABSOLUTE
    dc.s                                     0x00000000   Number         0  dc.o ABSOLUTE
    handlers.s                               0x00000000   Number         0  handlers.o ABSOLUTE
    init.s                                   0x00000000   Number         0  init.o ABSOLUTE
    RESET                                    0x08000000   Section      392  startup_stm32f40_41xxx.o(RESET)
    .ARM.Collect$$$$00000000                 0x08000188   Section        0  entry.o(.ARM.Collect$$$$00000000)
    .ARM.Collect$$$$00000001                 0x08000188   Section        4  entry2.o(.ARM.Collect$$$$00000001)
    .ARM.Collect$$$$00000004                 0x0800018c   Section        4  entry5.o(.ARM.Collect$$$$00000004)
    .ARM.Collect$$$$00000008                 0x08000190   Section        0  entry7b.o(.ARM.Collect$$$$00000008)
    .ARM.Collect$$$$0000000A                 0x08000190   Section        0  entry8b.o(.ARM.Collect$$$$0000000A)
    .ARM.Collect$$$$0000000B                 0x08000190   Section        8  entry9a.o(.ARM.Collect$$$$0000000B)
    .ARM.Collect$$$$0000000D                 0x08000198   Section        0  entry10a.o(.ARM.Collect$$$$0000000D)
    .ARM.Collect$$$$0000000F                 0x08000198   Section        0  entry11a.o(.ARM.Collect$$$$0000000F)
    .ARM.Collect$$$$00002712                 0x08000198   Section        4  entry2.o(.ARM.Collect$$$$00002712)
    __lit__00000000                          0x08000198   Data           4  entry2.o(.ARM.Collect$$$$00002712)
    .text                                    0x0800019c   Section       36  startup_stm32f40_41xxx.o(.text)
    $v0                                      0x0800019c   Number         0  startup_stm32f40_41xxx.o(.text)
    .text                                    0x080001c0   Section       36  init.o(.text)
    .text                                    0x080001e4   Section        0  __dczerorl2.o(.text)
    i.BusFault_Handler                       0x0800023a   Section        0  stm32f4xx_it.o(i.BusFault_Handler)
    i.CheckFrameSum                          0x0800023c   Section        0  sci.o(i.CheckFrameSum)
    i.CheckRcvFrame                          0x08000288   Section        0  main.o(i.CheckRcvFrame)
    i.DebugMon_Handler                       0x080002e4   Section        0  stm32f4xx_it.o(i.DebugMon_Handler)
    i.DelayMs                                0x080002e6   Section        0  i2c.o(i.DelayMs)
    i.GPIO_Init                              0x080002fe   Section        0  stm32f4xx_gpio.o(i.GPIO_Init)
    i.GPIO_PinAFConfig                       0x0800037a   Section        0  stm32f4xx_gpio.o(i.GPIO_PinAFConfig)
    i.HardFault_Handler                      0x0800039a   Section        0  stm32f4xx_it.o(i.HardFault_Handler)
    i.I2C_CheckEvent                         0x0800039c   Section        0  stm32f4xx_i2c.o(i.I2C_CheckEvent)
    i.I2C_Cmd                                0x080003b4   Section        0  stm32f4xx_i2c.o(i.I2C_Cmd)
    i.I2C_Configuration                      0x080003cc   Section        0  i2c.o(i.I2C_Configuration)
    i.I2C_GenerateSTART                      0x0800045c   Section        0  stm32f4xx_i2c.o(i.I2C_GenerateSTART)
    i.I2C_GenerateSTOP                       0x08000474   Section        0  stm32f4xx_i2c.o(i.I2C_GenerateSTOP)
    i.I2C_GetFlagStatus                      0x0800048c   Section        0  stm32f4xx_i2c.o(i.I2C_GetFlagStatus)
    i.I2C_Init                               0x080004c0   Section        0  stm32f4xx_i2c.o(i.I2C_Init)
    i.I2C_Send7bitAddress                    0x0800057c   Section        0  stm32f4xx_i2c.o(i.I2C_Send7bitAddress)
    i.I2C_SendData                           0x0800058e   Section        0  stm32f4xx_i2c.o(i.I2C_SendData)
    i.I2C_WriteByte                          0x08000594   Section        0  i2c.o(i.I2C_WriteByte)
    i.InitiateTimer                          0x08000620   Section        0  timer.o(i.InitiateTimer)
    i.MemManage_Handler                      0x08000668   Section        0  stm32f4xx_it.o(i.MemManage_Handler)
    i.NMI_Handler                            0x0800066a   Section        0  stm32f4xx_it.o(i.NMI_Handler)
    i.NVIC_Configuration                     0x0800066c   Section        0  nvic.o(i.NVIC_Configuration)
    i.NVIC_Init                              0x080006c0   Section        0  misc.o(i.NVIC_Init)
    i.NVIC_PriorityGroupConfig               0x08000728   Section        0  misc.o(i.NVIC_PriorityGroupConfig)
    i.NVIC_SetVectorTable                    0x0800073c   Section        0  misc.o(i.NVIC_SetVectorTable)
    i.OLED_CLS                               0x08000750   Section        0  i2c.o(i.OLED_CLS)
    i.OLED_DrawBMP                           0x08000756   Section        0  i2c.o(i.OLED_DrawBMP)
    i.OLED_Fill                              0x08000798   Section        0  i2c.o(i.OLED_Fill)
    i.OLED_Init                              0x080007ce   Section        0  i2c.o(i.OLED_Init)
    i.OLED_SetPos                            0x08000882   Section        0  i2c.o(i.OLED_SetPos)
    i.PendSV_Handler                         0x080008a8   Section        0  stm32f4xx_it.o(i.PendSV_Handler)
    i.RCC_AHB1PeriphClockCmd                 0x080008ac   Section        0  stm32f4xx_rcc.o(i.RCC_AHB1PeriphClockCmd)
    i.RCC_APB1PeriphClockCmd                 0x080008c8   Section        0  stm32f4xx_rcc.o(i.RCC_APB1PeriphClockCmd)
    i.RCC_APB1PeriphResetCmd                 0x080008e4   Section        0  stm32f4xx_rcc.o(i.RCC_APB1PeriphResetCmd)
    i.RCC_APB2PeriphClockCmd                 0x08000900   Section        0  stm32f4xx_rcc.o(i.RCC_APB2PeriphClockCmd)
    i.RCC_APB2PeriphResetCmd                 0x0800091c   Section        0  stm32f4xx_rcc.o(i.RCC_APB2PeriphResetCmd)
    i.RCC_GetClocksFreq                      0x08000938   Section        0  stm32f4xx_rcc.o(i.RCC_GetClocksFreq)
    i.RS232_Send_Data                        0x080009dc   Section        0  sci.o(i.RS232_Send_Data)
    i.ResetTimer                             0x08000a00   Section        0  timer.o(i.ResetTimer)
    i.SVC_Handler                            0x08000a18   Section        0  stm32f4xx_it.o(i.SVC_Handler)
    i.SendFrame                              0x08000a1c   Section        0  main.o(i.SendFrame)
    i.SetAckFrame                            0x08000a84   Section        0  main.o(i.SetAckFrame)
    i.SetSysClock                            0x08000aac   Section        0  system_stm32f4xx.o(i.SetSysClock)
    SetSysClock                              0x08000aad   Thumb Code   168  system_stm32f4xx.o(i.SetSysClock)
    i.SystemInit                             0x08000b64   Section        0  system_stm32f4xx.o(i.SystemInit)
    i.TIM3_IRQHandler                        0x08000bc0   Section        0  timer.o(i.TIM3_IRQHandler)
    i.TIM_ClearFlag                          0x08000bd8   Section        0  stm32f4xx_tim.o(i.TIM_ClearFlag)
    i.TIM_ClearITPendingBit                  0x08000bde   Section        0  stm32f4xx_tim.o(i.TIM_ClearITPendingBit)
    i.TIM_Cmd                                0x08000be4   Section        0  stm32f4xx_tim.o(i.TIM_Cmd)
    i.TIM_DeInit                             0x08000bfc   Section        0  stm32f4xx_tim.o(i.TIM_DeInit)
    i.TIM_ITConfig                           0x08000da8   Section        0  stm32f4xx_tim.o(i.TIM_ITConfig)
    i.TIM_TimeBaseInit                       0x08000dbc   Section        0  stm32f4xx_tim.o(i.TIM_TimeBaseInit)
    i.USART1_IRQHandler                      0x08000e38   Section        0  sci.o(i.USART1_IRQHandler)
    i.USART_232_Configuration                0x08000f18   Section        0  sci.o(i.USART_232_Configuration)
    i.USART_ClearITPendingBit                0x08000fe8   Section        0  stm32f4xx_usart.o(i.USART_ClearITPendingBit)
    i.USART_ClockInit                        0x08000ff8   Section        0  stm32f4xx_usart.o(i.USART_ClockInit)
    i.USART_ClockStructInit                  0x08001014   Section        0  stm32f4xx_usart.o(i.USART_ClockStructInit)
    i.USART_Cmd                              0x08001020   Section        0  stm32f4xx_usart.o(i.USART_Cmd)
    i.USART_DeInit                           0x08001038   Section        0  stm32f4xx_usart.o(i.USART_DeInit)
    i.USART_GetITStatus                      0x08001138   Section        0  stm32f4xx_usart.o(i.USART_GetITStatus)
    i.USART_ITConfig                         0x08001178   Section        0  stm32f4xx_usart.o(i.USART_ITConfig)
    i.USART_Init                             0x080011b0   Section        0  stm32f4xx_usart.o(i.USART_Init)
    i.USART_StructInit                       0x0800126c   Section        0  stm32f4xx_usart.o(i.USART_StructInit)
    i.UsageFault_Handler                     0x08001282   Section        0  stm32f4xx_it.o(i.UsageFault_Handler)
    i.WriteCmd                               0x08001284   Section        0  i2c.o(i.WriteCmd)
    i.WriteDat                               0x0800128c   Section        0  i2c.o(i.WriteDat)
    i.__scatterload_copy                     0x08001294   Section       14  handlers.o(i.__scatterload_copy)
    i.__scatterload_null                     0x080012a2   Section        2  handlers.o(i.__scatterload_null)
    i.__scatterload_zeroinit                 0x080012a4   Section       14  handlers.o(i.__scatterload_zeroinit)
    i.main                                   0x080012b4   Section        0  main.o(i.main)
    .data                                    0x20000000   Section        4  main.o(.data)
    .data                                    0x20000004   Section        8  sci.o(.data)
    .data                                    0x2000000c   Section        2  sci.o(.data)
    .data                                    0x2000000e   Section     1024  bmp.o(.data)
    .data                                    0x2000040e   Section       16  stm32f4xx_rcc.o(.data)
    APBAHBPrescTable                         0x2000040e   Data          16  stm32f4xx_rcc.o(.data)
    .bss                                     0x20000420   Section     1024  main.o(.bss)
    .bss                                     0x20000820   Section     1024  sci.o(.bss)
    .bss                                     0x20000c20   Section       40  sci.o(.bss)
    .bss                                     0x20000c48   Section       40  sci.o(.bss)
    STACK                                    0x20000c70   Section     1024  startup_stm32f40_41xxx.o(STACK)

    Global Symbols

    Symbol Name                              Value     Ov Type        Size  Object(Section)

    BuildAttributes$$THM_ISAv4$E$P$D$K$B$S$7EM$VFPi3$EXTD16$VFPS$VFMA$PE$A:L22UL41UL21$X:L11$S22US41US21$IEEE1$IW$USESV6$~STKCKD$USESV7$~SHL$OSPACE$EBA8$MICROLIB$REQ8$PRES8$EABIv2 0x00000000   Number         0  anon$$obj.o ABSOLUTE
    __ARM_use_no_argv                        0x00000000   Number         0  main.o ABSOLUTE
    __cpp_initialize__aeabi_                  - Undefined Weak Reference
    __cxa_finalize                            - Undefined Weak Reference
    _clock_init                               - Undefined Weak Reference
    _microlib_exit                            - Undefined Weak Reference
    __Vectors_Size                           0x00000188   Number         0  startup_stm32f40_41xxx.o ABSOLUTE
    __Vectors                                0x08000000   Data           4  startup_stm32f40_41xxx.o(RESET)
    __Vectors_End                            0x08000188   Data           0  startup_stm32f40_41xxx.o(RESET)
    __main                                   0x08000189   Thumb Code     0  entry.o(.ARM.Collect$$$$00000000)
    _main_stk                                0x08000189   Thumb Code     0  entry2.o(.ARM.Collect$$$$00000001)
    _main_scatterload                        0x0800018d   Thumb Code     0  entry5.o(.ARM.Collect$$$$00000004)
    __main_after_scatterload                 0x08000191   Thumb Code     0  entry5.o(.ARM.Collect$$$$00000004)
    _main_clock                              0x08000191   Thumb Code     0  entry7b.o(.ARM.Collect$$$$00000008)
    _main_cpp_init                           0x08000191   Thumb Code     0  entry8b.o(.ARM.Collect$$$$0000000A)
    _main_init                               0x08000191   Thumb Code     0  entry9a.o(.ARM.Collect$$$$0000000B)
    __rt_final_cpp                           0x08000199   Thumb Code     0  entry10a.o(.ARM.Collect$$$$0000000D)
    __rt_final_exit                          0x08000199   Thumb Code     0  entry11a.o(.ARM.Collect$$$$0000000F)
    Reset_Handler                            0x0800019d   Thumb Code     8  startup_stm32f40_41xxx.o(.text)
    SysTick_Handler                          0x080001b5   Thumb Code     2  startup_stm32f40_41xxx.o(.text)
    ADC_IRQHandler                           0x080001b7   Thumb Code     0  startup_stm32f40_41xxx.o(.text)
    CAN1_RX0_IRQHandler                      0x080001b7   Thumb Code     0  startup_stm32f40_41xxx.o(.text)
    CAN1_RX1_IRQHandler                      0x080001b7   Thumb Code     0  startup_stm32f40_41xxx.o(.text)
    CAN1_SCE_IRQHandler                      0x080001b7   Thumb Code     0  startup_stm32f40_41xxx.o(.text)
    CAN1_TX_IRQHandler                       0x080001b7   Thumb Code     0  startup_stm32f40_41xxx.o(.text)
    CAN2_RX0_IRQHandler                      0x080001b7   Thumb Code     0  startup_stm32f40_41xxx.o(.text)
    CAN2_RX1_IRQHandler                      0x080001b7   Thumb Code     0  startup_stm32f40_41xxx.o(.text)
    CAN2_SCE_IRQHandler                      0x080001b7   Thumb Code     0  startup_stm32f40_41xxx.o(.text)
    CAN2_TX_IRQHandler                       0x080001b7   Thumb Code     0  startup_stm32f40_41xxx.o(.text)
    CRYP_IRQHandler                          0x080001b7   Thumb Code     0  startup_stm32f40_41xxx.o(.text)
    DCMI_IRQHandler                          0x080001b7   Thumb Code     0  startup_stm32f40_41xxx.o(.text)
    DMA1_Stream0_IRQHandler                  0x080001b7   Thumb Code     0  startup_stm32f40_41xxx.o(.text)
    DMA1_Stream1_IRQHandler                  0x080001b7   Thumb Code     0  startup_stm32f40_41xxx.o(.text)
    DMA1_Stream2_IRQHandler                  0x080001b7   Thumb Code     0  startup_stm32f40_41xxx.o(.text)
    DMA1_Stream3_IRQHandler                  0x080001b7   Thumb Code     0  startup_stm32f40_41xxx.o(.text)
    DMA1_Stream4_IRQHandler                  0x080001b7   Thumb Code     0  startup_stm32f40_41xxx.o(.text)
    DMA1_Stream5_IRQHandler                  0x080001b7   Thumb Code     0  startup_stm32f40_41xxx.o(.text)
    DMA1_Stream6_IRQHandler                  0x080001b7   Thumb Code     0  startup_stm32f40_41xxx.o(.text)
    DMA1_Stream7_IRQHandler                  0x080001b7   Thumb Code     0  startup_stm32f40_41xxx.o(.text)
    DMA2_Stream0_IRQHandler                  0x080001b7   Thumb Code     0  startup_stm32f40_41xxx.o(.text)
    DMA2_Stream1_IRQHandler                  0x080001b7   Thumb Code     0  startup_stm32f40_41xxx.o(.text)
    DMA2_Stream2_IRQHandler                  0x080001b7   Thumb Code     0  startup_stm32f40_41xxx.o(.text)
    DMA2_Stream3_IRQHandler                  0x080001b7   Thumb Code     0  startup_stm32f40_41xxx.o(.text)
    DMA2_Stream4_IRQHandler                  0x080001b7   Thumb Code     0  startup_stm32f40_41xxx.o(.text)
    DMA2_Stream5_IRQHandler                  0x080001b7   Thumb Code     0  startup_stm32f40_41xxx.o(.text)
    DMA2_Stream6_IRQHandler                  0x080001b7   Thumb Code     0  startup_stm32f40_41xxx.o(.text)
    DMA2_Stream7_IRQHandler                  0x080001b7   Thumb Code     0  startup_stm32f40_41xxx.o(.text)
    ETH_IRQHandler                           0x080001b7   Thumb Code     0  startup_stm32f40_41xxx.o(.text)
    ETH_WKUP_IRQHandler                      0x080001b7   Thumb Code     0  startup_stm32f40_41xxx.o(.text)
    EXTI0_IRQHandler                         0x080001b7   Thumb Code     0  startup_stm32f40_41xxx.o(.text)
    EXTI15_10_IRQHandler                     0x080001b7   Thumb Code     0  startup_stm32f40_41xxx.o(.text)
    EXTI1_IRQHandler                         0x080001b7   Thumb Code     0  startup_stm32f40_41xxx.o(.text)
    EXTI2_IRQHandler                         0x080001b7   Thumb Code     0  startup_stm32f40_41xxx.o(.text)
    EXTI3_IRQHandler                         0x080001b7   Thumb Code     0  startup_stm32f40_41xxx.o(.text)
    EXTI4_IRQHandler                         0x080001b7   Thumb Code     0  startup_stm32f40_41xxx.o(.text)
    EXTI9_5_IRQHandler                       0x080001b7   Thumb Code     0  startup_stm32f40_41xxx.o(.text)
    FLASH_IRQHandler                         0x080001b7   Thumb Code     0  startup_stm32f40_41xxx.o(.text)
    FPU_IRQHandler                           0x080001b7   Thumb Code     0  startup_stm32f40_41xxx.o(.text)
    FSMC_IRQHandler                          0x080001b7   Thumb Code     0  startup_stm32f40_41xxx.o(.text)
    HASH_RNG_IRQHandler                      0x080001b7   Thumb Code     0  startup_stm32f40_41xxx.o(.text)
    I2C1_ER_IRQHandler                       0x080001b7   Thumb Code     0  startup_stm32f40_41xxx.o(.text)
    I2C1_EV_IRQHandler                       0x080001b7   Thumb Code     0  startup_stm32f40_41xxx.o(.text)
    I2C2_ER_IRQHandler                       0x080001b7   Thumb Code     0  startup_stm32f40_41xxx.o(.text)
    I2C2_EV_IRQHandler                       0x080001b7   Thumb Code     0  startup_stm32f40_41xxx.o(.text)
    I2C3_ER_IRQHandler                       0x080001b7   Thumb Code     0  startup_stm32f40_41xxx.o(.text)
    I2C3_EV_IRQHandler                       0x080001b7   Thumb Code     0  startup_stm32f40_41xxx.o(.text)
    OTG_FS_IRQHandler                        0x080001b7   Thumb Code     0  startup_stm32f40_41xxx.o(.text)
    OTG_FS_WKUP_IRQHandler                   0x080001b7   Thumb Code     0  startup_stm32f40_41xxx.o(.text)
    OTG_HS_EP1_IN_IRQHandler                 0x080001b7   Thumb Code     0  startup_stm32f40_41xxx.o(.text)
    OTG_HS_EP1_OUT_IRQHandler                0x080001b7   Thumb Code     0  startup_stm32f40_41xxx.o(.text)
    OTG_HS_IRQHandler                        0x080001b7   Thumb Code     0  startup_stm32f40_41xxx.o(.text)
    OTG_HS_WKUP_IRQHandler                   0x080001b7   Thumb Code     0  startup_stm32f40_41xxx.o(.text)
    PVD_IRQHandler                           0x080001b7   Thumb Code     0  startup_stm32f40_41xxx.o(.text)
    RCC_IRQHandler                           0x080001b7   Thumb Code     0  startup_stm32f40_41xxx.o(.text)
    RTC_Alarm_IRQHandler                     0x080001b7   Thumb Code     0  startup_stm32f40_41xxx.o(.text)
    RTC_WKUP_IRQHandler                      0x080001b7   Thumb Code     0  startup_stm32f40_41xxx.o(.text)
    SDIO_IRQHandler                          0x080001b7   Thumb Code     0  startup_stm32f40_41xxx.o(.text)
    SPI1_IRQHandler                          0x080001b7   Thumb Code     0  startup_stm32f40_41xxx.o(.text)
    SPI2_IRQHandler                          0x080001b7   Thumb Code     0  startup_stm32f40_41xxx.o(.text)
    SPI3_IRQHandler                          0x080001b7   Thumb Code     0  startup_stm32f40_41xxx.o(.text)
    TAMP_STAMP_IRQHandler                    0x080001b7   Thumb Code     0  startup_stm32f40_41xxx.o(.text)
    TIM1_BRK_TIM9_IRQHandler                 0x080001b7   Thumb Code     0  startup_stm32f40_41xxx.o(.text)
    TIM1_CC_IRQHandler                       0x080001b7   Thumb Code     0  startup_stm32f40_41xxx.o(.text)
    TIM1_TRG_COM_TIM11_IRQHandler            0x080001b7   Thumb Code     0  startup_stm32f40_41xxx.o(.text)
    TIM1_UP_TIM10_IRQHandler                 0x080001b7   Thumb Code     0  startup_stm32f40_41xxx.o(.text)
    TIM2_IRQHandler                          0x080001b7   Thumb Code     0  startup_stm32f40_41xxx.o(.text)
    TIM4_IRQHandler                          0x080001b7   Thumb Code     0  startup_stm32f40_41xxx.o(.text)
    TIM5_IRQHandler                          0x080001b7   Thumb Code     0  startup_stm32f40_41xxx.o(.text)
    TIM6_DAC_IRQHandler                      0x080001b7   Thumb Code     0  startup_stm32f40_41xxx.o(.text)
    TIM7_IRQHandler                          0x080001b7   Thumb Code     0  startup_stm32f40_41xxx.o(.text)
    TIM8_BRK_TIM12_IRQHandler                0x080001b7   Thumb Code     0  startup_stm32f40_41xxx.o(.text)
    TIM8_CC_IRQHandler                       0x080001b7   Thumb Code     0  startup_stm32f40_41xxx.o(.text)
    TIM8_TRG_COM_TIM14_IRQHandler            0x080001b7   Thumb Code     0  startup_stm32f40_41xxx.o(.text)
    TIM8_UP_TIM13_IRQHandler                 0x080001b7   Thumb Code     0  startup_stm32f40_41xxx.o(.text)
    UART4_IRQHandler                         0x080001b7   Thumb Code     0  startup_stm32f40_41xxx.o(.text)
    UART5_IRQHandler                         0x080001b7   Thumb Code     0  startup_stm32f40_41xxx.o(.text)
    USART2_IRQHandler                        0x080001b7   Thumb Code     0  startup_stm32f40_41xxx.o(.text)
    USART3_IRQHandler                        0x080001b7   Thumb Code     0  startup_stm32f40_41xxx.o(.text)
    USART6_IRQHandler                        0x080001b7   Thumb Code     0  startup_stm32f40_41xxx.o(.text)
    WWDG_IRQHandler                          0x080001b7   Thumb Code     0  startup_stm32f40_41xxx.o(.text)
    __scatterload                            0x080001c1   Thumb Code    28  init.o(.text)
    __scatterload_rt2                        0x080001c1   Thumb Code     0  init.o(.text)
    __decompress                             0x080001e5   Thumb Code     0  __dczerorl2.o(.text)
    __decompress1                            0x080001e5   Thumb Code    86  __dczerorl2.o(.text)
    BusFault_Handler                         0x0800023b   Thumb Code     2  stm32f4xx_it.o(i.BusFault_Handler)
    CheckFrameSum                            0x0800023d   Thumb Code    66  sci.o(i.CheckFrameSum)
    CheckRcvFrame                            0x08000289   Thumb Code    78  main.o(i.CheckRcvFrame)
    DebugMon_Handler                         0x080002e5   Thumb Code     2  stm32f4xx_it.o(i.DebugMon_Handler)
    DelayMs                                  0x080002e7   Thumb Code    24  i2c.o(i.DelayMs)
    GPIO_Init                                0x080002ff   Thumb Code   124  stm32f4xx_gpio.o(i.GPIO_Init)
    GPIO_PinAFConfig                         0x0800037b   Thumb Code    32  stm32f4xx_gpio.o(i.GPIO_PinAFConfig)
    HardFault_Handler                        0x0800039b   Thumb Code     2  stm32f4xx_it.o(i.HardFault_Handler)
    I2C_CheckEvent                           0x0800039d   Thumb Code    24  stm32f4xx_i2c.o(i.I2C_CheckEvent)
    I2C_Cmd                                  0x080003b5   Thumb Code    24  stm32f4xx_i2c.o(i.I2C_Cmd)
    I2C_Configuration                        0x080003cd   Thumb Code   132  i2c.o(i.I2C_Configuration)
    I2C_GenerateSTART                        0x0800045d   Thumb Code    24  stm32f4xx_i2c.o(i.I2C_GenerateSTART)
    I2C_GenerateSTOP                         0x08000475   Thumb Code    24  stm32f4xx_i2c.o(i.I2C_GenerateSTOP)
    I2C_GetFlagStatus                        0x0800048d   Thumb Code    50  stm32f4xx_i2c.o(i.I2C_GetFlagStatus)
    I2C_Init                                 0x080004c1   Thumb Code   178  stm32f4xx_i2c.o(i.I2C_Init)
    I2C_Send7bitAddress                      0x0800057d   Thumb Code    18  stm32f4xx_i2c.o(i.I2C_Send7bitAddress)
    I2C_SendData                             0x0800058f   Thumb Code     4  stm32f4xx_i2c.o(i.I2C_SendData)
    I2C_WriteByte                            0x08000595   Thumb Code   128  i2c.o(i.I2C_WriteByte)
    InitiateTimer                            0x08000621   Thumb Code    68  timer.o(i.InitiateTimer)
    MemManage_Handler                        0x08000669   Thumb Code     2  stm32f4xx_it.o(i.MemManage_Handler)
    NMI_Handler                              0x0800066b   Thumb Code     2  stm32f4xx_it.o(i.NMI_Handler)
    NVIC_Configuration                       0x0800066d   Thumb Code    82  nvic.o(i.NVIC_Configuration)
    NVIC_Init                                0x080006c1   Thumb Code    98  misc.o(i.NVIC_Init)
    NVIC_PriorityGroupConfig                 0x08000729   Thumb Code    10  misc.o(i.NVIC_PriorityGroupConfig)
    NVIC_SetVectorTable                      0x0800073d   Thumb Code    12  misc.o(i.NVIC_SetVectorTable)
    OLED_CLS                                 0x08000751   Thumb Code     6  i2c.o(i.OLED_CLS)
    OLED_DrawBMP                             0x08000757   Thumb Code    66  i2c.o(i.OLED_DrawBMP)
    OLED_Fill                                0x08000799   Thumb Code    54  i2c.o(i.OLED_Fill)
    OLED_Init                                0x080007cf   Thumb Code   180  i2c.o(i.OLED_Init)
    OLED_SetPos                              0x08000883   Thumb Code    38  i2c.o(i.OLED_SetPos)
    PendSV_Handler                           0x080008a9   Thumb Code     2  stm32f4xx_it.o(i.PendSV_Handler)
    RCC_AHB1PeriphClockCmd                   0x080008ad   Thumb Code    22  stm32f4xx_rcc.o(i.RCC_AHB1PeriphClockCmd)
    RCC_APB1PeriphClockCmd                   0x080008c9   Thumb Code    22  stm32f4xx_rcc.o(i.RCC_APB1PeriphClockCmd)
    RCC_APB1PeriphResetCmd                   0x080008e5   Thumb Code    22  stm32f4xx_rcc.o(i.RCC_APB1PeriphResetCmd)
    RCC_APB2PeriphClockCmd                   0x08000901   Thumb Code    22  stm32f4xx_rcc.o(i.RCC_APB2PeriphClockCmd)
    RCC_APB2PeriphResetCmd                   0x0800091d   Thumb Code    22  stm32f4xx_rcc.o(i.RCC_APB2PeriphResetCmd)
    RCC_GetClocksFreq                        0x08000939   Thumb Code   148  stm32f4xx_rcc.o(i.RCC_GetClocksFreq)
    RS232_Send_Data                          0x080009dd   Thumb Code    32  sci.o(i.RS232_Send_Data)
    ResetTimer                               0x08000a01   Thumb Code    20  timer.o(i.ResetTimer)
    SVC_Handler                              0x08000a19   Thumb Code     2  stm32f4xx_it.o(i.SVC_Handler)
    SendFrame                                0x08000a1d   Thumb Code    92  main.o(i.SendFrame)
    SetAckFrame                              0x08000a85   Thumb Code    32  main.o(i.SetAckFrame)
    SystemInit                               0x08000b65   Thumb Code    74  system_stm32f4xx.o(i.SystemInit)
    TIM3_IRQHandler                          0x08000bc1   Thumb Code    14  timer.o(i.TIM3_IRQHandler)
    TIM_ClearFlag                            0x08000bd9   Thumb Code     6  stm32f4xx_tim.o(i.TIM_ClearFlag)
    TIM_ClearITPendingBit                    0x08000bdf   Thumb Code     6  stm32f4xx_tim.o(i.TIM_ClearITPendingBit)
    TIM_Cmd                                  0x08000be5   Thumb Code    24  stm32f4xx_tim.o(i.TIM_Cmd)
    TIM_DeInit                               0x08000bfd   Thumb Code   376  stm32f4xx_tim.o(i.TIM_DeInit)
    TIM_ITConfig                             0x08000da9   Thumb Code    20  stm32f4xx_tim.o(i.TIM_ITConfig)
    TIM_TimeBaseInit                         0x08000dbd   Thumb Code    96  stm32f4xx_tim.o(i.TIM_TimeBaseInit)
    USART1_IRQHandler                        0x08000e39   Thumb Code   210  sci.o(i.USART1_IRQHandler)
    USART_232_Configuration                  0x08000f19   Thumb Code   198  sci.o(i.USART_232_Configuration)
    USART_ClearITPendingBit                  0x08000fe9   Thumb Code    16  stm32f4xx_usart.o(i.USART_ClearITPendingBit)
    USART_ClockInit                          0x08000ff9   Thumb Code    28  stm32f4xx_usart.o(i.USART_ClockInit)
    USART_ClockStructInit                    0x08001015   Thumb Code    12  stm32f4xx_usart.o(i.USART_ClockStructInit)
    USART_Cmd                                0x08001021   Thumb Code    24  stm32f4xx_usart.o(i.USART_Cmd)
    USART_DeInit                             0x08001039   Thumb Code   224  stm32f4xx_usart.o(i.USART_DeInit)
    USART_GetITStatus                        0x08001139   Thumb Code    64  stm32f4xx_usart.o(i.USART_GetITStatus)
    USART_ITConfig                           0x08001179   Thumb Code    54  stm32f4xx_usart.o(i.USART_ITConfig)
    USART_Init                               0x080011b1   Thumb Code   180  stm32f4xx_usart.o(i.USART_Init)
    USART_StructInit                         0x0800126d   Thumb Code    22  stm32f4xx_usart.o(i.USART_StructInit)
    UsageFault_Handler                       0x08001283   Thumb Code     2  stm32f4xx_it.o(i.UsageFault_Handler)
    WriteCmd                                 0x08001285   Thumb Code     8  i2c.o(i.WriteCmd)
    WriteDat                                 0x0800128d   Thumb Code     8  i2c.o(i.WriteDat)
    __scatterload_copy                       0x08001295   Thumb Code    14  handlers.o(i.__scatterload_copy)
    __scatterload_null                       0x080012a3   Thumb Code     2  handlers.o(i.__scatterload_null)
    __scatterload_zeroinit                   0x080012a5   Thumb Code    14  handlers.o(i.__scatterload_zeroinit)
    main                                     0x080012b5   Thumb Code    94  main.o(i.main)
    Region$$Table$$Base                      0x08001324   Number         0  anon$$obj.o(Region$$Table)
    Region$$Table$$Limit                     0x08001344   Number         0  anon$$obj.o(Region$$Table)
    FileRcvCompleteFlag                      0x20000000   Data           1  main.o(.data)
    FilePointer                              0x20000002   Data           2  main.o(.data)
    ReceiveState                             0x20000004   Data           1  sci.o(.data)
    RFrameFlag                               0x20000005   Data           1  sci.o(.data)
    RS232rec_counter                         0x20000008   Data           4  sci.o(.data)
    RS232_send_data_length                   0x2000000c   Data           2  sci.o(.data)
    BMP1                                     0x2000000e   Data        1024  bmp.o(.data)
    FileBuff                                 0x20000420   Data        1024  main.o(.bss)
    RS232_buff                               0x20000820   Data        1024  sci.o(.bss)
    ReceivedFrame                            0x20000c20   Data          40  sci.o(.bss)
    SendingFrame                             0x20000c48   Data          40  sci.o(.bss)
    __initial_sp                             0x20001070   Data           0  startup_stm32f40_41xxx.o(STACK)



==============================================================================

Memory Map of the image

  Image Entry point : 0x08000189

  Load Region LR_IROM1 (Base: 0x08000000, Size: 0x00001764, Max: 0x00080000, ABSOLUTE, COMPRESSED[0x00001464])

    Execution Region ER_IROM1 (Exec base: 0x08000000, Load base: 0x08000000, Size: 0x00001344, Max: 0x00080000, ABSOLUTE)

    Exec Addr    Load Addr    Size         Type   Attr      Idx    E Section Name        Object

    0x08000000   0x08000000   0x00000188   Data   RO          537    RESET               startup_stm32f40_41xxx.o
    0x08000188   0x08000188   0x00000000   Code   RO         2129  * .ARM.Collect$$$$00000000  mc_w.l(entry.o)
    0x08000188   0x08000188   0x00000004   Code   RO         2132    .ARM.Collect$$$$00000001  mc_w.l(entry2.o)
    0x0800018c   0x0800018c   0x00000004   Code   RO         2135    .ARM.Collect$$$$00000004  mc_w.l(entry5.o)
    0x08000190   0x08000190   0x00000000   Code   RO         2137    .ARM.Collect$$$$00000008  mc_w.l(entry7b.o)
    0x08000190   0x08000190   0x00000000   Code   RO         2139    .ARM.Collect$$$$0000000A  mc_w.l(entry8b.o)
    0x08000190   0x08000190   0x00000008   Code   RO         2140    .ARM.Collect$$$$0000000B  mc_w.l(entry9a.o)
    0x08000198   0x08000198   0x00000000   Code   RO         2142    .ARM.Collect$$$$0000000D  mc_w.l(entry10a.o)
    0x08000198   0x08000198   0x00000000   Code   RO         2144    .ARM.Collect$$$$0000000F  mc_w.l(entry11a.o)
    0x08000198   0x08000198   0x00000004   Code   RO         2133    .ARM.Collect$$$$00002712  mc_w.l(entry2.o)
    0x0800019c   0x0800019c   0x00000024   Code   RO          538    .text               startup_stm32f40_41xxx.o
    0x080001c0   0x080001c0   0x00000024   Code   RO         2146    .text               mc_w.l(init.o)
    0x080001e4   0x080001e4   0x00000056   Code   RO         2156    .text               mc_w.l(__dczerorl2.o)
    0x0800023a   0x0800023a   0x00000002   Code   RO          142    i.BusFault_Handler  stm32f4xx_it.o
    0x0800023c   0x0800023c   0x0000004c   Code   RO          444    i.CheckFrameSum     sci.o
    0x08000288   0x08000288   0x0000005c   Code   RO          207    i.CheckRcvFrame     main.o
    0x080002e4   0x080002e4   0x00000002   Code   RO          143    i.DebugMon_Handler  stm32f4xx_it.o
    0x080002e6   0x080002e6   0x00000018   Code   RO          307    i.DelayMs           i2c.o
    0x080002fe   0x080002fe   0x0000007c   Code   RO          595    i.GPIO_Init         stm32f4xx_gpio.o
    0x0800037a   0x0800037a   0x00000020   Code   RO          596    i.GPIO_PinAFConfig  stm32f4xx_gpio.o
    0x0800039a   0x0800039a   0x00000002   Code   RO          144    i.HardFault_Handler  stm32f4xx_it.o
    0x0800039c   0x0800039c   0x00000018   Code   RO         1874    i.I2C_CheckEvent    stm32f4xx_i2c.o
    0x080003b4   0x080003b4   0x00000018   Code   RO         1877    i.I2C_Cmd           stm32f4xx_i2c.o
    0x080003cc   0x080003cc   0x00000090   Code   RO          308    i.I2C_Configuration  i2c.o
    0x0800045c   0x0800045c   0x00000018   Code   RO         1885    i.I2C_GenerateSTART  stm32f4xx_i2c.o
    0x08000474   0x08000474   0x00000018   Code   RO         1886    i.I2C_GenerateSTOP  stm32f4xx_i2c.o
    0x0800048c   0x0800048c   0x00000032   Code   RO         1887    i.I2C_GetFlagStatus  stm32f4xx_i2c.o
    0x080004be   0x080004be   0x00000002   PAD
    0x080004c0   0x080004c0   0x000000bc   Code   RO         1892    i.I2C_Init          stm32f4xx_i2c.o
    0x0800057c   0x0800057c   0x00000012   Code   RO         1899    i.I2C_Send7bitAddress  stm32f4xx_i2c.o
    0x0800058e   0x0800058e   0x00000004   Code   RO         1900    i.I2C_SendData      stm32f4xx_i2c.o
    0x08000592   0x08000592   0x00000002   PAD
    0x08000594   0x08000594   0x0000008c   Code   RO          309    i.I2C_WriteByte     i2c.o
    0x08000620   0x08000620   0x00000048   Code   RO          406    i.InitiateTimer     timer.o
    0x08000668   0x08000668   0x00000002   Code   RO          145    i.MemManage_Handler  stm32f4xx_it.o
    0x0800066a   0x0800066a   0x00000002   Code   RO          146    i.NMI_Handler       stm32f4xx_it.o
    0x0800066c   0x0800066c   0x00000052   Code   RO          287    i.NVIC_Configuration  nvic.o
    0x080006be   0x080006be   0x00000002   PAD
    0x080006c0   0x080006c0   0x00000068   Code   RO         1076    i.NVIC_Init         misc.o
    0x08000728   0x08000728   0x00000014   Code   RO         1077    i.NVIC_PriorityGroupConfig  misc.o
    0x0800073c   0x0800073c   0x00000014   Code   RO         1078    i.NVIC_SetVectorTable  misc.o
    0x08000750   0x08000750   0x00000006   Code   RO          310    i.OLED_CLS          i2c.o
    0x08000756   0x08000756   0x00000042   Code   RO          311    i.OLED_DrawBMP      i2c.o
    0x08000798   0x08000798   0x00000036   Code   RO          312    i.OLED_Fill         i2c.o
    0x080007ce   0x080007ce   0x000000b4   Code   RO          313    i.OLED_Init         i2c.o
    0x08000882   0x08000882   0x00000026   Code   RO          316    i.OLED_SetPos       i2c.o
    0x080008a8   0x080008a8   0x00000002   Code   RO          147    i.PendSV_Handler    stm32f4xx_it.o
    0x080008aa   0x080008aa   0x00000002   PAD
    0x080008ac   0x080008ac   0x0000001c   Code   RO          692    i.RCC_AHB1PeriphClockCmd  stm32f4xx_rcc.o
    0x080008c8   0x080008c8   0x0000001c   Code   RO          701    i.RCC_APB1PeriphClockCmd  stm32f4xx_rcc.o
    0x080008e4   0x080008e4   0x0000001c   Code   RO          703    i.RCC_APB1PeriphResetCmd  stm32f4xx_rcc.o
    0x08000900   0x08000900   0x0000001c   Code   RO          704    i.RCC_APB2PeriphClockCmd  stm32f4xx_rcc.o
    0x0800091c   0x0800091c   0x0000001c   Code   RO          706    i.RCC_APB2PeriphResetCmd  stm32f4xx_rcc.o
    0x08000938   0x08000938   0x000000a4   Code   RO          713    i.RCC_GetClocksFreq  stm32f4xx_rcc.o
    0x080009dc   0x080009dc   0x00000024   Code   RO          445    i.RS232_Send_Data   sci.o
    0x08000a00   0x08000a00   0x00000018   Code   RO          407    i.ResetTimer        timer.o
    0x08000a18   0x08000a18   0x00000002   Code   RO          148    i.SVC_Handler       stm32f4xx_it.o
    0x08000a1a   0x08000a1a   0x00000002   PAD
    0x08000a1c   0x08000a1c   0x00000068   Code   RO          208    i.SendFrame         main.o
    0x08000a84   0x08000a84   0x00000028   Code   RO          209    i.SetAckFrame       main.o
    0x08000aac   0x08000aac   0x000000b8   Code   RO         2094    i.SetSysClock       system_stm32f4xx.o
    0x08000b64   0x08000b64   0x0000005c   Code   RO         2096    i.SystemInit        system_stm32f4xx.o
    0x08000bc0   0x08000bc0   0x00000018   Code   RO          408    i.TIM3_IRQHandler   timer.o
    0x08000bd8   0x08000bd8   0x00000006   Code   RO         1318    i.TIM_ClearFlag     stm32f4xx_tim.o
    0x08000bde   0x08000bde   0x00000006   Code   RO         1319    i.TIM_ClearITPendingBit  stm32f4xx_tim.o
    0x08000be4   0x08000be4   0x00000018   Code   RO         1324    i.TIM_Cmd           stm32f4xx_tim.o
    0x08000bfc   0x08000bfc   0x000001ac   Code   RO         1329    i.TIM_DeInit        stm32f4xx_tim.o
    0x08000da8   0x08000da8   0x00000014   Code   RO         1349    i.TIM_ITConfig      stm32f4xx_tim.o
    0x08000dbc   0x08000dbc   0x0000007c   Code   RO         1396    i.TIM_TimeBaseInit  stm32f4xx_tim.o
    0x08000e38   0x08000e38   0x000000e0   Code   RO          446    i.USART1_IRQHandler  sci.o
    0x08000f18   0x08000f18   0x000000d0   Code   RO          447    i.USART_232_Configuration  sci.o
    0x08000fe8   0x08000fe8   0x00000010   Code   RO         1121    i.USART_ClearITPendingBit  stm32f4xx_usart.o
    0x08000ff8   0x08000ff8   0x0000001c   Code   RO         1122    i.USART_ClockInit   stm32f4xx_usart.o
    0x08001014   0x08001014   0x0000000c   Code   RO         1123    i.USART_ClockStructInit  stm32f4xx_usart.o
    0x08001020   0x08001020   0x00000018   Code   RO         1124    i.USART_Cmd         stm32f4xx_usart.o
    0x08001038   0x08001038   0x00000100   Code   RO         1126    i.USART_DeInit      stm32f4xx_usart.o
    0x08001138   0x08001138   0x00000040   Code   RO         1128    i.USART_GetITStatus  stm32f4xx_usart.o
    0x08001178   0x08001178   0x00000036   Code   RO         1130    i.USART_ITConfig    stm32f4xx_usart.o
    0x080011ae   0x080011ae   0x00000002   PAD
    0x080011b0   0x080011b0   0x000000bc   Code   RO         1131    i.USART_Init        stm32f4xx_usart.o
    0x0800126c   0x0800126c   0x00000016   Code   RO         1147    i.USART_StructInit  stm32f4xx_usart.o
    0x08001282   0x08001282   0x00000002   Code   RO          149    i.UsageFault_Handler  stm32f4xx_it.o
    0x08001284   0x08001284   0x00000008   Code   RO          319    i.WriteCmd          i2c.o
    0x0800128c   0x0800128c   0x00000008   Code   RO          320    i.WriteDat          i2c.o
    0x08001294   0x08001294   0x0000000e   Code   RO         2150    i.__scatterload_copy  mc_w.l(handlers.o)
    0x080012a2   0x080012a2   0x00000002   Code   RO         2151    i.__scatterload_null  mc_w.l(handlers.o)
    0x080012a4   0x080012a4   0x0000000e   Code   RO         2152    i.__scatterload_zeroinit  mc_w.l(handlers.o)
    0x080012b2   0x080012b2   0x00000002   PAD
    0x080012b4   0x080012b4   0x00000070   Code   RO          210    i.main              main.o
    0x08001324   0x08001324   0x00000020   Data   RO         2148    Region$$Table       anon$$obj.o


    Execution Region RW_IRAM1 (Exec base: 0x20000000, Load base: 0x08001344, Size: 0x00001070, Max: 0x00020000, ABSOLUTE, COMPRESSED[0x00000120])

    Exec Addr    Load Addr    Size         Type   Attr      Idx    E Section Name        Object

    0x20000000   COMPRESSED   0x00000004   Data   RW          214    .data               main.o
    0x20000004   COMPRESSED   0x00000008   Data   RW          452    .data               sci.o
    0x2000000c   COMPRESSED   0x00000002   Data   RW          453    .data               sci.o
    0x2000000e   COMPRESSED   0x00000400   Data   RW          496    .data               bmp.o
    0x2000040e   COMPRESSED   0x00000010   Data   RW          744    .data               stm32f4xx_rcc.o
    0x2000041e   COMPRESSED   0x00000002   PAD
    0x20000420        -       0x00000400   Zero   RW          211    .bss                main.o
    0x20000820        -       0x00000400   Zero   RW          448    .bss                sci.o
    0x20000c20        -       0x00000028   Zero   RW          449    .bss                sci.o
    0x20000c48        -       0x00000028   Zero   RW          450    .bss                sci.o
    0x20000c70        -       0x00000400   Zero   RW          535    STACK               startup_stm32f40_41xxx.o


==============================================================================

Image component sizes


      Code (inc. data)   RO Data    RW Data    ZI Data      Debug   Object Name

         0          0          0       1024          0        513   bmp.o
       668         24          0          0          0       5684   i2c.o
       348         52          0          4       1024       3205   main.o
       144         24          0          0          0       2365   misc.o
        82          0          0          0          0        545   nvic.o
       544         44          0         10       1104       3654   sci.o
        36          8        392          0       1024        928   startup_stm32f40_41xxx.o
         0          0          0          0          0     289700   stm32f4xx_assert.o
       156          0          0          0          0       1955   stm32f4xx_gpio.o
       356         10          0          0          0       6310   stm32f4xx_i2c.o
        16          0          0          0          0       3572   stm32f4xx_it.o
       304         46          0         16          0       6445   stm32f4xx_rcc.o
       608         80          0          0          0       5385   stm32f4xx_tim.o
       664         40          0          0          0       7968   stm32f4xx_usart.o
       276         34          0          0          0       1525   system_stm32f4xx.o
       120         18          0          0          0       1419   timer.o

    ----------------------------------------------------------------------
      4334        380        424       1056       3152     341173   Object Totals
         0          0         32          0          0          0   (incl. Generated)
        12          0          0          2          0          0   (incl. Padding)

    ----------------------------------------------------------------------

      Code (inc. data)   RO Data    RW Data    ZI Data      Debug   Library Member Name

        86          0          0          0          0          0   __dczerorl2.o
         0          0          0          0          0          0   entry.o
         0          0          0          0          0          0   entry10a.o
         0          0          0          0          0          0   entry11a.o
         8          4          0          0          0          0   entry2.o
         4          0          0          0          0          0   entry5.o
         0          0          0          0          0          0   entry7b.o
         0          0          0          0          0          0   entry8b.o
         8          4          0          0          0          0   entry9a.o
        30          0          0          0          0          0   handlers.o
        36          8          0          0          0         68   init.o

    ----------------------------------------------------------------------
       174         16          0          0          0         68   Library Totals
         2          0          0          0          0          0   (incl. Padding)

    ----------------------------------------------------------------------

      Code (inc. data)   RO Data    RW Data    ZI Data      Debug   Library Name

       172         16          0          0          0         68   mc_w.l

    ----------------------------------------------------------------------
       174         16          0          0          0         68   Library Totals

    ----------------------------------------------------------------------

==============================================================================


      Code (inc. data)   RO Data    RW Data    ZI Data      Debug   

      4508        396        424       1056       3152     335425   Grand Totals
      4508        396        424        288       3152     335425   ELF Image Totals (compressed)
      4508        396        424        288          0          0   ROM Totals

==============================================================================

    Total RO  Size (Code + RO Data)                 4932 (   4.82kB)
    Total RW  Size (RW Data + ZI Data)              4208 (   4.11kB)
    Total ROM Size (Code + RO Data + RW Data)       5220 (   5.10kB)

==============================================================================

