Component: ARM Compiler 5.06 update 5 (build 528) Tool: armlink [4d35e2]

==============================================================================

Section Cross References

    stm32f4xx_it.o(i.ETH_IRQHandler) refers to netconf.o(i.LwIP_Pkt_Handle) for LwIP_Pkt_Handle
    stm32f4xx_it.o(i.ETH_IRQHandler) refers to stm32f4x7_eth.o(i.ETH_CheckFrameReceived) for ETH_CheckFrameReceived
    stm32f4xx_it.o(i.ETH_IRQHandler) refers to stm32f4x7_eth.o(i.ETH_DMAClearITPendingBit) for ETH_DMAClearITPendingBit
    stm32f4xx_it.o(i.SysTick_Handler) refers to main.o(i.Time_Update) for Time_Update
    main.o(i.Delay) refers to main.o(.data) for LocalTime
    main.o(i.Time_Update) refers to main.o(.data) for LocalTime
    main.o(i.main) refers to stm32f4x7_eth_bsp.o(i.ETH_BSP_Config) for ETH_BSP_Config
    main.o(i.main) refers to netconf.o(i.LwIP_Init) for LwIP_Init
    main.o(i.main) refers to udp_server.o(i.UDP_server_init) for UDP_server_init
    main.o(i.main) refers to i2c.o(i.I2C_Configuration) for I2C_Configuration
    main.o(i.main) refers to i2c.o(i.OLED_Init) for OLED_Init
    main.o(i.main) refers to i2c.o(i.DelayMs) for DelayMs
    main.o(i.main) refers to i2c.o(i.OLED_CLS) for OLED_CLS
    main.o(i.main) refers to i2c.o(i.OLED_ShowStr) for OLED_ShowStr
    main.o(i.main) refers to netconf.o(i.LwIP_Periodic_Handle) for LwIP_Periodic_Handle
    main.o(i.main) refers to main.o(.data) for LocalTime
    netconf.o(i.LwIP_Init) refers to mem.o(i.mem_init) for mem_init
    netconf.o(i.LwIP_Init) refers to memp.o(i.memp_init) for memp_init
    netconf.o(i.LwIP_Init) refers to netconf.o(i.My_IP4_ADDR) for My_IP4_ADDR
    netconf.o(i.LwIP_Init) refers to netif.o(i.netif_add) for netif_add
    netconf.o(i.LwIP_Init) refers to netif.o(i.netif_set_default) for netif_set_default
    netconf.o(i.LwIP_Init) refers to netif.o(i.netif_set_up) for netif_set_up
    netconf.o(i.LwIP_Init) refers to etharp.o(i.ethernet_input) for ethernet_input
    netconf.o(i.LwIP_Init) refers to ethernetif.o(i.ethernetif_init) for ethernetif_init
    netconf.o(i.LwIP_Init) refers to netconf.o(.bss) for netif
    netconf.o(i.LwIP_Periodic_Handle) refers to tcp.o(i.tcp_tmr) for tcp_tmr
    netconf.o(i.LwIP_Periodic_Handle) refers to etharp.o(i.etharp_tmr) for etharp_tmr
    netconf.o(i.LwIP_Periodic_Handle) refers to netconf.o(.data) for TCPTimer
    netconf.o(i.LwIP_Pkt_Handle) refers to ethernetif.o(i.ethernetif_input) for ethernetif_input
    netconf.o(i.LwIP_Pkt_Handle) refers to netconf.o(.bss) for netif
    netconf.o(i.My_IP4_ADDR) refers to inet.o(i.htonl) for htonl
    stm32f4x7_eth_bsp.o(i.ETH_BSP_Config) refers to stm32f4x7_eth_bsp.o(i.ETH_GPIO_Config) for ETH_GPIO_Config
    stm32f4x7_eth_bsp.o(i.ETH_BSP_Config) refers to stm32f4x7_eth_bsp.o(i.ETH_NVIC_Config) for ETH_NVIC_Config
    stm32f4x7_eth_bsp.o(i.ETH_BSP_Config) refers to stm32f4x7_eth_bsp.o(i.ETH_MACDMA_Config) for ETH_MACDMA_Config
    stm32f4x7_eth_bsp.o(i.ETH_BSP_Config) refers to stm32f4xx_rcc.o(i.RCC_GetClocksFreq) for RCC_GetClocksFreq
    stm32f4x7_eth_bsp.o(i.ETH_BSP_Config) refers to stm32f4x7_eth_bsp.o(i.NVIC_SetPriority) for NVIC_SetPriority
    stm32f4x7_eth_bsp.o(i.ETH_GPIO_Config) refers to stm32f4xx_rcc.o(i.RCC_AHB1PeriphClockCmd) for RCC_AHB1PeriphClockCmd
    stm32f4x7_eth_bsp.o(i.ETH_GPIO_Config) refers to stm32f4xx_rcc.o(i.RCC_APB2PeriphClockCmd) for RCC_APB2PeriphClockCmd
    stm32f4x7_eth_bsp.o(i.ETH_GPIO_Config) refers to stm32f4xx_syscfg.o(i.SYSCFG_ETH_MediaInterfaceConfig) for SYSCFG_ETH_MediaInterfaceConfig
    stm32f4x7_eth_bsp.o(i.ETH_GPIO_Config) refers to stm32f4xx_gpio.o(i.GPIO_Init) for GPIO_Init
    stm32f4x7_eth_bsp.o(i.ETH_GPIO_Config) refers to stm32f4xx_gpio.o(i.GPIO_PinAFConfig) for GPIO_PinAFConfig
    stm32f4x7_eth_bsp.o(i.ETH_MACDMA_Config) refers to stm32f4xx_rcc.o(i.RCC_AHB1PeriphClockCmd) for RCC_AHB1PeriphClockCmd
    stm32f4x7_eth_bsp.o(i.ETH_MACDMA_Config) refers to stm32f4x7_eth.o(i.ETH_DeInit) for ETH_DeInit
    stm32f4x7_eth_bsp.o(i.ETH_MACDMA_Config) refers to stm32f4x7_eth.o(i.ETH_SoftwareReset) for ETH_SoftwareReset
    stm32f4x7_eth_bsp.o(i.ETH_MACDMA_Config) refers to stm32f4x7_eth.o(i.ETH_GetSoftwareResetStatus) for ETH_GetSoftwareResetStatus
    stm32f4x7_eth_bsp.o(i.ETH_MACDMA_Config) refers to stm32f4x7_eth.o(i.ETH_StructInit) for ETH_StructInit
    stm32f4x7_eth_bsp.o(i.ETH_MACDMA_Config) refers to stm32f4x7_eth.o(i.ETH_Init) for ETH_Init
    stm32f4x7_eth_bsp.o(i.ETH_MACDMA_Config) refers to stm32f4x7_eth.o(i.ETH_DMAITConfig) for ETH_DMAITConfig
    stm32f4x7_eth_bsp.o(i.ETH_NVIC_Config) refers to misc.o(i.NVIC_PriorityGroupConfig) for NVIC_PriorityGroupConfig
    stm32f4x7_eth_bsp.o(i.ETH_NVIC_Config) refers to misc.o(i.NVIC_Init) for NVIC_Init
    udp_server.o(i.Change_struct) refers to udp_server.o(i.CheckFrameSum) for CheckFrameSum
    udp_server.o(i.Change_struct) refers to udp_server.o(.bss) for ReceivedFrame
    udp_server.o(i.Change_struct) refers to udp_server.o(.data) for SframeFlag
[...]
    i.I2C_Send7bitAddress                    0x08001158   Section        0  stm32f4xx_i2c.o(i.I2C_Send7bitAddress)
    i.I2C_SendData                           0x08001168   Section        0  stm32f4xx_i2c.o(i.I2C_SendData)
    i.I2C_WriteByte                          0x0800116c   Section        0  i2c.o(i.I2C_WriteByte)
    i.LwIP_Init                              0x080011f8   Section        0  netconf.o(i.LwIP_Init)
    i.LwIP_Periodic_Handle                   0x08001268   Section        0  netconf.o(i.LwIP_Periodic_Handle)
    i.LwIP_Pkt_Handle                        0x080012a4   Section        0  netconf.o(i.LwIP_Pkt_Handle)
    i.MemManage_Handler                      0x080012b4   Section        0  stm32f4xx_it.o(i.MemManage_Handler)
    i.My_IP4_ADDR                            0x080012b8   Section        0  netconf.o(i.My_IP4_ADDR)
    i.NMI_Handler                            0x080012e8   Section        0  stm32f4xx_it.o(i.NMI_Handler)
    i.NVIC_Init                              0x080012ec   Section        0  misc.o(i.NVIC_Init)
    i.NVIC_PriorityGroupConfig               0x08001364   Section        0  misc.o(i.NVIC_PriorityGroupConfig)
    i.NVIC_SetPriority                       0x08001378   Section        0  stm32f4x7_eth_bsp.o(i.NVIC_SetPriority)
    NVIC_SetPriority                         0x08001379   Thumb Code    32  stm32f4x7_eth_bsp.o(i.NVIC_SetPriority)
    i.OLED_CLS                               0x080013a0   Section        0  i2c.o(i.OLED_CLS)
    i.OLED_DrawBMP                           0x080013aa   Section        0  i2c.o(i.OLED_DrawBMP)
    i.OLED_Fill                              0x0800141e   Section        0  i2c.o(i.OLED_Fill)
    i.OLED_Init                              0x08001458   Section        0  i2c.o(i.OLED_Init)
    i.OLED_SetPos                            0x0800150a   Section        0  i2c.o(i.OLED_SetPos)
    i.OLED_ShowStr                           0x08001534   Section        0  i2c.o(i.OLED_ShowStr)
    i.PendSV_Handler                         0x08001620   Section        0  stm32f4xx_it.o(i.PendSV_Handler)
    i.RCC_AHB1PeriphClockCmd                 0x08001624   Section        0  stm32f4xx_rcc.o(i.RCC_AHB1PeriphClockCmd)
    i.RCC_AHB1PeriphResetCmd                 0x08001644   Section        0  stm32f4xx_rcc.o(i.RCC_AHB1PeriphResetCmd)
    i.RCC_APB1PeriphClockCmd                 0x08001664   Section        0  stm32f4xx_rcc.o(i.RCC_APB1PeriphClockCmd)
    i.RCC_APB2PeriphClockCmd                 0x08001684   Section        0  stm32f4xx_rcc.o(i.RCC_APB2PeriphClockCmd)
    i.RCC_GetClocksFreq                      0x080016a4   Section        0  stm32f4xx_rcc.o(i.RCC_GetClocksFreq)
    i.SVC_Handler                            0x0800178c   Section        0  stm32f4xx_it.o(i.SVC_Handler)
    i.SYSCFG_ETH_MediaInterfaceConfig        0x08001790   Section        0  stm32f4xx_syscfg.o(i.SYSCFG_ETH_MediaInterfaceConfig)
    i.SendFrame                              0x0800179c   Section        0  udp_server.o(i.SendFrame)
    i.SetAckFrame                            0x08001858   Section        0  udp_server.o(i.SetAckFrame)
    i.SetSysClock                            0x08001888   Section        0  system_stm32f4xx.o(i.SetSysClock)
    SetSysClock                              0x08001889   Thumb Code   220  system_stm32f4xx.o(i.SetSysClock)
    i.SysTick_Handler                        0x08001974   Section        0  stm32f4xx_it.o(i.SysTick_Handler)
    i.SystemInit                             0x0800197c   Section        0  system_stm32f4xx.o(i.SystemInit)
    i.Time_Update                            0x080019e4   Section        0  main.o(i.Time_Update)
    i.UDP_server_init                        0x080019f4   Section        0  udp_server.o(i.UDP_server_init)
    i.UsageFault_Handler                     0x08001a1c   Section        0  stm32f4xx_it.o(i.UsageFault_Handler)
    i.WriteCmd                               0x08001a20   Section        0  i2c.o(i.WriteCmd)
    i.WriteDat                               0x08001a2e   Section        0  i2c.o(i.WriteDat)
    i.__scatterload_copy                     0x08001a3c   Section       14  handlers.o(i.__scatterload_copy)
    i.__scatterload_null                     0x08001a4a   Section        2  handlers.o(i.__scatterload_null)
    i.__scatterload_zeroinit                 0x08001a4c   Section       14  handlers.o(i.__scatterload_zeroinit)
    i.autoip_arp_announce                    0x08001a5c   Section        0  autoip.o(i.autoip_arp_announce)
    autoip_arp_announce                      0x08001a5d   Thumb Code    36  autoip.o(i.autoip_arp_announce)
    i.autoip_arp_reply                       0x08001a88   Section        0  autoip.o(i.autoip_arp_reply)
    i.autoip_create_addr                     0x08001b38   Section        0  autoip.o(i.autoip_create_addr)
    autoip_create_addr                       0x08001b39   Thumb Code    86  autoip.o(i.autoip_create_addr)
    i.autoip_handle_arp_conflict             0x08001b9c   Section        0  autoip.o(i.autoip_handle_arp_conflict)
    autoip_handle_arp_conflict               0x08001b9d   Thumb Code    46  autoip.o(i.autoip_handle_arp_conflict)
    i.autoip_start                           0x08001bca   Section        0  autoip.o(i.autoip_start)
    i.autoip_start_probing                   0x08001c2a   Section        0  autoip.o(i.autoip_start_probing)
    autoip_start_probing                     0x08001c2b   Thumb Code    80  autoip.o(i.autoip_start_probing)
    i.dhcp_arp_reply                         0x08001c7a   Section        0  dhcp.o(i.dhcp_arp_reply)
    i.dhcp_create_request                    0x08001ca8   Section        0  dhcp.o(i.dhcp_create_request)
    dhcp_create_request                      0x08001ca9   Thumb Code   290  dhcp.o(i.dhcp_create_request)
    i.dhcp_decline                           0x08001dd4   Section        0  dhcp.o(i.dhcp_decline)
    dhcp_decline                             0x08001dd5   Thumb Code   140  dhcp.o(i.dhcp_decline)
    i.dhcp_delete_request                    0x08001e64   Section        0  dhcp.o(i.dhcp_delete_request)
    dhcp_delete_request                      0x08001e65   Thumb Code    50  dhcp.o(i.dhcp_delete_request)
    i.dhcp_option                            0x08001e96   Section        0  dhcp.o(i.dhcp_option)
    dhcp_option                              0x08001e97   Thumb Code    32  dhcp.o(i.dhcp_option)
    i.dhcp_option_byte                       0x08001eb6   Section        0  dhcp.o(i.dhcp_option_byte)
    dhcp_option_byte                         0x08001eb7   Thumb Code    18  dhcp.o(i.dhcp_option_byte)
    i.dhcp_option_long                       0x08001ec8   Section        0  dhcp.o(i.dhcp_option_long)
    dhcp_option_long                         0x08001ec9   Thumb Code    66  dhcp.o(i.dhcp_option_long)
    i.dhcp_option_trailer                    0x08001f0a   Section        0  dhcp.o(i.dhcp_option_trailer)
    dhcp_option_trailer                      0x08001f0b   Thumb Code    70  dhcp.o(i.dhcp_option_trailer)
    i.dhcp_set_state                         0x08001f50   Section        0  dhcp.o(i.dhcp_set_state)
    dhcp_set_state                           0x08001f51   Thumb Code    14  dhcp.o(i.dhcp_set_state)
    i.etharp_arp_input                       0x08001f60   Section        0  etharp.o(i.etharp_arp_input)
    i.etharp_ip_input                        0x080020b8   Section        0  etharp.o(i.etharp_ip_input)
    i.etharp_output                          0x080020f4   Section        0  etharp.o(i.etharp_output)
    i.etharp_query                           0x080021b8   Section        0  etharp.o(i.etharp_query)
    i.etharp_raw                             0x08002340   Section        0  etharp.o(i.etharp_raw)
    i.etharp_request                         0x08002418   Section        0  etharp.o(i.etharp_request)
    i.etharp_send_ip                         0x08002444   Section        0  etharp.o(i.etharp_send_ip)
    etharp_send_ip                           0x08002445   Thumb Code    66  etharp.o(i.etharp_send_ip)
    i.etharp_tmr                             0x08002488   Section        0  etharp.o(i.etharp_tmr)
    i.ethernet_input                         0x08002528   Section        0  etharp.o(i.ethernet_input)
    i.ethernetif_init                        0x08002594   Section        0  ethernetif.o(i.ethernetif_init)
    i.ethernetif_input                       0x080025c4   Section        0  ethernetif.o(i.ethernetif_input)
    i.find_entry                             0x080025f0   Section        0  etharp.o(i.find_entry)
    find_entry                               0x080025f1   Thumb Code   482  etharp.o(i.find_entry)
    i.free_etharp_q                          0x080027dc   Section        0  etharp.o(i.free_etharp_q)
    free_etharp_q                            0x080027dd   Thumb Code    42  etharp.o(i.free_etharp_q)
    i.htonl                                  0x08002806   Section        0  inet.o(i.htonl)
    i.htons                                  0x08002820   Section        0  inet.o(i.htons)
    i.icmp_dest_unreach                      0x0800282c   Section        0  icmp.o(i.icmp_dest_unreach)
    i.icmp_input                             0x0800283e   Section        0  icmp.o(i.icmp_input)
    i.icmp_send_response                     0x080029ae   Section        0  icmp.o(i.icmp_send_response)
    icmp_send_response                       0x080029af   Thumb Code   108  icmp.o(i.icmp_send_response)
    i.icmp_time_exceeded                     0x08002a1a   Section        0  icmp.o(i.icmp_time_exceeded)
    i.inet_chksum                            0x08002a2c   Section        0  inet_chksum.o(i.inet_chksum)
    i.inet_chksum_pbuf                       0x08002a40   Section        0  inet_chksum.o(i.inet_chksum_pbuf)
    i.ip_addr_isbroadcast                    0x08002a96   Section        0  ip_addr.o(i.ip_addr_isbroadcast)
    i.ip_frag                                0x08002ae4   Section        0  ip_frag.o(i.ip_frag)
    i.ip_input                               0x08002c30   Section        0  ip.o(i.ip_input)
    i.ip_output                              0x08002dfc   Section        0  ip.o(i.ip_output)
    i.ip_output_if                           0x08002e30   Section        0  ip.o(i.ip_output_if)
    i.ip_reass                               0x08002f2c   Section        0  ip_frag.o(i.ip_reass)
    i.ip_reass_chain_frag_into_datagram_and_validate 0x080030c4   Section        0  ip_frag.o(i.ip_reass_chain_frag_into_datagram_and_validate)
    ip_reass_chain_frag_into_datagram_and_validate 0x080030c5   Thumb Code   354  ip_frag.o(i.ip_reass_chain_frag_into_datagram_and_validate)
    i.ip_reass_dequeue_datagram              0x0800322c   Section        0  ip_frag.o(i.ip_reass_dequeue_datagram)
    ip_reass_dequeue_datagram                0x0800322d   Thumb Code    40  ip_frag.o(i.ip_reass_dequeue_datagram)
    i.ip_reass_enqueue_new_datagram          0x08003258   Section        0  ip_frag.o(i.ip_reass_enqueue_new_datagram)
    ip_reass_enqueue_new_datagram            0x08003259   Thumb Code    80  ip_frag.o(i.ip_reass_enqueue_new_datagram)
    i.ip_reass_free_complete_datagram        0x080032ac   Section        0  ip_frag.o(i.ip_reass_free_complete_datagram)
    ip_reass_free_complete_datagram          0x080032ad   Thumb Code   130  ip_frag.o(i.ip_reass_free_complete_datagram)
    i.ip_reass_remove_oldest_datagram        0x08003334   Section        0  ip_frag.o(i.ip_reass_remove_oldest_datagram)
    ip_reass_remove_oldest_datagram          0x08003335   Thumb Code   118  ip_frag.o(i.ip_reass_remove_oldest_datagram)
    i.ip_route                               0x080033b0   Section        0  ip.o(i.ip_route)
    i.low_level_init                         0x08003400   Section        0  ethernetif.o(i.low_level_init)
    low_level_init                           0x08003401   Thumb Code   138  ethernetif.o(i.low_level_init)
    i.low_level_input                        0x080034a4   Section        0  ethernetif.o(i.low_level_input)
    low_level_input                          0x080034a5   Thumb Code   162  ethernetif.o(i.low_level_input)
    i.low_level_output                       0x08003550   Section        0  ethernetif.o(i.low_level_output)
    low_level_output                         0x08003551   Thumb Code    52  ethernetif.o(i.low_level_output)
    i.lwip_standard_chksum                   0x08003588   Section        0  inet_chksum.o(i.lwip_standard_chksum)
    lwip_standard_chksum                     0x08003589   Thumb Code    74  inet_chksum.o(i.lwip_standard_chksum)
    i.main                                   0x080035d4   Section        0  main.o(i.main)
    i.mem_free                               0x08003620   Section        0  mem.o(i.mem_free)
    i.mem_init                               0x08003670   Section        0  mem.o(i.mem_init)
    i.mem_malloc                             0x080036d4   Section        0  mem.o(i.mem_malloc)
    i.mem_realloc                            0x080037c4   Section        0  mem.o(i.mem_realloc)
    i.memp_free                              0x080038f0   Section        0  memp.o(i.memp_free)
    i.memp_init                              0x08003910   Section        0  memp.o(i.memp_init)
    i.memp_malloc                            0x08003974   Section        0  memp.o(i.memp_malloc)
    i.netif_add                              0x080039a0   Section        0  netif.o(i.netif_add)
    i.netif_is_up                            0x08003a0c   Section        0  netif.o(i.netif_is_up)
    i.netif_set_addr                         0x08003a18   Section        0  netif.o(i.netif_set_addr)
    i.netif_set_default                      0x08003a40   Section        0  netif.o(i.netif_set_default)
    i.netif_set_down                         0x08003a4c   Section        0  netif.o(i.netif_set_down)
    i.netif_set_gw                           0x08003a64   Section        0  netif.o(i.netif_set_gw)
    i.netif_set_ipaddr                       0x08003a70   Section        0  netif.o(i.netif_set_ipaddr)
    i.netif_set_netmask                      0x08003ae8   Section        0  netif.o(i.netif_set_netmask)
    i.netif_set_up                           0x08003af4   Section        0  netif.o(i.netif_set_up)
    i.ntohl                                  0x08003b20   Section        0  inet.o(i.ntohl)
    i.ntohs                                  0x08003b2c   Section        0  inet.o(i.ntohs)
    i.pbuf_alloc                             0x08003b38   Section        0  pbuf.o(i.pbuf_alloc)
    i.pbuf_cat                               0x08003cd6   Section        0  pbuf.o(i.pbuf_cat)
    i.pbuf_chain                             0x08003d0e   Section        0  pbuf.o(i.pbuf_chain)
    i.pbuf_clen                              0x08003d24   Section        0  pbuf.o(i.pbuf_clen)
    i.pbuf_copy                              0x08003d36   Section        0  pbuf.o(i.pbuf_copy)
    i.pbuf_copy_partial                      0x08003dec   Section        0  pbuf.o(i.pbuf_copy_partial)
    i.pbuf_free                              0x08003e7e   Section        0  pbuf.o(i.pbuf_free)
    i.pbuf_header                            0x08003eec   Section        0  pbuf.o(i.pbuf_header)
    i.pbuf_realloc                           0x08003f6a   Section        0  pbuf.o(i.pbuf_realloc)
    i.pbuf_ref                               0x08003fe2   Section        0  pbuf.o(i.pbuf_ref)
    i.plug_holes                             0x08003fec   Section        0  mem.o(i.plug_holes)
    plug_holes                               0x08003fed   Thumb Code   124  mem.o(i.plug_holes)
    i.raw_input                              0x08004074   Section        0  raw.o(i.raw_input)
    i.tcp_abandon                            0x080040dc   Section        0  tcp.o(i.tcp_abandon)
    i.tcp_alloc                              0x08004178   Section        0  tcp.o(i.tcp_alloc)
    i.tcp_close                              0x08004230   Section        0  tcp.o(i.tcp_close)
    i.tcp_eff_send_mss                       0x0800432c   Section        0  tcp.o(i.tcp_eff_send_mss)
    i.tcp_enqueue                            0x0800435a   Section        0  tcp_out.o(i.tcp_enqueue)
    i.tcp_fasttmr                            0x08004750   Section        0  tcp.o(i.tcp_fasttmr)
    i.tcp_input                              0x080047c8   Section        0  tcp_in.o(i.tcp_input)
    i.tcp_keepalive                          0x08004c34   Section        0  tcp_out.o(i.tcp_keepalive)
    i.tcp_kill_prio                          0x08004c88   Section        0  tcp.o(i.tcp_kill_prio)
    tcp_kill_prio                            0x08004c89   Thumb Code    78  tcp.o(i.tcp_kill_prio)
    i.tcp_kill_timewait                      0x08004ce0   Section        0  tcp.o(i.tcp_kill_timewait)
    tcp_kill_timewait                        0x08004ce1   Thumb Code    52  tcp.o(i.tcp_kill_timewait)
    i.tcp_listen_input                       0x08004d1c   Section        0  tcp_in.o(i.tcp_listen_input)
    tcp_listen_input                         0x08004d1d   Thumb Code   278  tcp_in.o(i.tcp_listen_input)
    i.tcp_next_iss                           0x08004e50   Section        0  tcp.o(i.tcp_next_iss)
    i.tcp_output                             0x08004e6c   Section        0  tcp_out.o(i.tcp_output)
    i.tcp_output_segment                     0x0800504c   Section        0  tcp_out.o(i.tcp_output_segment)
    tcp_output_segment                       0x0800504d   Thumb Code   194  tcp_out.o(i.tcp_output_segment)
    i.tcp_output_set_header                  0x08005118   Section        0  tcp_out.o(i.tcp_output_set_header)
    tcp_output_set_header                    0x08005119   Thumb Code   138  tcp_out.o(i.tcp_output_set_header)
    i.tcp_parseopt                           0x080051a4   Section        0  tcp_in.o(i.tcp_parseopt)
    tcp_parseopt                             0x080051a5   Thumb Code   178  tcp_in.o(i.tcp_parseopt)
    i.tcp_pcb_purge                          0x0800525c   Section        0  tcp.o(i.tcp_pcb_purge)
    i.tcp_pcb_remove                         0x08005294   Section        0  tcp.o(i.tcp_pcb_remove)
    i.tcp_process                            0x0800532c   Section        0  tcp_in.o(i.tcp_process)
    tcp_process                              0x0800532d   Thumb Code  1388  tcp_in.o(i.tcp_process)
    i.tcp_receive                            0x080058b0   Section        0  tcp_in.o(i.tcp_receive)
    tcp_receive                              0x080058b1   Thumb Code  1562  tcp_in.o(i.tcp_receive)
    i.tcp_recv_null                          0x08005ee0   Section        0  tcp.o(i.tcp_recv_null)
    i.tcp_recved                             0x08005f0e   Section        0  tcp.o(i.tcp_recved)
    i.tcp_rexmit                             0x08005f54   Section        0  tcp_out.o(i.tcp_rexmit)
    i.tcp_rexmit_fast                        0x08005fa4   Section        0  tcp_out.o(i.tcp_rexmit_fast)
    i.tcp_rexmit_rto                         0x08006016   Section        0  tcp_out.o(i.tcp_rexmit_rto)
    i.tcp_rst                                0x08006050   Section        0  tcp_out.o(i.tcp_rst)
    i.tcp_seg_free                           0x080060fa   Section        0  tcp.o(i.tcp_seg_free)
    i.tcp_segs_free                          0x0800611a   Section        0  tcp.o(i.tcp_segs_free)
    i.tcp_send_ctrl                          0x08006138   Section        0  tcp_out.o(i.tcp_send_ctrl)
    i.tcp_send_empty_ack                     0x08006154   Section        0  tcp_out.o(i.tcp_send_empty_ack)
    i.tcp_slowtmr                            0x080061b4   Section        0  tcp.o(i.tcp_slowtmr)
    i.tcp_timewait_input                     0x08006494   Section        0  tcp_in.o(i.tcp_timewait_input)
    tcp_timewait_input                       0x08006495   Thumb Code   150  tcp_in.o(i.tcp_timewait_input)
    i.tcp_tmr                                0x08006548   Section        0  tcp.o(i.tcp_tmr)
    i.tcp_update_rcv_ann_wnd                 0x0800656c   Section        0  tcp.o(i.tcp_update_rcv_ann_wnd)
    i.tcp_zero_window_probe                  0x080065b4   Section        0  tcp_out.o(i.tcp_zero_window_probe)
    i.udp_bind                               0x0800665c   Section        0  udp.o(i.udp_bind)
    i.udp_input                              0x080066cc   Section        0  udp.o(i.udp_input)
    i.udp_new                                0x08006894   Section        0  udp.o(i.udp_new)
    i.udp_recv                               0x080068b0   Section        0  udp.o(i.udp_recv)
    i.udp_sendto                             0x080068b6   Section        0  udp.o(i.udp_sendto)
    i.udp_sendto_if                          0x080068e4   Section        0  udp.o(i.udp_sendto_if)
    i.udp_server_recv                        0x080069b0   Section        0  udp_server.o(i.udp_server_recv)
    i.update_arp_entry                       0x08006a5c   Section        0  etharp.o(i.update_arp_entry)
    update_arp_entry                         0x08006a5d   Thumb Code   232  etharp.o(i.update_arp_entry)
    .constdata                               0x08006b48   Section     2072  chinese.o(.constdata)
    .constdata                               0x08007360   Section       36  memp.o(.constdata)
    memp_sizes                               0x08007360   Data          18  memp.o(.constdata)
    memp_num                                 0x08007372   Data          18  memp.o(.constdata)
    .constdata                               0x08007384   Section       20  tcp.o(.constdata)
    .constdata                               0x08007398   Section        8  ip_addr.o(.constdata)
    .constdata                               0x080073a0   Section       12  etharp.o(.constdata)
    .conststring                             0x080073ac   Section      117  tcp.o(.conststring)
    .data                                    0x20000000   Section        8  main.o(.data)
    .data                                    0x20000008   Section       12  netconf.o(.data)
    .data                                    0x20000014   Section       14  udp_server.o(.data)
    .data                                    0x20000022   Section       16  stm32f4xx_rcc.o(.data)
    APBAHBPrescTable                         0x20000022   Data          16  stm32f4xx_rcc.o(.data)
    .data                                    0x20000034   Section        4  dhcp.o(.data)
    xid                                      0x20000034   Data           4  dhcp.o(.data)
    .data                                    0x20000038   Section       13  mem.o(.data)
    ram                                      0x20000038   Data           4  mem.o(.data)
    ram_end                                  0x2000003c   Data           4  mem.o(.data)
    lfree                                    0x20000040   Data           4  mem.o(.data)
    mem_sem                                  0x20000044   Data           1  mem.o(.data)
    .data                                    0x20000048   Section        9  netif.o(.data)
    netifnum                                 0x20000050   Data           1  netif.o(.data)
    .data                                    0x20000054   Section        4  raw.o(.data)
    raw_pcbs                                 0x20000054   Data           4  raw.o(.data)
    .data                                    0x20000058   Section       76  tcp.o(.data)
    tcp_timer                                0x2000009c   Data           1  tcp.o(.data)
    port                                     0x2000009e   Data           2  tcp.o(.data)
    iss                                      0x200000a0   Data           4  tcp.o(.data)
    .data                                    0x200000a4   Section       32  tcp_in.o(.data)
    tcphdr                                   0x200000a4   Data           4  tcp_in.o(.data)
    iphdr                                    0x200000a8   Data           4  tcp_in.o(.data)
    seqno                                    0x200000ac   Data           4  tcp_in.o(.data)
    ackno                                    0x200000b0   Data           4  tcp_in.o(.data)
    flags                                    0x200000b4   Data           1  tcp_in.o(.data)
    tcplen                                   0x200000b6   Data           2  tcp_in.o(.data)
    recv_flags                               0x200000b8   Data           1  tcp_in.o(.data)
    recv_data                                0x200000bc   Data           4  tcp_in.o(.data)
    .data                                    0x200000c4   Section        4  udp.o(.data)
    .data                                    0x200000c8   Section       10  ip.o(.data)
    ip_id                                    0x200000d0   Data           2  ip.o(.data)
    .data                                    0x200000d4   Section        6  ip_frag.o(.data)
    reassdatagrams                           0x200000d4   Data           4  ip_frag.o(.data)
    ip_reass_pbufcount                       0x200000d8   Data           2  ip_frag.o(.data)
    .data                                    0x200000da   Section        1  etharp.o(.data)
    etharp_cached_entry                      0x200000da   Data           1  etharp.o(.data)
    .data                                    0x200000dc   Section       16  stm32f4x7_eth.o(.data)
    .bss                                     0x200000ec   Section       56  netconf.o(.bss)
    .bss                                     0x20000124   Section     1113  udp_server.o(.bss)
    .bss                                     0x2000057d   Section    10260  mem.o(.bss)
    ram_heap                                 0x2000057d   Data       10260  mem.o(.bss)
    .bss                                     0x20002d94   Section     9271  memp.o(.bss)
    memp_tab                                 0x20002d94   Data          36  memp.o(.bss)
    memp_memory                              0x20002db8   Data        9235  memp.o(.bss)
    .bss                                     0x200051cc   Section       20  tcp_in.o(.bss)
    inseg                                    0x200051cc   Data          20  tcp_in.o(.bss)
    .bss                                     0x200051e0   Section     1504  ip_frag.o(.bss)
    buf                                      0x200051e0   Data        1504  ip_frag.o(.bss)
    .bss                                     0x200057c0   Section      200  etharp.o(.bss)
    arp_table                                0x200057c0   Data         200  etharp.o(.bss)
    .bss                                     0x20005888   Section     9348  stm32f4x7_eth.o(.bss)
    STACK                                    0x20007d10   Section     1024  startup_stm32f40_41xxx.o(STACK)

    Global Symbols

    Symbol Name                              Value     Ov Type        Size  Object(Section)

    BuildAttributes$$THM_ISAv4$E$P$D$K$B$S$7EM$VFPi3$EXTD16$VFPS$VFMA$PE$A:L22UL41UL21$X:L11$S22US41US21$IEEE1$IW$USESV6$~STKCKD$USESV7$~SHL$OSPACE$EBA8$MICROLIB$REQ8$PRES8$EABIv2 0x00000000   Number         0  anon$$obj.o ABSOLUTE
    __ARM_use_no_argv                        0x00000000   Number         0  main.o ABSOLUTE
    __cpp_initialize__aeabi_                  - Undefined Weak Reference
    __cxa_finalize                            - Undefined Weak Reference
    __decompress                              - Undefined Weak Reference
    _clock_init                               - Undefined Weak Reference
    _microlib_exit                            - Undefined Weak Reference
    __Vectors_Size                           0x00000188   Number         0  startup_stm32f40_41xxx.o ABSOLUTE
    __Vectors                                0x08000000   Data           4  startup_stm32f40_41xxx.o(RESET)
    __Vectors_End                            0x08000188   Data           0  startup_stm32f40_41xxx.o(RESET)
    __main                                   0x08000189   Thumb Code     0  entry.o(.ARM.Collect$$$$00000000)
    _main_stk                                0x08000189   Thumb Code     0  entry2.o(.ARM.Collect$$$$00000001)
    _main_scatterload                        0x0800018d   Thumb Code     0  entry5.o(.ARM.Collect$$$$00000004)
    __main_after_scatterload                 0x08000191   Thumb Code     0  entry5.o(.ARM.Collect$$$$00000004)
    _main_clock                              0x08000191   Thumb Code     0  entry7b.o(.ARM.Collect$$$$00000008)
    _main_cpp_init                           0x08000191   Thumb Code     0  entry8b.o(.ARM.Collect$$$$0000000A)
    _main_init                               0x08000191   Thumb Code     0  entry9a.o(.ARM.Collect$$$$0000000B)
    __rt_final_cpp                           0x08000199   Thumb Code     0  entry10a.o(.ARM.Collect$$$$0000000D)
    __rt_final_exit                          0x08000199   Thumb Code     0  entry11a.o(.ARM.Collect$$$$0000000F)
    Reset_Handler                            0x0800019d   Thumb Code     8  startup_stm32f40_41xxx.o(.text)
    ADC_IRQHandler                           0x080001b7   Thumb Code     0  startup_stm32f40_41xxx.o(.text)
    CAN1_RX0_IRQHandler                      0x080001b7   Thumb Code     0  startup_stm32f40_41xxx.o(.text)
    CAN1_RX1_IRQHandler                      0x080001b7   Thumb Code     0  startup_stm32f40_41xxx.o(.text)
    CAN1_SCE_IRQHandler                      0x080001b7   Thumb Code     0  startup_stm32f40_41xxx.o(.text)
    CAN1_TX_IRQHandler                       0x080001b7   Thumb Code     0  startup_stm32f40_41xxx.o(.text)
    CAN2_RX0_IRQHandler                      0x080001b7   Thumb Code     0  startup_stm32f40_41xxx.o(.text)
    CAN2_RX1_IRQHandler                      0x080001b7   Thumb Code     0  startup_stm32f40_41xxx.o(.text)
    CAN2_SCE_IRQHandler                      0x080001b7   Thumb Code     0  startup_stm32f40_41xxx.o(.text)
    CAN2_TX_IRQHandler                       0x080001b7   Thumb Code     0  startup_stm32f40_41xxx.o(.text)
    CRYP_IRQHandler                          0x080001b7   Thumb Code     0  startup_stm32f40_41xxx.o(.text)
    DCMI_IRQHandler                          0x080001b7   Thumb Code     0  startup_stm32f40_41xxx.o(.text)
    DMA1_Stream0_IRQHandler                  0x080001b7   Thumb Code     0  startup_stm32f40_41xxx.o(.text)
    DMA1_Stream1_IRQHandler                  0x080001b7   Thumb Code     0  startup_stm32f40_41xxx.o(.text)
    DMA1_Stream2_IRQHandler                  0x080001b7   Thumb Code     0  startup_stm32f40_41xxx.o(.text)
    DMA1_Stream3_IRQHandler                  0x080001b7   Thumb Code     0  startup_stm32f40_41xxx.o(.text)
    DMA1_Stream4_IRQHandler                  0x080001b7   Thumb Code     0  startup_stm32f40_41xxx.o(.text)
    DMA1_Stream5_IRQHandler                  0x080001b7   Thumb Code     0  startup_stm32f40_41xxx.o(.text)
    DMA1_Stream6_IRQHandler                  0x080001b7   Thumb Code     0  startup_stm32f40_41xxx.o(.text)
    DMA1_Stream7_IRQHandler                  0x080001b7   Thumb Code     0  startup_stm32f40_41xxx.o(.text)
    DMA2_Stream0_IRQHandler                  0x080001b7   Thumb Code     0  startup_stm32f40_41xxx.o(.text)
    DMA2_Stream1_IRQHandler                  0x080001b7   Thumb Code     0  startup_stm32f40_41xxx.o(.text)
    DMA2_Stream2_IRQHandler                  0x080001b7   Thumb Code     0  startup_stm32f40_41xxx.o(.text)
    DMA2_Stream3_IRQHandler                  0x080001b7   Thumb Code     0  startup_stm32f40_41xxx.o(.text)
    DMA2_Stream4_IRQHandler                  0x080001b7   Thumb Code     0  startup_stm32f40_41xxx.o(.text)
    DMA2_Stream5_IRQHandler                  0x080001b7   Thumb Code     0  startup_stm32f40_41xxx.o(.text)
    DMA2_Stream6_IRQHandler                  0x080001b7   Thumb Code     0  startup_stm32f40_41xxx.o(.text)
    DMA2_Stream7_IRQHandler                  0x080001b7   Thumb Code     0  startup_stm32f40_41xxx.o(.text)
    ETH_WKUP_IRQHandler                      0x080001b7   Thumb Code     0  startup_stm32f40_41xxx.o(.text)
    EXTI0_IRQHandler                         0x080001b7   Thumb Code     0  startup_stm32f40_41xxx.o(.text)
    EXTI1_IRQHandler                         0x080001b7   Thumb Code     0  startup_stm32f40_41xxx.o(.text)
    EXTI2_IRQHandler                         0x080001b7   Thumb Code     0  startup_stm32f40_41xxx.o(.text)
    EXTI3_IRQHandler                         0x080001b7   Thumb Code     0  startup_stm32f40_41xxx.o(.text)
    EXTI4_IRQHandler                         0x080001b7   Thumb Code     0  startup_stm32f40_41xxx.o(.text)
    EXTI9_5_IRQHandler                       0x080001b7   Thumb Code     0  startup_stm32f40_41xxx.o(.text)
    FLASH_IRQHandler                         0x080001b7   Thumb Code     0  startup_stm32f40_41xxx.o(.text)
    FPU_IRQHandler                           0x080001b7   Thumb Code     0  startup_stm32f40_41xxx.o(.text)
    FSMC_IRQHandler                          0x080001b7   Thumb Code     0  startup_stm32f40_41xxx.o(.text)
    HASH_RNG_IRQHandler                      0x080001b7   Thumb Code     0  startup_stm32f40_41xxx.o(.text)
    I2C1_ER_IRQHandler                       0x080001b7   Thumb Code     0  startup_stm32f40_41xxx.o(.text)
    I2C1_EV_IRQHandler                       0x080001b7   Thumb Code     0  startup_stm32f40_41xxx.o(.text)
    I2C2_ER_IRQHandler                       0x080001b7   Thumb Code     0  startup_stm32f40_41xxx.o(.text)
    I2C2_EV_IRQHandler                       0x080001b7   Thumb Code     0  startup_stm32f40_41xxx.o(.text)
    I2C3_ER_IRQHandler                       0x080001b7   Thumb Code     0  startup_stm32f40_41xxx.o(.text)
    I2C3_EV_IRQHandler                       0x080001b7   Thumb Code     0  startup_stm32f40_41xxx.o(.text)
    OTG_FS_IRQHandler                        0x080001b7   Thumb Code     0  startup_stm32f40_41xxx.o(.text)
    OTG_FS_WKUP_IRQHandler                   0x080001b7   Thumb Code     0  startup_stm32f40_41xxx.o(.text)
    OTG_HS_EP1_IN_IRQHandler                 0x080001b7   Thumb Code     0  startup_stm32f40_41xxx.o(.text)
    OTG_HS_EP1_OUT_IRQHandler                0x080001b7   Thumb Code     0  startup_stm32f40_41xxx.o(.text)
    OTG_HS_IRQHandler                        0x080001b7   Thumb Code     0  startup_stm32f40_41xxx.o(.text)
    OTG_HS_WKUP_IRQHandler                   0x080001b7   Thumb Code     0  startup_stm32f40_41xxx.o(.text)
    PVD_IRQHandler                           0x080001b7   Thumb Code     0  startup_stm32f40_41xxx.o(.text)
    RCC_IRQHandler                           0x080001b7   Thumb Code     0  startup_stm32f40_41xxx.o(.text)
    RTC_Alarm_IRQHandler                     0x080001b7   Thumb Code     0  startup_stm32f40_41xxx.o(.text)
    RTC_WKUP_IRQHandler                      0x080001b7   Thumb Code     0  startup_stm32f40_41xxx.o(.text)
    SDIO_IRQHandler                          0x080001b7   Thumb Code     0  startup_stm32f40_41xxx.o(.text)
    SPI1_IRQHandler                          0x080001b7   Thumb Code     0  startup_stm32f40_41xxx.o(.text)
    SPI2_IRQHandler                          0x080001b7   Thumb Code     0  startup_stm32f40_41xxx.o(.text)
    SPI3_IRQHandler                          0x080001b7   Thumb Code     0  startup_stm32f40_41xxx.o(.text)
    TAMP_STAMP_IRQHandler                    0x080001b7   Thumb Code     0  startup_stm32f40_41xxx.o(.text)
    TIM1_BRK_TIM9_IRQHandler                 0x080001b7   Thumb Code     0  startup_stm32f40_41xxx.o(.text)
    TIM1_CC_IRQHandler                       0x080001b7   Thumb Code     0  startup_stm32f40_41xxx.o(.text)
    TIM1_TRG_COM_TIM11_IRQHandler            0x080001b7   Thumb Code     0  startup_stm32f40_41xxx.o(.text)
    TIM1_UP_TIM10_IRQHandler                 0x080001b7   Thumb Code     0  startup_stm32f40_41xxx.o(.text)
    TIM2_IRQHandler                          0x080001b7   Thumb Code     0  startup_stm32f40_41xxx.o(.text)
    TIM3_IRQHandler                          0x080001b7   Thumb Code     0  startup_stm32f40_41xxx.o(.text)
    TIM4_IRQHandler                          0x080001b7   Thumb Code     0  startup_stm32f40_41xxx.o(.text)
    TIM5_IRQHandler                          0x080001b7   Thumb Code     0  startup_stm32f40_41xxx.o(.text)
    TIM6_DAC_IRQHandler                      0x080001b7   Thumb Code     0  startup_stm32f40_41xxx.o(.text)
    TIM7_IRQHandler                          0x080001b7   Thumb Code     0  startup_stm32f40_41xxx.o(.text)
    TIM8_BRK_TIM12_IRQHandler                0x080001b7   Thumb Code     0  startup_stm32f40_41xxx.o(.text)
    TIM8_CC_IRQHandler                       0x080001b7   Thumb Code     0  startup_stm32f40_41xxx.o(.text)
    TIM8_TRG_COM_TIM14_IRQHandler            0x080001b7   Thumb Code     0  startup_stm32f40_41xxx.o(.text)
    TIM8_UP_TIM13_IRQHandler                 0x080001b7   Thumb Code     0  startup_stm32f40_41xxx.o(.text)
    UART4_IRQHandler                         0x080001b7   Thumb Code     0  startup_stm32f40_41xxx.o(.text)
    UART5_IRQHandler                         0x080001b7   Thumb Code     0  startup_stm32f40_41xxx.o(.text)
    USART1_IRQHandler                        0x080001b7   Thumb Code     0  startup_stm32f40_41xxx.o(.text)
    USART2_IRQHandler                        0x080001b7   Thumb Code     0  startup_stm32f40_41xxx.o(.text)
    USART3_IRQHandler                        0x080001b7   Thumb Code     0  startup_stm32f40_41xxx.o(.text)
    USART6_IRQHandler                        0x080001b7   Thumb Code     0  startup_stm32f40_41xxx.o(.text)
    WWDG_IRQHandler                          0x080001b7   Thumb Code     0  startup_stm32f40_41xxx.o(.text)
    __aeabi_memcpy                           0x080001c1   Thumb Code    36  memcpya.o(.text)
    __aeabi_memcpy4                          0x080001c1   Thumb Code     0  memcpya.o(.text)
    __aeabi_memcpy8                          0x080001c1   Thumb Code     0  memcpya.o(.text)
    __aeabi_memset                           0x080001e5   Thumb Code    14  memseta.o(.text)
    __aeabi_memset4                          0x080001e5   Thumb Code     0  memseta.o(.text)
    __aeabi_memset8                          0x080001e5   Thumb Code     0  memseta.o(.text)
    __aeabi_memclr                           0x080001f3   Thumb Code     4  memseta.o(.text)
    __aeabi_memclr4                          0x080001f3   Thumb Code     0  memseta.o(.text)
    __aeabi_memclr8                          0x080001f3   Thumb Code     0  memseta.o(.text)
    _memset$wrapper                          0x080001f7   Thumb Code    18  memseta.o(.text)
    memcmp                                   0x08000209   Thumb Code    26  memcmp.o(.text)
    __scatterload                            0x08000225   Thumb Code    28  init.o(.text)
    __scatterload_rt2                        0x08000225   Thumb Code     0  init.o(.text)
    BusFault_Handler                         0x08000249   Thumb Code     4  stm32f4xx_it.o(i.BusFault_Handler)
    Change_struct                            0x0800024d   Thumb Code   114  udp_server.o(i.Change_struct)
    CheckFrameSum                            0x080002c9   Thumb Code    94  udp_server.o(i.CheckFrameSum)
    CheckRcvFrame                            0x08000331   Thumb Code   146  udp_server.o(i.CheckRcvFrame)
    DebugMon_Handler                         0x080003dd   Thumb Code     2  stm32f4xx_it.o(i.DebugMon_Handler)
    DelayMs                                  0x080003df   Thumb Code    22  i2c.o(i.DelayMs)
    ETH_BSP_Config                           0x080003f5   Thumb Code    80  stm32f4x7_eth_bsp.o(i.ETH_BSP_Config)
    ETH_CheckFrameReceived                   0x08000445   Thumb Code   190  stm32f4x7_eth.o(i.ETH_CheckFrameReceived)
    ETH_DMAClearITPendingBit                 0x0800050d   Thumb Code     6  stm32f4x7_eth.o(i.ETH_DMAClearITPendingBit)
    ETH_DMAITConfig                          0x08000519   Thumb Code    26  stm32f4x7_eth.o(i.ETH_DMAITConfig)
    ETH_DMAReceptionCmd                      0x08000539   Thumb Code    30  stm32f4x7_eth.o(i.ETH_DMAReceptionCmd)
    ETH_DMARxDescChainInit                   0x0800055d   Thumb Code    82  stm32f4x7_eth.o(i.ETH_DMARxDescChainInit)
    ETH_DMATransmissionCmd                   0x080005c1   Thumb Code    30  stm32f4x7_eth.o(i.ETH_DMATransmissionCmd)
    ETH_DMATxDescChainInit                   0x080005e5   Thumb Code    70  stm32f4x7_eth.o(i.ETH_DMATxDescChainInit)
    ETH_DMATxDescChecksumInsertionConfig     0x08000635   Thumb Code     8  stm32f4x7_eth.o(i.ETH_DMATxDescChecksumInsertionConfig)
    ETH_DeInit                               0x0800063d   Thumb Code    22  stm32f4x7_eth.o(i.ETH_DeInit)
    ETH_FlushTransmitFIFO                    0x08000671   Thumb Code    14  stm32f4x7_eth.o(i.ETH_FlushTransmitFIFO)
    ETH_GetSoftwareResetStatus               0x08000741   Thumb Code    20  stm32f4x7_eth.o(i.ETH_GetSoftwareResetStatus)
    ETH_Get_Received_Frame                   0x08000759   Thumb Code    82  stm32f4x7_eth.o(i.ETH_Get_Received_Frame)
    ETH_IRQHandler                           0x080007b5   Thumb Code    32  stm32f4xx_it.o(i.ETH_IRQHandler)
    ETH_Init                                 0x080007d5   Thumb Code   638  stm32f4x7_eth.o(i.ETH_Init)
    ETH_MACAddressConfig                     0x08000a81   Thumb Code    46  stm32f4x7_eth.o(i.ETH_MACAddressConfig)
    ETH_MACReceptionCmd                      0x08000b41   Thumb Code    30  stm32f4x7_eth.o(i.ETH_MACReceptionCmd)
    ETH_MACTransmissionCmd                   0x08000b65   Thumb Code    30  stm32f4x7_eth.o(i.ETH_MACTransmissionCmd)
    ETH_Prepare_Transmit_Descriptors         0x08000bb1   Thumb Code   222  stm32f4x7_eth.o(i.ETH_Prepare_Transmit_Descriptors)
    ETH_ReadPHYRegister                      0x08000c99   Thumb Code    98  stm32f4x7_eth.o(i.ETH_ReadPHYRegister)
    ETH_SoftwareReset                        0x08000d05   Thumb Code    14  stm32f4x7_eth.o(i.ETH_SoftwareReset)
    ETH_Start                                0x08000d19   Thumb Code    32  stm32f4x7_eth.o(i.ETH_Start)
    ETH_StructInit                           0x08000d39   Thumb Code   178  stm32f4x7_eth.o(i.ETH_StructInit)
    ETH_WritePHYRegister                     0x08000ded   Thumb Code    96  stm32f4x7_eth.o(i.ETH_WritePHYRegister)
    EXTI15_10_IRQHandler                     0x08000e55   Thumb Code     2  stm32f4xx_it.o(i.EXTI15_10_IRQHandler)
    GPIO_Init                                0x08000e57   Thumb Code   144  stm32f4xx_gpio.o(i.GPIO_Init)
    GPIO_PinAFConfig                         0x08000ee7   Thumb Code    70  stm32f4xx_gpio.o(i.GPIO_PinAFConfig)
    HardFault_Handler                        0x08000f2d   Thumb Code     4  stm32f4xx_it.o(i.HardFault_Handler)
    I2C_CheckEvent                           0x08000f31   Thumb Code    42  stm32f4xx_i2c.o(i.I2C_CheckEvent)
    I2C_Cmd                                  0x08000f5b   Thumb Code    24  stm32f4xx_i2c.o(i.I2C_Cmd)
    I2C_Configuration                        0x08000f75   Thumb Code   130  i2c.o(i.I2C_Configuration)
    I2C_GenerateSTART                        0x08001005   Thumb Code    24  stm32f4xx_i2c.o(i.I2C_GenerateSTART)
    I2C_GenerateSTOP                         0x0800101d   Thumb Code    24  stm32f4xx_i2c.o(i.I2C_GenerateSTOP)
    I2C_GetFlagStatus                        0x08001035   Thumb Code    58  stm32f4xx_i2c.o(i.I2C_GetFlagStatus)
    I2C_Init                                 0x08001071   Thumb Code   218  stm32f4xx_i2c.o(i.I2C_Init)
    I2C_Send7bitAddress                      0x08001159   Thumb Code    16  stm32f4xx_i2c.o(i.I2C_Send7bitAddress)
    I2C_SendData                             0x08001169   Thumb Code     4  stm32f4xx_i2c.o(i.I2C_SendData)
    I2C_WriteByte                            0x0800116d   Thumb Code   126  i2c.o(i.I2C_WriteByte)
    LwIP_Init                                0x080011f9   Thumb Code   100  netconf.o(i.LwIP_Init)
    LwIP_Periodic_Handle                     0x08001269   Thumb Code    52  netconf.o(i.LwIP_Periodic_Handle)
    LwIP_Pkt_Handle                          0x080012a5   Thumb Code    10  netconf.o(i.LwIP_Pkt_Handle)
    MemManage_Handler                        0x080012b5   Thumb Code     4  stm32f4xx_it.o(i.MemManage_Handler)
    My_IP4_ADDR                              0x080012b9   Thumb Code    48  netconf.o(i.My_IP4_ADDR)
    NMI_Handler                              0x080012e9   Thumb Code     2  stm32f4xx_it.o(i.NMI_Handler)
    NVIC_Init                                0x080012ed   Thumb Code   106  misc.o(i.NVIC_Init)
    NVIC_PriorityGroupConfig                 0x08001365   Thumb Code    10  misc.o(i.NVIC_PriorityGroupConfig)
    OLED_CLS                                 0x080013a1   Thumb Code    10  i2c.o(i.OLED_CLS)
    OLED_DrawBMP                             0x080013ab   Thumb Code   116  i2c.o(i.OLED_DrawBMP)
    OLED_Fill                                0x0800141f   Thumb Code    58  i2c.o(i.OLED_Fill)
    OLED_Init                                0x08001459   Thumb Code   178  i2c.o(i.OLED_Init)
    OLED_SetPos                              0x0800150b   Thumb Code    40  i2c.o(i.OLED_SetPos)
    OLED_ShowStr                             0x08001535   Thumb Code   228  i2c.o(i.OLED_ShowStr)
    PendSV_Handler                           0x08001621   Thumb Code     2  stm32f4xx_it.o(i.PendSV_Handler)
    RCC_AHB1PeriphClockCmd                   0x08001625   Thumb Code    26  stm32f4xx_rcc.o(i.RCC_AHB1PeriphClockCmd)
    RCC_AHB1PeriphResetCmd                   0x08001645   Thumb Code    26  stm32f4xx_rcc.o(i.RCC_AHB1PeriphResetCmd)
    RCC_APB1PeriphClockCmd                   0x08001665   Thumb Code    26  stm32f4xx_rcc.o(i.RCC_APB1PeriphClockCmd)
    RCC_APB2PeriphClockCmd                   0x08001685   Thumb Code    26  stm32f4xx_rcc.o(i.RCC_APB2PeriphClockCmd)
    RCC_GetClocksFreq                        0x080016a5   Thumb Code   214  stm32f4xx_rcc.o(i.RCC_GetClocksFreq)
    SVC_Handler                              0x0800178d   Thumb Code     2  stm32f4xx_it.o(i.SVC_Handler)
    SYSCFG_ETH_MediaInterfaceConfig          0x08001791   Thumb Code     6  stm32f4xx_syscfg.o(i.SYSCFG_ETH_MediaInterfaceConfig)
    SendFrame                                0x0800179d   Thumb Code   180  udp_server.o(i.SendFrame)
    SetAckFrame                              0x08001859   Thumb Code    38  udp_server.o(i.SetAckFrame)
    SysTick_Handler                          0x08001975   Thumb Code     8  stm32f4xx_it.o(i.SysTick_Handler)
    SystemInit                               0x0800197d   Thumb Code    88  system_stm32f4xx.o(i.SystemInit)
    Time_Update                              0x080019e5   Thumb Code    12  main.o(i.Time_Update)
    UDP_server_init                          0x080019f5   Thumb Code    32  udp_server.o(i.UDP_server_init)
    UsageFault_Handler                       0x08001a1d   Thumb Code     4  stm32f4xx_it.o(i.UsageFault_Handler)
    WriteCmd                                 0x08001a21   Thumb Code    14  i2c.o(i.WriteCmd)
    WriteDat                                 0x08001a2f   Thumb Code    14  i2c.o(i.WriteDat)
    __scatterload_copy                       0x08001a3d   Thumb Code    14  handlers.o(i.__scatterload_copy)
    __scatterload_null                       0x08001a4b   Thumb Code     2  handlers.o(i.__scatterload_null)
    __scatterload_zeroinit                   0x08001a4d   Thumb Code    14  handlers.o(i.__scatterload_zeroinit)
    autoip_arp_reply                         0x08001a89   Thumb Code   176  autoip.o(i.autoip_arp_reply)
    autoip_start                             0x08001bcb   Thumb Code    96  autoip.o(i.autoip_start)
    dhcp_arp_reply                           0x08001c7b   Thumb Code    46  dhcp.o(i.dhcp_arp_reply)
    etharp_arp_input                         0x08001f61   Thumb Code   340  etharp.o(i.etharp_arp_input)
    etharp_ip_input                          0x080020b9   Thumb Code    60  etharp.o(i.etharp_ip_input)
    etharp_output                            0x080020f5   Thumb Code   190  etharp.o(i.etharp_output)
    etharp_query                             0x080021b9   Thumb Code   386  etharp.o(i.etharp_query)
    etharp_raw                               0x08002341   Thumb Code   212  etharp.o(i.etharp_raw)
    etharp_request                           0x08002419   Thumb Code    36  etharp.o(i.etharp_request)
    etharp_tmr                               0x08002489   Thumb Code   154  etharp.o(i.etharp_tmr)
    ethernet_input                           0x08002529   Thumb Code   108  etharp.o(i.ethernet_input)
    ethernetif_init                          0x08002595   Thumb Code    38  ethernetif.o(i.ethernetif_init)
    ethernetif_input                         0x080025c5   Thumb Code    44  ethernetif.o(i.ethernetif_input)
    htonl                                    0x08002807   Thumb Code    26  inet.o(i.htonl)
    htons                                    0x08002821   Thumb Code    12  inet.o(i.htons)
    icmp_dest_unreach                        0x0800282d   Thumb Code    18  icmp.o(i.icmp_dest_unreach)
    icmp_input                               0x0800283f   Thumb Code   368  icmp.o(i.icmp_input)
    icmp_time_exceeded                       0x08002a1b   Thumb Code    18  icmp.o(i.icmp_time_exceeded)
    inet_chksum                              0x08002a2d   Thumb Code    20  inet_chksum.o(i.inet_chksum)
    inet_chksum_pbuf                         0x08002a41   Thumb Code    86  inet_chksum.o(i.inet_chksum_pbuf)
    ip_addr_isbroadcast                      0x08002a97   Thumb Code    78  ip_addr.o(i.ip_addr_isbroadcast)
    ip_frag                                  0x08002ae5   Thumb Code   326  ip_frag.o(i.ip_frag)
    ip_input                                 0x08002c31   Thumb Code   446  ip.o(i.ip_input)
    ip_output                                0x08002dfd   Thumb Code    52  ip.o(i.ip_output)
    ip_output_if                             0x08002e31   Thumb Code   246  ip.o(i.ip_output_if)
    ip_reass                                 0x08002f2d   Thumb Code   400  ip_frag.o(i.ip_reass)
    ip_route                                 0x080033b1   Thumb Code    70  ip.o(i.ip_route)
    main                                     0x080035d5   Thumb Code    54  main.o(i.main)
    mem_free                                 0x08003621   Thumb Code    68  mem.o(i.mem_free)
    mem_init                                 0x08003671   Thumb Code    80  mem.o(i.mem_init)
    mem_malloc                               0x080036d5   Thumb Code   228  mem.o(i.mem_malloc)
    mem_realloc                              0x080037c5   Thumb Code   288  mem.o(i.mem_realloc)
    memp_free                                0x080038f1   Thumb Code    28  memp.o(i.memp_free)
    memp_init                                0x08003911   Thumb Code    82  memp.o(i.memp_init)
    memp_malloc                              0x08003975   Thumb Code    40  memp.o(i.memp_malloc)
    netif_add                                0x080039a1   Thumb Code   100  netif.o(i.netif_add)
    netif_is_up                              0x08003a0d   Thumb Code    12  netif.o(i.netif_is_up)
    netif_set_addr                           0x08003a19   Thumb Code    40  netif.o(i.netif_set_addr)
    netif_set_default                        0x08003a41   Thumb Code     6  netif.o(i.netif_set_default)
    netif_set_down                           0x08003a4d   Thumb Code    24  netif.o(i.netif_set_down)
    netif_set_gw                             0x08003a65   Thumb Code    12  netif.o(i.netif_set_gw)
    netif_set_ipaddr                         0x08003a71   Thumb Code   110  netif.o(i.netif_set_ipaddr)
    netif_set_netmask                        0x08003ae9   Thumb Code    12  netif.o(i.netif_set_netmask)
    netif_set_up                             0x08003af5   Thumb Code    44  netif.o(i.netif_set_up)
    ntohl                                    0x08003b21   Thumb Code    12  inet.o(i.ntohl)
    ntohs                                    0x08003b2d   Thumb Code    12  inet.o(i.ntohs)
    pbuf_alloc                               0x08003b39   Thumb Code   414  pbuf.o(i.pbuf_alloc)
    pbuf_cat                                 0x08003cd7   Thumb Code    56  pbuf.o(i.pbuf_cat)
    pbuf_chain                               0x08003d0f   Thumb Code    22  pbuf.o(i.pbuf_chain)
    pbuf_clen                                0x08003d25   Thumb Code    18  pbuf.o(i.pbuf_clen)
    pbuf_copy                                0x08003d37   Thumb Code   182  pbuf.o(i.pbuf_copy)
    pbuf_copy_partial                        0x08003ded   Thumb Code   146  pbuf.o(i.pbuf_copy_partial)
    pbuf_free                                0x08003e7f   Thumb Code   110  pbuf.o(i.pbuf_free)
    pbuf_header                              0x08003eed   Thumb Code   126  pbuf.o(i.pbuf_header)
    pbuf_realloc                             0x08003f6b   Thumb Code   120  pbuf.o(i.pbuf_realloc)
    pbuf_ref                                 0x08003fe3   Thumb Code    10  pbuf.o(i.pbuf_ref)
    raw_input                                0x08004075   Thumb Code   100  raw.o(i.raw_input)
    tcp_abandon                              0x080040dd   Thumb Code   148  tcp.o(i.tcp_abandon)
    tcp_alloc                                0x08004179   Thumb Code   170  tcp.o(i.tcp_alloc)
    tcp_close                                0x08004231   Thumb Code   234  tcp.o(i.tcp_close)
    tcp_eff_send_mss                         0x0800432d   Thumb Code    46  tcp.o(i.tcp_eff_send_mss)
    tcp_enqueue                              0x0800435b   Thumb Code  1014  tcp_out.o(i.tcp_enqueue)
    tcp_fasttmr                              0x08004751   Thumb Code   114  tcp.o(i.tcp_fasttmr)
    tcp_input                                0x080047c9   Thumb Code  1120  tcp_in.o(i.tcp_input)
    tcp_keepalive                            0x08004c35   Thumb Code    82  tcp_out.o(i.tcp_keepalive)
    tcp_next_iss                             0x08004e51   Thumb Code    20  tcp.o(i.tcp_next_iss)
    tcp_output                               0x08004e6d   Thumb Code   474  tcp_out.o(i.tcp_output)
    tcp_pcb_purge                            0x0800525d   Thumb Code    54  tcp.o(i.tcp_pcb_purge)
    tcp_pcb_remove                           0x08005295   Thumb Code   146  tcp.o(i.tcp_pcb_remove)
    tcp_recv_null                            0x08005ee1   Thumb Code    46  tcp.o(i.tcp_recv_null)
    tcp_recved                               0x08005f0f   Thumb Code    70  tcp.o(i.tcp_recved)
    tcp_rexmit                               0x08005f55   Thumb Code    80  tcp_out.o(i.tcp_rexmit)
    tcp_rexmit_fast                          0x08005fa5   Thumb Code   114  tcp_out.o(i.tcp_rexmit_fast)
    tcp_rexmit_rto                           0x08006017   Thumb Code    58  tcp_out.o(i.tcp_rexmit_rto)
    tcp_rst                                  0x08006051   Thumb Code   170  tcp_out.o(i.tcp_rst)
    tcp_seg_free                             0x080060fb   Thumb Code    32  tcp.o(i.tcp_seg_free)
    tcp_segs_free                            0x0800611b   Thumb Code    30  tcp.o(i.tcp_segs_free)
    tcp_send_ctrl                            0x08006139   Thumb Code    28  tcp_out.o(i.tcp_send_ctrl)
    tcp_send_empty_ack                       0x08006155   Thumb Code    94  tcp_out.o(i.tcp_send_empty_ack)
    tcp_slowtmr                              0x080061b5   Thumb Code   712  tcp.o(i.tcp_slowtmr)
    tcp_tmr                                  0x08006549   Thumb Code    30  tcp.o(i.tcp_tmr)
    tcp_update_rcv_ann_wnd                   0x0800656d   Thumb Code    72  tcp.o(i.tcp_update_rcv_ann_wnd)
    tcp_zero_window_probe                    0x080065b5   Thumb Code   168  tcp_out.o(i.tcp_zero_window_probe)
    udp_bind                                 0x0800665d   Thumb Code   106  udp.o(i.udp_bind)
    udp_input                                0x080066cd   Thumb Code   452  udp.o(i.udp_input)
    udp_new                                  0x08006895   Thumb Code    28  udp.o(i.udp_new)
    udp_recv                                 0x080068b1   Thumb Code     6  udp.o(i.udp_recv)
    udp_sendto                               0x080068b7   Thumb Code    46  udp.o(i.udp_sendto)
    udp_sendto_if                            0x080068e5   Thumb Code   202  udp.o(i.udp_sendto_if)
    udp_server_recv                          0x080069b1   Thumb Code   152  udp_server.o(i.udp_server_recv)
    F6x8                                     0x08006b48   Data         552  chinese.o(.constdata)
    F8X16                                    0x08006d70   Data        1520  chinese.o(.constdata)
    tcp_backoff                              0x08007384   Data          13  tcp.o(.constdata)
    tcp_persist_backoff                      0x08007391   Data           7  tcp.o(.constdata)
    ip_addr_any                              0x08007398   Data           4  ip_addr.o(.constdata)
    ip_addr_broadcast                        0x0800739c   Data           4  ip_addr.o(.constdata)
    ethbroadcast                             0x080073a0   Data           6  etharp.o(.constdata)
    ethzero                                  0x080073a6   Data           6  etharp.o(.constdata)
    Region$$Table$$Base                      0x08007424   Number         0  anon$$obj.o(Region$$Table)
    Region$$Table$$Limit                     0x08007444   Number         0  anon$$obj.o(Region$$Table)
    LocalTime                                0x20000000   Data           4  main.o(.data)
    timingdelay                              0x20000004   Data           4  main.o(.data)
    TCPTimer                                 0x20000008   Data           4  netconf.o(.data)
    ARPTimer                                 0x2000000c   Data           4  netconf.o(.data)
    IPaddress                                0x20000010   Data           4  netconf.o(.data)
    Bk                                       0x20000014   Data           2  udp_server.o(.data)
    k                                        0x20000016   Data           2  udp_server.o(.data)
    j                                        0x20000018   Data           2  udp_server.o(.data)
    RFrameFlag                               0x2000001a   Data           1  udp_server.o(.data)
    SframeFlag                               0x2000001b   Data           1  udp_server.o(.data)
    FileRcvCompleteFlag                      0x2000001c   Data           1  udp_server.o(.data)
    LastFrameSn                              0x2000001d   Data           1  udp_server.o(.data)
    FileLength                               0x2000001e   Data           2  udp_server.o(.data)
    FilePointer                              0x20000020   Data           2  udp_server.o(.data)
    netif_list                               0x20000048   Data           4  netif.o(.data)
    netif_default                            0x2000004c   Data           4  netif.o(.data)
    tcp_state_str                            0x20000058   Data          44  tcp.o(.data)
    tcp_ticks                                0x20000084   Data           4  tcp.o(.data)
    tcp_bound_pcbs                           0x20000088   Data           4  tcp.o(.data)
    tcp_listen_pcbs                          0x2000008c   Data           4  tcp.o(.data)
    tcp_active_pcbs                          0x20000090   Data           4  tcp.o(.data)
    tcp_tw_pcbs                              0x20000094   Data           4  tcp.o(.data)
    tcp_tmp_pcb                              0x20000098   Data           4  tcp.o(.data)
    tcp_input_pcb                            0x200000c0   Data           4  tcp_in.o(.data)
    udp_pcbs                                 0x200000c4   Data           4  udp.o(.data)
    current_netif                            0x200000c8   Data           4  ip.o(.data)
    current_header                           0x200000cc   Data           4  ip.o(.data)
    DMATxDescToSet                           0x200000dc   Data           4  stm32f4x7_eth.o(.data)
    DMARxDescToGet                           0x200000e0   Data           4  stm32f4x7_eth.o(.data)
    DMA_RX_FRAME_infos                       0x200000e4   Data           4  stm32f4x7_eth.o(.data)
    Frame_Rx_index                           0x200000e8   Data           4  stm32f4x7_eth.o(.data)
    netif                                    0x200000ec   Data          56  netconf.o(.bss)
    BMPx                                     0x20000124   Data        1024  udp_server.o(.bss)
    kk                                       0x20000524   Data           9  udp_server.o(.bss)
    ReceivedFrame                            0x2000052d   Data          40  udp_server.o(.bss)
    SendingFrame                             0x20000555   Data          40  udp_server.o(.bss)
    DMARxDscrTab                             0x20005888   Data         128  stm32f4x7_eth.o(.bss)
    DMATxDscrTab                             0x20005908   Data          64  stm32f4x7_eth.o(.bss)
    Rx_Buff                                  0x20005948   Data        6096  stm32f4x7_eth.o(.bss)
    Tx_Buff                                  0x20007118   Data        3048  stm32f4x7_eth.o(.bss)
    RX_Frame_Descriptor                      0x20007d00   Data          12  stm32f4x7_eth.o(.bss)
    __initial_sp                             0x20008110   Data           0  startup_stm32f40_41xxx.o(STACK)



==============================================================================

Memory Map of the image

  Image Entry point : 0x08000189

  Load Region LR_IROM1 (Base: 0x08000000, Size: 0x00007530, Max: 0x00080000, ABSOLUTE)

    Execution Region ER_IROM1 (Exec base: 0x08000000, Load base: 0x08000000, Size: 0x00007444, Max: 0x00080000, ABSOLUTE)

    Exec Addr    Load Addr    Size         Type   Attr      Idx    E Section Name        Object

    0x08000000   0x08000000   0x00000188   Data   RO          610    RESET               startup_stm32f40_41xxx.o
    0x08000188   0x08000188   0x00000000   Code   RO         4214  * .ARM.Collect$$$$00000000  mc_w.l(entry.o)
    0x08000188   0x08000188   0x00000004   Code   RO         4225    .ARM.Collect$$$$00000001  mc_w.l(entry2.o)
    0x0800018c   0x0800018c   0x00000004   Code   RO         4228    .ARM.Collect$$$$00000004  mc_w.l(entry5.o)
    0x08000190   0x08000190   0x00000000   Code   RO         4230    .ARM.Collect$$$$00000008  mc_w.l(entry7b.o)
    0x08000190   0x08000190   0x00000000   Code   RO         4232    .ARM.Collect$$$$0000000A  mc_w.l(entry8b.o)
    0x08000190   0x08000190   0x00000008   Code   RO         4233    .ARM.Collect$$$$0000000B  mc_w.l(entry9a.o)
    0x08000198   0x08000198   0x00000000   Code   RO         4235    .ARM.Collect$$$$0000000D  mc_w.l(entry10a.o)
    0x08000198   0x08000198   0x00000000   Code   RO         4237    .ARM.Collect$$$$0000000F  mc_w.l(entry11a.o)
    0x08000198   0x08000198   0x00000004   Code   RO         4226    .ARM.Collect$$$$00002712  mc_w.l(entry2.o)
    0x0800019c   0x0800019c   0x00000024   Code   RO          611    .text               startup_stm32f40_41xxx.o
    0x080001c0   0x080001c0   0x00000024   Code   RO         4217    .text               mc_w.l(memcpya.o)
    0x080001e4   0x080001e4   0x00000024   Code   RO         4219    .text               mc_w.l(memseta.o)
    0x08000208   0x08000208   0x0000001a   Code   RO         4221    .text               mc_w.l(memcmp.o)
    0x08000222   0x08000222   0x00000002   PAD
    0x08000224   0x08000224   0x00000024   Code   RO         4239    .text               mc_w.l(init.o)
    0x08000248   0x08000248   0x00000004   Code   RO            3    i.BusFault_Handler  stm32f4xx_it.o
    0x0800024c   0x0800024c   0x0000007c   Code   RO          428    i.Change_struct     udp_server.o
    0x080002c8   0x080002c8   0x00000068   Code   RO          429    i.CheckFrameSum     udp_server.o
    0x08000330   0x08000330   0x000000ac   Code   RO          430    i.CheckRcvFrame     udp_server.o
    0x080003dc   0x080003dc   0x00000002   Code   RO            4    i.DebugMon_Handler  stm32f4xx_it.o
    0x080003de   0x080003de   0x00000016   Code   RO          512    i.DelayMs           i2c.o
    0x080003f4   0x080003f4   0x00000050   Code   RO          384    i.ETH_BSP_Config    stm32f4x7_eth_bsp.o
    0x08000444   0x08000444   0x000000c8   Code   RO         3693    i.ETH_CheckFrameReceived  stm32f4x7_eth.o
    0x0800050c   0x0800050c   0x0000000c   Code   RO         3695    i.ETH_DMAClearITPendingBit  stm32f4x7_eth.o
    0x08000518   0x08000518   0x00000020   Code   RO         3696    i.ETH_DMAITConfig   stm32f4x7_eth.o
    0x08000538   0x08000538   0x00000024   Code   RO         3697    i.ETH_DMAReceptionCmd  stm32f4x7_eth.o
    0x0800055c   0x0800055c   0x00000064   Code   RO         3698    i.ETH_DMARxDescChainInit  stm32f4x7_eth.o
    0x080005c0   0x080005c0   0x00000024   Code   RO         3700    i.ETH_DMATransmissionCmd  stm32f4x7_eth.o
    0x080005e4   0x080005e4   0x00000050   Code   RO         3703    i.ETH_DMATxDescChainInit  stm32f4x7_eth.o
    0x08000634   0x08000634   0x00000008   Code   RO         3704    i.ETH_DMATxDescChecksumInsertionConfig  stm32f4x7_eth.o
    0x0800063c   0x0800063c   0x00000016   Code   RO         3709    i.ETH_DeInit        stm32f4x7_eth.o
    0x08000652   0x08000652   0x0000001c   Code   RO         3710    i.ETH_Delay         stm32f4x7_eth.o
    0x0800066e   0x0800066e   0x00000002   PAD
    0x08000670   0x08000670   0x00000014   Code   RO         3712    i.ETH_FlushTransmitFIFO  stm32f4x7_eth.o
    0x08000684   0x08000684   0x000000bc   Code   RO          385    i.ETH_GPIO_Config   stm32f4x7_eth_bsp.o
    0x08000740   0x08000740   0x00000018   Code   RO         3738    i.ETH_GetSoftwareResetStatus  stm32f4x7_eth.o
    0x08000758   0x08000758   0x0000005c   Code   RO         3740    i.ETH_Get_Received_Frame  stm32f4x7_eth.o
    0x080007b4   0x080007b4   0x00000020   Code   RO            5    i.ETH_IRQHandler    stm32f4xx_it.o
    0x080007d4   0x080007d4   0x000002ac   Code   RO         3743    i.ETH_Init          stm32f4x7_eth.o
    0x08000a80   0x08000a80   0x00000034   Code   RO         3745    i.ETH_MACAddressConfig  stm32f4x7_eth.o
    0x08000ab4   0x08000ab4   0x0000008c   Code   RO          386    i.ETH_MACDMA_Config  stm32f4x7_eth_bsp.o
    0x08000b40   0x08000b40   0x00000024   Code   RO         3750    i.ETH_MACReceptionCmd  stm32f4x7_eth.o
    0x08000b64   0x08000b64   0x00000024   Code   RO         3751    i.ETH_MACTransmissionCmd  stm32f4x7_eth.o
    0x08000b88   0x08000b88   0x00000028   Code   RO          387    i.ETH_NVIC_Config   stm32f4x7_eth_bsp.o
    0x08000bb0   0x08000bb0   0x000000e8   Code   RO         3762    i.ETH_Prepare_Transmit_Descriptors  stm32f4x7_eth.o
    0x08000c98   0x08000c98   0x0000006c   Code   RO         3763    i.ETH_ReadPHYRegister  stm32f4x7_eth.o
    0x08000d04   0x08000d04   0x00000014   Code   RO         3771    i.ETH_SoftwareReset  stm32f4x7_eth.o
    0x08000d18   0x08000d18   0x00000020   Code   RO         3772    i.ETH_Start         stm32f4x7_eth.o
    0x08000d38   0x08000d38   0x000000b2   Code   RO         3773    i.ETH_StructInit    stm32f4x7_eth.o
    0x08000dea   0x08000dea   0x00000002   PAD
    0x08000dec   0x08000dec   0x00000068   Code   RO         3775    i.ETH_WritePHYRegister  stm32f4x7_eth.o
    0x08000e54   0x08000e54   0x00000002   Code   RO            6    i.EXTI15_10_IRQHandler  stm32f4xx_it.o
    0x08000e56   0x08000e56   0x00000090   Code   RO          668    i.GPIO_Init         stm32f4xx_gpio.o
    0x08000ee6   0x08000ee6   0x00000046   Code   RO          669    i.GPIO_PinAFConfig  stm32f4xx_gpio.o
    0x08000f2c   0x08000f2c   0x00000004   Code   RO            7    i.HardFault_Handler  stm32f4xx_it.o
    0x08000f30   0x08000f30   0x0000002a   Code   RO         1947    i.I2C_CheckEvent    stm32f4xx_i2c.o
    0x08000f5a   0x08000f5a   0x00000018   Code   RO         1950    i.I2C_Cmd           stm32f4xx_i2c.o
    0x08000f72   0x08000f72   0x00000002   PAD
    0x08000f74   0x08000f74   0x00000090   Code   RO          513    i.I2C_Configuration  i2c.o
    0x08001004   0x08001004   0x00000018   Code   RO         1958    i.I2C_GenerateSTART  stm32f4xx_i2c.o
    0x0800101c   0x0800101c   0x00000018   Code   RO         1959    i.I2C_GenerateSTOP  stm32f4xx_i2c.o
    0x08001034   0x08001034   0x0000003a   Code   RO         1960    i.I2C_GetFlagStatus  stm32f4xx_i2c.o
    0x0800106e   0x0800106e   0x00000002   PAD
    0x08001070   0x08001070   0x000000e8   Code   RO         1965    i.I2C_Init          stm32f4xx_i2c.o
    0x08001158   0x08001158   0x00000010   Code   RO         1972    i.I2C_Send7bitAddress  stm32f4xx_i2c.o
    0x08001168   0x08001168   0x00000004   Code   RO         1973    i.I2C_SendData      stm32f4xx_i2c.o
    0x0800116c   0x0800116c   0x0000008c   Code   RO          514    i.I2C_WriteByte     i2c.o
    0x080011f8   0x080011f8   0x00000070   Code   RO          318    i.LwIP_Init         netconf.o
    0x08001268   0x08001268   0x0000003c   Code   RO          319    i.LwIP_Periodic_Handle  netconf.o
    0x080012a4   0x080012a4   0x00000010   Code   RO          320    i.LwIP_Pkt_Handle   netconf.o
    0x080012b4   0x080012b4   0x00000004   Code   RO            8    i.MemManage_Handler  stm32f4xx_it.o
    0x080012b8   0x080012b8   0x00000030   Code   RO          321    i.My_IP4_ADDR       netconf.o
    0x080012e8   0x080012e8   0x00000002   Code   RO            9    i.NMI_Handler       stm32f4xx_it.o
    0x080012ea   0x080012ea   0x00000002   PAD
    0x080012ec   0x080012ec   0x00000078   Code   RO         1149    i.NVIC_Init         misc.o
    0x08001364   0x08001364   0x00000014   Code   RO         1150    i.NVIC_PriorityGroupConfig  misc.o
    0x08001378   0x08001378   0x00000028   Code   RO          388    i.NVIC_SetPriority  stm32f4x7_eth_bsp.o
    0x080013a0   0x080013a0   0x0000000a   Code   RO          515    i.OLED_CLS          i2c.o
    0x080013aa   0x080013aa   0x00000074   Code   RO          516    i.OLED_DrawBMP      i2c.o
    0x0800141e   0x0800141e   0x0000003a   Code   RO          517    i.OLED_Fill         i2c.o
    0x08001458   0x08001458   0x000000b2   Code   RO          518    i.OLED_Init         i2c.o
    0x0800150a   0x0800150a   0x00000028   Code   RO          521    i.OLED_SetPos       i2c.o
    0x08001532   0x08001532   0x00000002   PAD
    0x08001534   0x08001534   0x000000ec   Code   RO          523    i.OLED_ShowStr      i2c.o
    0x08001620   0x08001620   0x00000002   Code   RO           10    i.PendSV_Handler    stm32f4xx_it.o
    0x08001622   0x08001622   0x00000002   PAD
    0x08001624   0x08001624   0x00000020   Code   RO          765    i.RCC_AHB1PeriphClockCmd  stm32f4xx_rcc.o
    0x08001644   0x08001644   0x00000020   Code   RO          767    i.RCC_AHB1PeriphResetCmd  stm32f4xx_rcc.o
    0x08001664   0x08001664   0x00000020   Code   RO          774    i.RCC_APB1PeriphClockCmd  stm32f4xx_rcc.o
    0x08001684   0x08001684   0x00000020   Code   RO          777    i.RCC_APB2PeriphClockCmd  stm32f4xx_rcc.o
    0x080016a4   0x080016a4   0x000000e8   Code   RO          786    i.RCC_GetClocksFreq  stm32f4xx_rcc.o
    0x0800178c   0x0800178c   0x00000002   Code   RO           11    i.SVC_Handler       stm32f4xx_it.o
    0x0800178e   0x0800178e   0x00000002   PAD
    0x08001790   0x08001790   0x0000000c   Code   RO         1095    i.SYSCFG_ETH_MediaInterfaceConfig  stm32f4xx_syscfg.o
    0x0800179c   0x0800179c   0x000000bc   Code   RO          431    i.SendFrame         udp_server.o
    0x08001858   0x08001858   0x00000030   Code   RO          432    i.SetAckFrame       udp_server.o
    0x08001888   0x08001888   0x000000ec   Code   RO         2167    i.SetSysClock       system_stm32f4xx.o
    0x08001974   0x08001974   0x00000008   Code   RO           12    i.SysTick_Handler   stm32f4xx_it.o
    0x0800197c   0x0800197c   0x00000068   Code   RO         2169    i.SystemInit        system_stm32f4xx.o
    0x080019e4   0x080019e4   0x00000010   Code   RO          284    i.Time_Update       main.o
    0x080019f4   0x080019f4   0x00000028   Code   RO          433    i.UDP_server_init   udp_server.o
    0x08001a1c   0x08001a1c   0x00000004   Code   RO           13    i.UsageFault_Handler  stm32f4xx_it.o
    0x08001a20   0x08001a20   0x0000000e   Code   RO          524    i.WriteCmd          i2c.o
    0x08001a2e   0x08001a2e   0x0000000e   Code   RO          525    i.WriteDat          i2c.o
    0x08001a3c   0x08001a3c   0x0000000e   Code   RO         4243    i.__scatterload_copy  mc_w.l(handlers.o)
    0x08001a4a   0x08001a4a   0x00000002   Code   RO         4244    i.__scatterload_null  mc_w.l(handlers.o)
    0x08001a4c   0x08001a4c   0x0000000e   Code   RO         4245    i.__scatterload_zeroinit  mc_w.l(handlers.o)
    0x08001a5a   0x08001a5a   0x00000002   PAD
    0x08001a5c   0x08001a5c   0x0000002c   Code   RO         3246    i.autoip_arp_announce  autoip.o
    0x08001a88   0x08001a88   0x000000b0   Code   RO         3248    i.autoip_arp_reply  autoip.o
    0x08001b38   0x08001b38   0x00000064   Code   RO         3250    i.autoip_create_addr  autoip.o
    0x08001b9c   0x08001b9c   0x0000002e   Code   RO         3251    i.autoip_handle_arp_conflict  autoip.o
    0x08001bca   0x08001bca   0x00000060   Code   RO         3254    i.autoip_start      autoip.o
    0x08001c2a   0x08001c2a   0x00000050   Code   RO         3255    i.autoip_start_probing  autoip.o
    0x08001c7a   0x08001c7a   0x0000002e   Code   RO         2253    i.dhcp_arp_reply    dhcp.o
    0x08001ca8   0x08001ca8   0x0000012c   Code   RO         2257    i.dhcp_create_request  dhcp.o
    0x08001dd4   0x08001dd4   0x00000090   Code   RO         2258    i.dhcp_decline      dhcp.o
    0x08001e64   0x08001e64   0x00000032   Code   RO         2259    i.dhcp_delete_request  dhcp.o
    0x08001e96   0x08001e96   0x00000020   Code   RO         2271    i.dhcp_option       dhcp.o
    0x08001eb6   0x08001eb6   0x00000012   Code   RO         2272    i.dhcp_option_byte  dhcp.o
    0x08001ec8   0x08001ec8   0x00000042   Code   RO         2273    i.dhcp_option_long  dhcp.o
    0x08001f0a   0x08001f0a   0x00000046   Code   RO         2275    i.dhcp_option_trailer  dhcp.o
    0x08001f50   0x08001f50   0x0000000e   Code   RO         2282    i.dhcp_set_state    dhcp.o
    0x08001f5e   0x08001f5e   0x00000002   PAD
    0x08001f60   0x08001f60   0x00000158   Code   RO         3554    i.etharp_arp_input  etharp.o
    0x080020b8   0x080020b8   0x0000003c   Code   RO         3556    i.etharp_ip_input   etharp.o
    0x080020f4   0x080020f4   0x000000c4   Code   RO         3557    i.etharp_output     etharp.o
    0x080021b8   0x080021b8   0x00000188   Code   RO         3558    i.etharp_query      etharp.o
    0x08002340   0x08002340   0x000000d8   Code   RO         3559    i.etharp_raw        etharp.o
    0x08002418   0x08002418   0x0000002c   Code   RO         3560    i.etharp_request    etharp.o
    0x08002444   0x08002444   0x00000042   Code   RO         3561    i.etharp_send_ip    etharp.o
    0x08002486   0x08002486   0x00000002   PAD
    0x08002488   0x08002488   0x000000a0   Code   RO         3562    i.etharp_tmr        etharp.o
    0x08002528   0x08002528   0x0000006c   Code   RO         3563    i.ethernet_input    etharp.o
    0x08002594   0x08002594   0x00000030   Code   RO         3650    i.ethernetif_init   ethernetif.o
    0x080025c4   0x080025c4   0x0000002c   Code   RO         3651    i.ethernetif_input  ethernetif.o
    0x080025f0   0x080025f0   0x000001ec   Code   RO         3564    i.find_entry        etharp.o
    0x080027dc   0x080027dc   0x0000002a   Code   RO         3565    i.free_etharp_q     etharp.o
    0x08002806   0x08002806   0x0000001a   Code   RO         3356    i.htonl             inet.o
    0x08002820   0x08002820   0x0000000c   Code   RO         3357    i.htons             inet.o
    0x0800282c   0x0800282c   0x00000012   Code   RO         3321    i.icmp_dest_unreach  icmp.o
    0x0800283e   0x0800283e   0x00000170   Code   RO         3322    i.icmp_input        icmp.o
    0x080029ae   0x080029ae   0x0000006c   Code   RO         3323    i.icmp_send_response  icmp.o
    0x08002a1a   0x08002a1a   0x00000012   Code   RO         3324    i.icmp_time_exceeded  icmp.o
    0x08002a2c   0x08002a2c   0x00000014   Code   RO         3405    i.inet_chksum       inet_chksum.o
    0x08002a40   0x08002a40   0x00000056   Code   RO         3406    i.inet_chksum_pbuf  inet_chksum.o
    0x08002a96   0x08002a96   0x0000004e   Code   RO         3480    i.ip_addr_isbroadcast  ip_addr.o
    0x08002ae4   0x08002ae4   0x0000014c   Code   RO         3502    i.ip_frag           ip_frag.o
    0x08002c30   0x08002c30   0x000001cc   Code   RO         3441    i.ip_input          ip.o
    0x08002dfc   0x08002dfc   0x00000034   Code   RO         3442    i.ip_output         ip.o
    0x08002e30   0x08002e30   0x000000fc   Code   RO         3443    i.ip_output_if      ip.o
    0x08002f2c   0x08002f2c   0x00000198   Code   RO         3503    i.ip_reass          ip_frag.o
    0x080030c4   0x080030c4   0x00000168   Code   RO         3504    i.ip_reass_chain_frag_into_datagram_and_validate  ip_frag.o
    0x0800322c   0x0800322c   0x0000002c   Code   RO         3505    i.ip_reass_dequeue_datagram  ip_frag.o
    0x08003258   0x08003258   0x00000054   Code   RO         3506    i.ip_reass_enqueue_new_datagram  ip_frag.o
    0x080032ac   0x080032ac   0x00000088   Code   RO         3507    i.ip_reass_free_complete_datagram  ip_frag.o
    0x08003334   0x08003334   0x0000007c   Code   RO         3508    i.ip_reass_remove_oldest_datagram  ip_frag.o
    0x080033b0   0x080033b0   0x00000050   Code   RO         3444    i.ip_route          ip.o
    0x08003400   0x08003400   0x000000a4   Code   RO         3652    i.low_level_init    ethernetif.o
    0x080034a4   0x080034a4   0x000000ac   Code   RO         3653    i.low_level_input   ethernetif.o
    0x08003550   0x08003550   0x00000038   Code   RO         3654    i.low_level_output  ethernetif.o
    0x08003588   0x08003588   0x0000004a   Code   RO         3408    i.lwip_standard_chksum  inet_chksum.o
    0x080035d2   0x080035d2   0x00000002   PAD
    0x080035d4   0x080035d4   0x0000004c   Code   RO          285    i.main              main.o
    0x08003620   0x08003620   0x00000050   Code   RO         2514    i.mem_free          mem.o
    0x08003670   0x08003670   0x00000064   Code   RO         2515    i.mem_init          mem.o
    0x080036d4   0x080036d4   0x000000f0   Code   RO         2516    i.mem_malloc        mem.o
    0x080037c4   0x080037c4   0x0000012c   Code   RO         2517    i.mem_realloc       mem.o
    0x080038f0   0x080038f0   0x00000020   Code   RO         2557    i.memp_free         memp.o
    0x08003910   0x08003910   0x00000064   Code   RO         2558    i.memp_init         memp.o
    0x08003974   0x08003974   0x0000002c   Code   RO         2559    i.memp_malloc       memp.o
    0x080039a0   0x080039a0   0x0000006c   Code   RO         2599    i.netif_add         netif.o
    0x08003a0c   0x08003a0c   0x0000000c   Code   RO         2601    i.netif_is_up       netif.o
    0x08003a18   0x08003a18   0x00000028   Code   RO         2603    i.netif_set_addr    netif.o
    0x08003a40   0x08003a40   0x0000000c   Code   RO         2604    i.netif_set_default  netif.o
    0x08003a4c   0x08003a4c   0x00000018   Code   RO         2605    i.netif_set_down    netif.o
    0x08003a64   0x08003a64   0x0000000c   Code   RO         2606    i.netif_set_gw      netif.o
    0x08003a70   0x08003a70   0x00000078   Code   RO         2607    i.netif_set_ipaddr  netif.o
    0x08003ae8   0x08003ae8   0x0000000c   Code   RO         2608    i.netif_set_netmask  netif.o
    0x08003af4   0x08003af4   0x0000002c   Code   RO         2609    i.netif_set_up      netif.o
    0x08003b20   0x08003b20   0x0000000c   Code   RO         3361    i.ntohl             inet.o
    0x08003b2c   0x08003b2c   0x0000000c   Code   RO         3362    i.ntohs             inet.o
    0x08003b38   0x08003b38   0x0000019e   Code   RO         2681    i.pbuf_alloc        pbuf.o
    0x08003cd6   0x08003cd6   0x00000038   Code   RO         2682    i.pbuf_cat          pbuf.o
    0x08003d0e   0x08003d0e   0x00000016   Code   RO         2683    i.pbuf_chain        pbuf.o
    0x08003d24   0x08003d24   0x00000012   Code   RO         2684    i.pbuf_clen         pbuf.o
    0x08003d36   0x08003d36   0x000000b6   Code   RO         2686    i.pbuf_copy         pbuf.o
    0x08003dec   0x08003dec   0x00000092   Code   RO         2687    i.pbuf_copy_partial  pbuf.o
    0x08003e7e   0x08003e7e   0x0000006e   Code   RO         2689    i.pbuf_free         pbuf.o
    0x08003eec   0x08003eec   0x0000007e   Code   RO         2690    i.pbuf_header       pbuf.o
    0x08003f6a   0x08003f6a   0x00000078   Code   RO         2691    i.pbuf_realloc      pbuf.o
    0x08003fe2   0x08003fe2   0x0000000a   Code   RO         2692    i.pbuf_ref          pbuf.o
    0x08003fec   0x08003fec   0x00000088   Code   RO         2518    i.plug_holes        mem.o
    0x08004074   0x08004074   0x00000068   Code   RO         2770    i.raw_input         raw.o
    0x080040dc   0x080040dc   0x0000009c   Code   RO         2836    i.tcp_abandon       tcp.o
    0x08004178   0x08004178   0x000000b8   Code   RO         2839    i.tcp_alloc         tcp.o
    0x08004230   0x08004230   0x000000fc   Code   RO         2842    i.tcp_close         tcp.o
    0x0800432c   0x0800432c   0x0000002e   Code   RO         2845    i.tcp_eff_send_mss  tcp.o
    0x0800435a   0x0800435a   0x000003f6   Code   RO         3081    i.tcp_enqueue       tcp_out.o
    0x08004750   0x08004750   0x00000078   Code   RO         2847    i.tcp_fasttmr       tcp.o
    0x080047c8   0x080047c8   0x0000046c   Code   RO         3033    i.tcp_input         tcp_in.o
    0x08004c34   0x08004c34   0x00000052   Code   RO         3082    i.tcp_keepalive     tcp_out.o
    0x08004c86   0x08004c86   0x00000002   PAD
    0x08004c88   0x08004c88   0x00000058   Code   RO         2848    i.tcp_kill_prio     tcp.o
    0x08004ce0   0x08004ce0   0x0000003c   Code   RO         2849    i.tcp_kill_timewait  tcp.o
    0x08004d1c   0x08004d1c   0x00000134   Code   RO         3034    i.tcp_listen_input  tcp_in.o
    0x08004e50   0x08004e50   0x0000001c   Code   RO         2853    i.tcp_next_iss      tcp.o
    0x08004e6c   0x08004e6c   0x000001e0   Code   RO         3083    i.tcp_output        tcp_out.o
    0x0800504c   0x0800504c   0x000000cc   Code   RO         3084    i.tcp_output_segment  tcp_out.o
    0x08005118   0x08005118   0x0000008a   Code   RO         3085    i.tcp_output_set_header  tcp_out.o
    0x080051a2   0x080051a2   0x00000002   PAD
    0x080051a4   0x080051a4   0x000000b8   Code   RO         3035    i.tcp_parseopt      tcp_in.o
    0x0800525c   0x0800525c   0x00000036   Code   RO         2854    i.tcp_pcb_purge     tcp.o
    0x08005292   0x08005292   0x00000002   PAD
    0x08005294   0x08005294   0x00000098   Code   RO         2855    i.tcp_pcb_remove    tcp.o
    0x0800532c   0x0800532c   0x00000584   Code   RO         3036    i.tcp_process       tcp_in.o
    0x080058b0   0x080058b0   0x00000630   Code   RO         3037    i.tcp_receive       tcp_in.o
    0x08005ee0   0x08005ee0   0x0000002e   Code   RO         2858    i.tcp_recv_null     tcp.o
    0x08005f0e   0x08005f0e   0x00000046   Code   RO         2859    i.tcp_recved        tcp.o
    0x08005f54   0x08005f54   0x00000050   Code   RO         3086    i.tcp_rexmit        tcp_out.o
    0x08005fa4   0x08005fa4   0x00000072   Code   RO         3087    i.tcp_rexmit_fast   tcp_out.o
    0x08006016   0x08006016   0x0000003a   Code   RO         3088    i.tcp_rexmit_rto    tcp_out.o
    0x08006050   0x08006050   0x000000aa   Code   RO         3089    i.tcp_rst           tcp_out.o
    0x080060fa   0x080060fa   0x00000020   Code   RO         2860    i.tcp_seg_free      tcp.o
    0x0800611a   0x0800611a   0x0000001e   Code   RO         2861    i.tcp_segs_free     tcp.o
    0x08006138   0x08006138   0x0000001c   Code   RO         3090    i.tcp_send_ctrl     tcp_out.o
    0x08006154   0x08006154   0x0000005e   Code   RO         3091    i.tcp_send_empty_ack  tcp_out.o
    0x080061b2   0x080061b2   0x00000002   PAD
    0x080061b4   0x080061b4   0x000002e0   Code   RO         2864    i.tcp_slowtmr       tcp.o
    0x08006494   0x08006494   0x000000b4   Code   RO         3038    i.tcp_timewait_input  tcp_in.o
    0x08006548   0x08006548   0x00000024   Code   RO         2865    i.tcp_tmr           tcp.o
    0x0800656c   0x0800656c   0x00000048   Code   RO         2866    i.tcp_update_rcv_ann_wnd  tcp.o
    0x080065b4   0x080065b4   0x000000a8   Code   RO         3093    i.tcp_zero_window_probe  tcp_out.o
    0x0800665c   0x0800665c   0x00000070   Code   RO         3163    i.udp_bind          udp.o
    0x080066cc   0x080066cc   0x000001c8   Code   RO         3166    i.udp_input         udp.o
    0x08006894   0x08006894   0x0000001c   Code   RO         3167    i.udp_new           udp.o
    0x080068b0   0x080068b0   0x00000006   Code   RO         3168    i.udp_recv          udp.o
    0x080068b6   0x080068b6   0x0000002e   Code   RO         3171    i.udp_sendto        udp.o
    0x080068e4   0x080068e4   0x000000ca   Code   RO         3172    i.udp_sendto_if     udp.o
    0x080069ae   0x080069ae   0x00000002   PAD
    0x080069b0   0x080069b0   0x000000ac   Code   RO          434    i.udp_server_recv   udp_server.o
    0x08006a5c   0x08006a5c   0x000000ec   Code   RO         3566    i.update_arp_entry  etharp.o
    0x08006b48   0x08006b48   0x00000818   Data   RO          491    .constdata          chinese.o
    0x08007360   0x08007360   0x00000024   Data   RO         2561    .constdata          memp.o
    0x08007384   0x08007384   0x00000014   Data   RO         2867    .constdata          tcp.o
    0x08007398   0x08007398   0x00000008   Data   RO         3481    .constdata          ip_addr.o
    0x080073a0   0x080073a0   0x0000000c   Data   RO         3568    .constdata          etharp.o
    0x080073ac   0x080073ac   0x00000075   Data   RO         2868    .conststring        tcp.o
    0x08007421   0x08007421   0x00000003   PAD
    0x08007424   0x08007424   0x00000020   Data   RO         4241    Region$$Table       anon$$obj.o


    Execution Region RW_IRAM1 (Exec base: 0x20000000, Load base: 0x08007444, Size: 0x00008110, Max: 0x00020000, ABSOLUTE)

    Exec Addr    Load Addr    Size         Type   Attr      Idx    E Section Name        Object

    0x20000000   0x08007444   0x00000008   Data   RW          286    .data               main.o
    0x20000008   0x0800744c   0x0000000c   Data   RW          323    .data               netconf.o
    0x20000014   0x08007458   0x0000000e   Data   RW          436    .data               udp_server.o
    0x20000022   0x08007466   0x00000010   Data   RW          817    .data               stm32f4xx_rcc.o
    0x20000032   0x08007476   0x00000002   PAD
    0x20000034   0x08007478   0x00000004   Data   RW         2289    .data               dhcp.o
    0x20000038   0x0800747c   0x0000000d   Data   RW         2520    .data               mem.o
    0x20000045   0x08007489   0x00000003   PAD
    0x20000048   0x0800748c   0x00000009   Data   RW         2610    .data               netif.o
    0x20000051   0x08007495   0x00000003   PAD
    0x20000054   0x08007498   0x00000004   Data   RW         2776    .data               raw.o
    0x20000058   0x0800749c   0x0000004c   Data   RW         2869    .data               tcp.o
    0x200000a4   0x080074e8   0x00000020   Data   RW         3040    .data               tcp_in.o
    0x200000c4   0x08007508   0x00000004   Data   RW         3173    .data               udp.o
    0x200000c8   0x0800750c   0x0000000a   Data   RW         3445    .data               ip.o
    0x200000d2   0x08007516   0x00000002   PAD
    0x200000d4   0x08007518   0x00000006   Data   RW         3511    .data               ip_frag.o
    0x200000da   0x0800751e   0x00000001   Data   RW         3569    .data               etharp.o
    0x200000db   0x0800751f   0x00000001   PAD
    0x200000dc   0x08007520   0x00000010   Data   RW         3777    .data               stm32f4x7_eth.o
    0x200000ec        -       0x00000038   Zero   RW          322    .bss                netconf.o
    0x20000124        -       0x00000459   Zero   RW          435    .bss                udp_server.o
    0x2000057d        -       0x00002814   Zero   RW         2519    .bss                mem.o
    0x20002d91   0x08007530   0x00000003   PAD
    0x20002d94        -       0x00002437   Zero   RW         2560    .bss                memp.o
    0x200051cb   0x08007530   0x00000001   PAD
    0x200051cc        -       0x00000014   Zero   RW         3039    .bss                tcp_in.o
    0x200051e0        -       0x000005e0   Zero   RW         3510    .bss                ip_frag.o
    0x200057c0        -       0x000000c8   Zero   RW         3567    .bss                etharp.o
    0x20005888        -       0x00002484   Zero   RW         3776    .bss                stm32f4x7_eth.o
    0x20007d0c   0x08007530   0x00000004   PAD
    0x20007d10        -       0x00000400   Zero   RW          608    STACK               startup_stm32f40_41xxx.o


==============================================================================

Image component sizes


      Code (inc. data)   RO Data    RW Data    ZI Data      Debug   Object Name

       542         22          0          0          0       5342   autoip.o
         0          0       2072          0          0        584   chinese.o
       740         14          0          4          0      11251   dhcp.o
      2356         48         12          1        200      14059   etharp.o
       484         50          0          0          0       4894   ethernetif.o
       972         36          0          0          0       6631   i2c.o
       512          0          0          0          0       3986   icmp.o
        62          0          0          0          0       2352   inet.o
       180          0          0          0          0       5797   inet_chksum.o
         0          0          0          0          0       1955   init.o
       844         30          0         10          0       7452   ip.o
        78          0          8          0          0       5693   ip_addr.o
      1488         40          0          6       1504       8329   ip_frag.o
        92         26          0          8          0       1429   main.o
       856         68          0         13      10260       5193   mem.o
       176         26         36          0       9271       3946   memp.o
       140         24          0          0          0       1723   misc.o
       236         26          0         12         56      10101   netconf.o
       384         24          0          9          0       8236   netif.o
      1204          0          0          0          0       8305   pbuf.o
       104          4          0          4          0       1712   raw.o
        36          8        392          0       1024        932   startup_stm32f40_41xxx.o
      2172        180          0         16       9348      16987   stm32f4x7_eth.o
       488         24          0          0          0      29276   stm32f4x7_eth_bsp.o
       214          0          0          0          0       1959   stm32f4xx_gpio.o
       424         14          0          0          0       6046   stm32f4xx_i2c.o
        66          0          0          0          0     324341   stm32f4xx_it.o
       360         42          0         16          0       5564   stm32f4xx_rcc.o
        12          6          0          0          0        630   stm32f4xx_syscfg.o
       340         32          0          0          0       1517   system_stm32f4xx.o
      2162        116        137         76          0      21573   tcp.o
      4800        260          0         32         20      15444   tcp_in.o
      2630         16          0          0          0      11470   tcp_out.o
       850         10          0          4          0      14726   udp.o
       848         92          0         14       1113       5875   udp_server.o

    ----------------------------------------------------------------------
     26884       1238       2692        236      32804     575310   Object Totals
         0          0         32          0          0          0   (incl. Generated)
        32          0          3         11          8          0   (incl. Padding)

    ----------------------------------------------------------------------

      Code (inc. data)   RO Data    RW Data    ZI Data      Debug   Library Member Name

         0          0          0          0          0          0   entry.o
         0          0          0          0          0          0   entry10a.o
         0          0          0          0          0          0   entry11a.o
         8          4          0          0          0          0   entry2.o
         4          0          0          0          0          0   entry5.o
         0          0          0          0          0          0   entry7b.o
         0          0          0          0          0          0   entry8b.o
         8          4          0          0          0          0   entry9a.o
        30          0          0          0          0          0   handlers.o
        36          8          0          0          0         68   init.o
        26          0          0          0          0         80   memcmp.o
        36          0          0          0          0         68   memcpya.o
        36          0          0          0          0        108   memseta.o

    ----------------------------------------------------------------------
       188         16          0          0          0        324   Library Totals
         4          0          0          0          0          0   (incl. Padding)

    ----------------------------------------------------------------------

      Code (inc. data)   RO Data    RW Data    ZI Data      Debug   Library Name

       184         16          0          0          0        324   mc_w.l

    ----------------------------------------------------------------------
       188         16          0          0          0        324   Library Totals

    ----------------------------------------------------------------------

==============================================================================


      Code (inc. data)   RO Data    RW Data    ZI Data      Debug   

     27072       1254       2692        236      32804     555534   Grand Totals
     27072       1254       2692        236      32804     555534   ELF Image Totals
     27072       1254       2692        236          0          0   ROM Totals

==============================================================================

    Total RO  Size (Code + RO Data)                29764 (  29.07kB)
    Total RW  Size (RW Data + ZI Data)             33040 (  32.27kB)
    Total ROM Size (Code + RO Data + RW Data)      30000 (  29.30kB)

==============================================================================

