<html>
<body>
<pre>
<h1>µVision Build Log</h1>
<h2>Tool Versions:</h2>
IDE-Version: ¦ÌVision V5.24.2.0
Copyright (C) 2017 ARM Ltd and ARM Germany GmbH. All rights reserved.
License Information: tangyq tangyq, zjuniv, LIC=BUUII-TA0TJ-SAUDJ-UPZ7R-A7NGR-U4RX7
 
Tool Versions:
Toolchain:       MDK-ARM Plus  Version: 5.24.1
Toolchain Path:  d:\Keil_v5\ARM\ARMCC\Bin
C Compiler:      Armcc.exe V5.06 update 5 (build 528)
Assembler:       Armasm.exe V5.06 update 5 (build 528)
Linker/Locator:  ArmLink.exe V5.06 update 5 (build 528)
Library Manager: ArmAr.exe V5.06 update 5 (build 528)
Hex Converter:   FromElf.exe V5.06 update 5 (build 528)
CPU DLL:         SARMCM3.DLL V5.24.1
Dialog DLL:      DCM.DLL V1.16.0.0
Target DLL:      Segger\JL2CM3.dll V2.99.26.0
Dialog DLL:      TCM.DLL V1.32.0.0
 
<h2>Project:</h2>
H:\STM32F4\Source\exp3_rs232\Project\project.uvprojx
Project File Date:  10/26/2017

<h2>Output:</h2>
*** Using Compiler 'V5.06 update 5 (build 528)', folder: 'd:\Keil_v5\ARM\ARMCC\Bin'
Rebuild target 'ZQ_STM32F407'
compiling stm32f4xx_it.c...
compiling main.c...
..\User\main.c(99): warning:  #167-D: argument of type "volatile unsigned char *" is incompatible with parameter of type "unsigned char *"
      RS232_Send_Data(RS232_buff, RS232_send_data_length);
..\User\main.c: 1 warning, 0 errors
compiling stm32f4xx_assert.c...
compiling NVIC.C...
compiling Keyboard.c...
compiling I2C.c...
compiling timer.c...
compiling BMP.c...
compiling SCI.c...
assembling startup_stm32f40_41xxx.s...
compiling CHINESE.c...
compiling stm32f4xx_crc.c...
compiling stm32f4xx_gpio.c...
compiling stm32f4xx_syscfg.c...
compiling misc.c...
compiling stm32f4xx_rcc.c...
compiling stm32f4xx_usart.c...
compiling stm32f4xx_i2c.c...
compiling stm32f4xx_tim.c...
compiling system_stm32f4xx.c...
linking...
Program Size: Code=4508 RO-data=424 RW-data=1056 ZI-data=3152  
FromELF: creating hex file...
".\Obj\project.axf" - 0 Error(s), 1 Warning(s).

<h2>Software Packages used:</h2>

Package Vendor: Keil
                http://www.keil.com/pack/Keil.STM32F4xx_DFP.2.11.0.pack
                Keil.STM32F4xx_DFP.2.11.0
                STMicroelectronics STM32F4 Series Device Support, Drivers and Examples

<h2>Collection of Component include folders:</h2>
  .\RTE\_ZQ_STM32F407
  d:\Keil_v5\ARM\PACK\Keil\STM32F4xx_DFP\2.11.0\Drivers\CMSIS\Device\ST\STM32F4xx\Include

<h2>Collection of Component Files used:</h2>
Build Time Elapsed:  00:00:08
</pre>
</body>
</html>
