<html>
<body>
<pre>
<h1>µVision Build Log</h1>
<h2>Tool Versions:</h2>
IDE-Version: ¦ÌVision V5.24.2.0
Copyright (C) 2017 ARM Ltd and ARM Germany GmbH. All rights reserved.
License Information: tangyq tangyq, zjuniv, LIC=BUUII-TA0TJ-SAUDJ-UPZ7R-A7NGR-U4RX7
 
Tool Versions:
Toolchain:       MDK-ARM Plus  Version: 5.24.1
Toolchain Path:  d:\Keil_v5\ARM\ARMCC\Bin
C Compiler:      Armcc.exe V5.06 update 5 (build 528)
Assembler:       Armasm.exe V5.06 update 5 (build 528)
Linker/Locator:  ArmLink.exe V5.06 update 5 (build 528)
Library Manager: ArmAr.exe V5.06 update 5 (build 528)
Hex Converter:   FromElf.exe V5.06 update 5 (build 528)
CPU DLL:         SARMCM3.DLL V5.24.1
Dialog DLL:      DCM.DLL V1.16.0.0
Target DLL:      Segger\JL2CM3.dll V2.99.26.0
Dialog DLL:      TCM.DLL V1.32.0.0
 
<h2>Project:</h2>
H:\STM32F4\Source\exp4_net1\Project\project.uvprojx
Project File Date:  11/02/2017

<h2>Output:</h2>
*** Using Compiler 'V5.06 update 5 (build 528)', folder: 'd:\Keil_v5\ARM\ARMCC\Bin'
Rebuild target 'ZQ_STM32F407'
compiling main.c...
compiling stm32f4xx_it.c...
compiling netconf.c...
..\User\netconf.c(77): warning:  #177-D: variable "iptab"  was declared but never referenced
    uint8_t iptab[4];
..\User\netconf.c(78): warning:  #177-D: variable "iptxt"  was declared but never referenced
    uint8_t iptxt[20];
..\User\netconf.c: 2 warnings, 0 errors
assembling startup_stm32f40_41xxx.s...
compiling stm32f4x7_eth_bsp.c...
compiling stm32f4xx_crc.c...
compiling UDP_SERVER.C...
..\User\UDP_SERVER.C(26): warning:  #177-D: variable "i"  was declared but never referenced
  	int i=0;
..\User\UDP_SERVER.C: 1 warning, 0 errors
compiling stm32f4xx_gpio.c...
compiling stm32f4xx_syscfg.c...
compiling stm32f4xx_rcc.c...
compiling misc.c...
compiling stm32f4xx_usart.c...
compiling stm32f4xx_tim.c...
compiling api_lib.c...
compiling api_msg.c...
compiling err.c...
compiling netbuf.c...
compiling system_stm32f4xx.c...
compiling netdb.c...
compiling stm32f4xx_i2c.c...
compiling netifapi.c...
compiling sockets.c...
compiling tcpip.c...
compiling dns.c...
compiling init.c...
compiling mem.c...
..\Utilities\Third_Party\lwip_v1.3.2\src\core\mem.c(184): warning:  #550-D: variable "mem_sem"  was set but never used
  static sys_sem_t mem_sem;
..\Utilities\Third_Party\lwip_v1.3.2\src\core\mem.c: 1 warning, 0 errors
compiling dhcp.c...
compiling memp.c...
compiling netif.c...
compiling pbuf.c...
compiling raw.c...
compiling stats.c...
compiling sys.c...
compiling tcp.c...
compiling tcp_out.c...
..\Utilities\Third_Party\lwip_v1.3.2\src\core\tcp_out.c(465): warning:  #550-D: variable "tcphdr"  was set but never used
    struct tcp_hdr *tcphdr;
..\Utilities\Third_Party\lwip_v1.3.2\src\core\tcp_out.c(935): warning:  #550-D: variable "tcphdr"  was set but never used
    struct tcp_hdr *tcphdr;
..\Utilities\Third_Party\lwip_v1.3.2\src\core\tcp_out.c: 2 warnings, 0 errors
compiling tcp_in.c...
compiling udp.c...
compiling autoip.c...
compiling icmp.c...
compiling igmp.c...
compiling inet.c...
compiling inet_chksum.c...
compiling ip.c...
compiling ip_addr.c...
compiling ip_frag.c...
compiling etharp.c...
compiling loopif.c...
compiling ethernetif.c...
compiling stm32f4x7_eth.c...
linking...
Program Size: Code=24824 RO-data=620 RW-data=220 ZI-data=31684  
FromELF: creating hex file...
".\Obj\project.axf" - 0 Error(s), 6 Warning(s).

<h2>Software Packages used:</h2>

Package Vendor: Keil
                http://www.keil.com/pack/Keil.STM32F4xx_DFP.2.11.0.pack
                Keil.STM32F4xx_DFP.2.11.0
                STMicroelectronics STM32F4 Series Device Support, Drivers and Examples

<h2>Collection of Component include folders:</h2>
  .\RTE\_ZQ_STM32F407
  d:\Keil_v5\ARM\PACK\Keil\STM32F4xx_DFP\2.11.0\Drivers\CMSIS\Device\ST\STM32F4xx\Include

<h2>Collection of Component Files used:</h2>
Build Time Elapsed:  00:00:10
</pre>
</body>
</html>
