Component: ARM Compiler 5.06 update 5 (build 528) Tool: armlink [4d35e2]

==============================================================================

Section Cross References

    stm32f4xx_it.o(i.ETH_IRQHandler) refers to netconf.o(i.LwIP_Pkt_Handle) for LwIP_Pkt_Handle
    stm32f4xx_it.o(i.ETH_IRQHandler) refers to stm32f4x7_eth.o(i.ETH_CheckFrameReceived) for ETH_CheckFrameReceived
    stm32f4xx_it.o(i.ETH_IRQHandler) refers to stm32f4x7_eth.o(i.ETH_DMAClearITPendingBit) for ETH_DMAClearITPendingBit
    stm32f4xx_it.o(i.SysTick_Handler) refers to main.o(i.Time_Update) for Time_Update
    main.o(i.Delay) refers to main.o(.data) for LocalTime
    main.o(i.Time_Update) refers to main.o(.data) for LocalTime
    main.o(i.main) refers to stm32f4x7_eth_bsp.o(i.ETH_BSP_Config) for ETH_BSP_Config
    main.o(i.main) refers to netconf.o(i.LwIP_Init) for LwIP_Init
    main.o(i.main) refers to udp_server.o(i.UDP_server_init) for UDP_server_init
    main.o(i.main) refers to netconf.o(i.LwIP_Periodic_Handle) for LwIP_Periodic_Handle
    main.o(i.main) refers to main.o(.data) for LocalTime
    netconf.o(i.LwIP_Init) refers to mem.o(i.mem_init) for mem_init
    netconf.o(i.LwIP_Init) refers to memp.o(i.memp_init) for memp_init
    netconf.o(i.LwIP_Init) refers to netconf.o(i.My_IP4_ADDR) for My_IP4_ADDR
    netconf.o(i.LwIP_Init) refers to netif.o(i.netif_add) for netif_add
    netconf.o(i.LwIP_Init) refers to netif.o(i.netif_set_default) for netif_set_default
    netconf.o(i.LwIP_Init) refers to netif.o(i.netif_set_up) for netif_set_up
    netconf.o(i.LwIP_Init) refers to etharp.o(i.ethernet_input) for ethernet_input
    netconf.o(i.LwIP_Init) refers to ethernetif.o(i.ethernetif_init) for ethernetif_init
    netconf.o(i.LwIP_Init) refers to netconf.o(.bss) for netif
    netconf.o(i.LwIP_Periodic_Handle) refers to tcp.o(i.tcp_tmr) for tcp_tmr
    netconf.o(i.LwIP_Periodic_Handle) refers to etharp.o(i.etharp_tmr) for etharp_tmr
    netconf.o(i.LwIP_Periodic_Handle) refers to netconf.o(.data) for TCPTimer
    netconf.o(i.LwIP_Pkt_Handle) refers to ethernetif.o(i.ethernetif_input) for ethernetif_input
    netconf.o(i.LwIP_Pkt_Handle) refers to netconf.o(.bss) for netif
    netconf.o(i.My_IP4_ADDR) refers to inet.o(i.htonl) for htonl
    stm32f4x7_eth_bsp.o(i.ETH_BSP_Config) refers to stm32f4x7_eth_bsp.o(i.ETH_GPIO_Config) for ETH_GPIO_Config
    stm32f4x7_eth_bsp.o(i.ETH_BSP_Config) refers to stm32f4x7_eth_bsp.o(i.ETH_NVIC_Config) for ETH_NVIC_Config
    stm32f4x7_eth_bsp.o(i.ETH_BSP_Config) refers to stm32f4x7_eth_bsp.o(i.ETH_MACDMA_Config) for ETH_MACDMA_Config
    stm32f4x7_eth_bsp.o(i.ETH_BSP_Config) refers to stm32f4xx_rcc.o(i.RCC_GetClocksFreq) for RCC_GetClocksFreq
    stm32f4x7_eth_bsp.o(i.ETH_BSP_Config) refers to stm32f4x7_eth_bsp.o(i.NVIC_SetPriority) for NVIC_SetPriority
    stm32f4x7_eth_bsp.o(i.ETH_GPIO_Config) refers to stm32f4xx_rcc.o(i.RCC_AHB1PeriphClockCmd) for RCC_AHB1PeriphClockCmd
    stm32f4x7_eth_bsp.o(i.ETH_GPIO_Config) refers to stm32f4xx_rcc.o(i.RCC_APB2PeriphClockCmd) for RCC_APB2PeriphClockCmd
    stm32f4x7_eth_bsp.o(i.ETH_GPIO_Config) refers to stm32f4xx_syscfg.o(i.SYSCFG_ETH_MediaInterfaceConfig) for SYSCFG_ETH_MediaInterfaceConfig
    stm32f4x7_eth_bsp.o(i.ETH_GPIO_Config) refers to stm32f4xx_gpio.o(i.GPIO_Init) for GPIO_Init
    stm32f4x7_eth_bsp.o(i.ETH_GPIO_Config) refers to stm32f4xx_gpio.o(i.GPIO_PinAFConfig) for GPIO_PinAFConfig
    stm32f4x7_eth_bsp.o(i.ETH_MACDMA_Config) refers to stm32f4xx_rcc.o(i.RCC_AHB1PeriphClockCmd) for RCC_AHB1PeriphClockCmd
    stm32f4x7_eth_bsp.o(i.ETH_MACDMA_Config) refers to stm32f4x7_eth.o(i.ETH_DeInit) for ETH_DeInit
    stm32f4x7_eth_bsp.o(i.ETH_MACDMA_Config) refers to stm32f4x7_eth.o(i.ETH_SoftwareReset) for ETH_SoftwareReset
    stm32f4x7_eth_bsp.o(i.ETH_MACDMA_Config) refers to stm32f4x7_eth.o(i.ETH_GetSoftwareResetStatus) for ETH_GetSoftwareResetStatus
    stm32f4x7_eth_bsp.o(i.ETH_MACDMA_Config) refers to stm32f4x7_eth.o(i.ETH_StructInit) for ETH_StructInit
    stm32f4x7_eth_bsp.o(i.ETH_MACDMA_Config) refers to stm32f4x7_eth.o(i.ETH_Init) for ETH_Init
    stm32f4x7_eth_bsp.o(i.ETH_MACDMA_Config) refers to stm32f4x7_eth.o(i.ETH_DMAITConfig) for ETH_DMAITConfig
    stm32f4x7_eth_bsp.o(i.ETH_NVIC_Config) refers to misc.o(i.NVIC_PriorityGroupConfig) for NVIC_PriorityGroupConfig
    stm32f4x7_eth_bsp.o(i.ETH_NVIC_Config) refers to misc.o(i.NVIC_Init) for NVIC_Init
    udp_server.o(i.UDP_server_init) refers to udp.o(i.udp_new) for udp_new
    udp_server.o(i.UDP_server_init) refers to udp.o(i.udp_bind) for udp_bind
    udp_server.o(i.UDP_server_init) refers to udp.o(i.udp_recv) for udp_recv
    udp_server.o(i.UDP_server_init) refers to ip_addr.o(.constdata) for ip_addr_any
    udp_server.o(i.UDP_server_init) refers to udp_server.o(i.udp_server_recv) for udp_server_recv
    udp_server.o(i.udp_server_recv) refers to udp.o(i.udp_sendto) for udp_sendto
    udp_server.o(i.udp_server_recv) refers to pbuf.o(i.pbuf_free) for pbuf_free
[...]
    ..\Utilities\Third_Party\lwip_v1.3.2\src\core\sys.c 0x00000000   Number         0  sys.o ABSOLUTE
    ..\Utilities\Third_Party\lwip_v1.3.2\src\core\tcp.c 0x00000000   Number         0  tcp.o ABSOLUTE
    ..\Utilities\Third_Party\lwip_v1.3.2\src\core\tcp_in.c 0x00000000   Number         0  tcp_in.o ABSOLUTE
    ..\Utilities\Third_Party\lwip_v1.3.2\src\core\tcp_out.c 0x00000000   Number         0  tcp_out.o ABSOLUTE
    ..\Utilities\Third_Party\lwip_v1.3.2\src\core\udp.c 0x00000000   Number         0  udp.o ABSOLUTE
    ..\Utilities\Third_Party\lwip_v1.3.2\src\netif\etharp.c 0x00000000   Number         0  etharp.o ABSOLUTE
    ..\Utilities\Third_Party\lwip_v1.3.2\src\netif\loopif.c 0x00000000   Number         0  loopif.o ABSOLUTE
    ..\\..\\Libraries\\STM32F4x7_ETH_Driver\\src\\stm32f4x7_eth.c 0x00000000   Number         0  stm32f4x7_eth.o ABSOLUTE
    ..\\..\\Libraries\\STM32F4xx_StdPeriph_Driver\\src\\misc.c 0x00000000   Number         0  misc.o ABSOLUTE
    ..\\..\\Libraries\\STM32F4xx_StdPeriph_Driver\\src\\stm32f4xx_crc.c 0x00000000   Number         0  stm32f4xx_crc.o ABSOLUTE
    ..\\..\\Libraries\\STM32F4xx_StdPeriph_Driver\\src\\stm32f4xx_gpio.c 0x00000000   Number         0  stm32f4xx_gpio.o ABSOLUTE
    ..\\..\\Libraries\\STM32F4xx_StdPeriph_Driver\\src\\stm32f4xx_i2c.c 0x00000000   Number         0  stm32f4xx_i2c.o ABSOLUTE
    ..\\..\\Libraries\\STM32F4xx_StdPeriph_Driver\\src\\stm32f4xx_rcc.c 0x00000000   Number         0  stm32f4xx_rcc.o ABSOLUTE
    ..\\..\\Libraries\\STM32F4xx_StdPeriph_Driver\\src\\stm32f4xx_syscfg.c 0x00000000   Number         0  stm32f4xx_syscfg.o ABSOLUTE
    ..\\..\\Libraries\\STM32F4xx_StdPeriph_Driver\\src\\stm32f4xx_tim.c 0x00000000   Number         0  stm32f4xx_tim.o ABSOLUTE
    ..\\..\\Libraries\\STM32F4xx_StdPeriph_Driver\\src\\stm32f4xx_usart.c 0x00000000   Number         0  stm32f4xx_usart.o ABSOLUTE
    ..\\User\\UDP_SERVER.C                   0x00000000   Number         0  udp_server.o ABSOLUTE
    ..\\User\\main.c                         0x00000000   Number         0  main.o ABSOLUTE
    ..\\User\\netconf.c                      0x00000000   Number         0  netconf.o ABSOLUTE
    ..\\User\\stm32f4x7_eth_bsp.c            0x00000000   Number         0  stm32f4x7_eth_bsp.o ABSOLUTE
    ..\\User\\stm32f4xx_it.c                 0x00000000   Number         0  stm32f4xx_it.o ABSOLUTE
    ..\\User\\system_stm32f4xx.c             0x00000000   Number         0  system_stm32f4xx.o ABSOLUTE
    ..\\Utilities\\Third_Party\\lwip_v1.3.2\\port\\STM32F4x7\\Standalone\\ethernetif.c 0x00000000   Number         0  ethernetif.o ABSOLUTE
    dc.s                                     0x00000000   Number         0  dc.o ABSOLUTE
    handlers.s                               0x00000000   Number         0  handlers.o ABSOLUTE
    init.s                                   0x00000000   Number         0  init.o ABSOLUTE
    RESET                                    0x08000000   Section      392  startup_stm32f40_41xxx.o(RESET)
    .ARM.Collect$$$$00000000                 0x08000188   Section        0  entry.o(.ARM.Collect$$$$00000000)
    .ARM.Collect$$$$00000001                 0x08000188   Section        4  entry2.o(.ARM.Collect$$$$00000001)
    .ARM.Collect$$$$00000004                 0x0800018c   Section        4  entry5.o(.ARM.Collect$$$$00000004)
    .ARM.Collect$$$$00000008                 0x08000190   Section        0  entry7b.o(.ARM.Collect$$$$00000008)
    .ARM.Collect$$$$0000000A                 0x08000190   Section        0  entry8b.o(.ARM.Collect$$$$0000000A)
    .ARM.Collect$$$$0000000B                 0x08000190   Section        8  entry9a.o(.ARM.Collect$$$$0000000B)
    .ARM.Collect$$$$0000000D                 0x08000198   Section        0  entry10a.o(.ARM.Collect$$$$0000000D)
    .ARM.Collect$$$$0000000F                 0x08000198   Section        0  entry11a.o(.ARM.Collect$$$$0000000F)
    .ARM.Collect$$$$00002712                 0x08000198   Section        4  entry2.o(.ARM.Collect$$$$00002712)
    __lit__00000000                          0x08000198   Data           4  entry2.o(.ARM.Collect$$$$00002712)
    .text                                    0x0800019c   Section       36  startup_stm32f40_41xxx.o(.text)
    $v0                                      0x0800019c   Number         0  startup_stm32f40_41xxx.o(.text)
    .text                                    0x080001c0   Section        0  memcpya.o(.text)
    .text                                    0x080001e4   Section        0  memseta.o(.text)
    .text                                    0x08000208   Section        0  memcmp.o(.text)
    .text                                    0x08000224   Section       36  init.o(.text)
    i.BusFault_Handler                       0x08000248   Section        0  stm32f4xx_it.o(i.BusFault_Handler)
    i.DebugMon_Handler                       0x0800024c   Section        0  stm32f4xx_it.o(i.DebugMon_Handler)
    i.ETH_BSP_Config                         0x0800024e   Section        0  stm32f4x7_eth_bsp.o(i.ETH_BSP_Config)
    i.ETH_CheckFrameReceived                 0x080002a0   Section        0  stm32f4x7_eth.o(i.ETH_CheckFrameReceived)
    i.ETH_DMAClearITPendingBit               0x08000368   Section        0  stm32f4x7_eth.o(i.ETH_DMAClearITPendingBit)
    i.ETH_DMAITConfig                        0x08000374   Section        0  stm32f4x7_eth.o(i.ETH_DMAITConfig)
    i.ETH_DMAReceptionCmd                    0x08000394   Section        0  stm32f4x7_eth.o(i.ETH_DMAReceptionCmd)
    i.ETH_DMARxDescChainInit                 0x080003b8   Section        0  stm32f4x7_eth.o(i.ETH_DMARxDescChainInit)
    i.ETH_DMATransmissionCmd                 0x0800041c   Section        0  stm32f4x7_eth.o(i.ETH_DMATransmissionCmd)
    i.ETH_DMATxDescChainInit                 0x08000440   Section        0  stm32f4x7_eth.o(i.ETH_DMATxDescChainInit)
    i.ETH_DMATxDescChecksumInsertionConfig   0x08000490   Section        0  stm32f4x7_eth.o(i.ETH_DMATxDescChecksumInsertionConfig)
    i.ETH_DeInit                             0x08000498   Section        0  stm32f4x7_eth.o(i.ETH_DeInit)
    i.ETH_Delay                              0x080004ae   Section        0  stm32f4x7_eth.o(i.ETH_Delay)
    ETH_Delay                                0x080004af   Thumb Code    28  stm32f4x7_eth.o(i.ETH_Delay)
    i.ETH_FlushTransmitFIFO                  0x080004cc   Section        0  stm32f4x7_eth.o(i.ETH_FlushTransmitFIFO)
    i.ETH_GPIO_Config                        0x080004e0   Section        0  stm32f4x7_eth_bsp.o(i.ETH_GPIO_Config)
    ETH_GPIO_Config                          0x080004e1   Thumb Code   176  stm32f4x7_eth_bsp.o(i.ETH_GPIO_Config)
    i.ETH_GetSoftwareResetStatus             0x0800059c   Section        0  stm32f4x7_eth.o(i.ETH_GetSoftwareResetStatus)
    i.ETH_Get_Received_Frame                 0x080005b4   Section        0  stm32f4x7_eth.o(i.ETH_Get_Received_Frame)
    i.ETH_IRQHandler                         0x08000610   Section        0  stm32f4xx_it.o(i.ETH_IRQHandler)
    i.ETH_Init                               0x08000630   Section        0  stm32f4x7_eth.o(i.ETH_Init)
    i.ETH_MACAddressConfig                   0x080008dc   Section        0  stm32f4x7_eth.o(i.ETH_MACAddressConfig)
    i.ETH_MACDMA_Config                      0x08000910   Section        0  stm32f4x7_eth_bsp.o(i.ETH_MACDMA_Config)
    ETH_MACDMA_Config                        0x08000911   Thumb Code   128  stm32f4x7_eth_bsp.o(i.ETH_MACDMA_Config)
    i.ETH_MACReceptionCmd                    0x08000994   Section        0  stm32f4x7_eth.o(i.ETH_MACReceptionCmd)
    i.ETH_MACTransmissionCmd                 0x080009b8   Section        0  stm32f4x7_eth.o(i.ETH_MACTransmissionCmd)
    i.ETH_NVIC_Config                        0x080009dc   Section        0  stm32f4x7_eth_bsp.o(i.ETH_NVIC_Config)
    ETH_NVIC_Config                          0x080009dd   Thumb Code    40  stm32f4x7_eth_bsp.o(i.ETH_NVIC_Config)
    i.ETH_Prepare_Transmit_Descriptors       0x08000a04   Section        0  stm32f4x7_eth.o(i.ETH_Prepare_Transmit_Descriptors)
    i.ETH_ReadPHYRegister                    0x08000aec   Section        0  stm32f4x7_eth.o(i.ETH_ReadPHYRegister)
    i.ETH_SoftwareReset                      0x08000b58   Section        0  stm32f4x7_eth.o(i.ETH_SoftwareReset)
    i.ETH_Start                              0x08000b6c   Section        0  stm32f4x7_eth.o(i.ETH_Start)
    i.ETH_StructInit                         0x08000b8c   Section        0  stm32f4x7_eth.o(i.ETH_StructInit)
    i.ETH_WritePHYRegister                   0x08000c40   Section        0  stm32f4x7_eth.o(i.ETH_WritePHYRegister)
    i.EXTI15_10_IRQHandler                   0x08000ca8   Section        0  stm32f4xx_it.o(i.EXTI15_10_IRQHandler)
    i.GPIO_Init                              0x08000caa   Section        0  stm32f4xx_gpio.o(i.GPIO_Init)
    i.GPIO_PinAFConfig                       0x08000d3a   Section        0  stm32f4xx_gpio.o(i.GPIO_PinAFConfig)
    i.HardFault_Handler                      0x08000d80   Section        0  stm32f4xx_it.o(i.HardFault_Handler)
    i.LwIP_Init                              0x08000d84   Section        0  netconf.o(i.LwIP_Init)
    i.LwIP_Periodic_Handle                   0x08000df4   Section        0  netconf.o(i.LwIP_Periodic_Handle)
    i.LwIP_Pkt_Handle                        0x08000e30   Section        0  netconf.o(i.LwIP_Pkt_Handle)
    i.MemManage_Handler                      0x08000e40   Section        0  stm32f4xx_it.o(i.MemManage_Handler)
    i.My_IP4_ADDR                            0x08000e44   Section        0  netconf.o(i.My_IP4_ADDR)
    i.NMI_Handler                            0x08000e74   Section        0  stm32f4xx_it.o(i.NMI_Handler)
    i.NVIC_Init                              0x08000e78   Section        0  misc.o(i.NVIC_Init)
    i.NVIC_PriorityGroupConfig               0x08000ef0   Section        0  misc.o(i.NVIC_PriorityGroupConfig)
    i.NVIC_SetPriority                       0x08000f04   Section        0  stm32f4x7_eth_bsp.o(i.NVIC_SetPriority)
    NVIC_SetPriority                         0x08000f05   Thumb Code    32  stm32f4x7_eth_bsp.o(i.NVIC_SetPriority)
    i.PendSV_Handler                         0x08000f2c   Section        0  stm32f4xx_it.o(i.PendSV_Handler)
    i.RCC_AHB1PeriphClockCmd                 0x08000f30   Section        0  stm32f4xx_rcc.o(i.RCC_AHB1PeriphClockCmd)
    i.RCC_AHB1PeriphResetCmd                 0x08000f50   Section        0  stm32f4xx_rcc.o(i.RCC_AHB1PeriphResetCmd)
    i.RCC_APB2PeriphClockCmd                 0x08000f70   Section        0  stm32f4xx_rcc.o(i.RCC_APB2PeriphClockCmd)
    i.RCC_GetClocksFreq                      0x08000f90   Section        0  stm32f4xx_rcc.o(i.RCC_GetClocksFreq)
    i.SVC_Handler                            0x08001078   Section        0  stm32f4xx_it.o(i.SVC_Handler)
    i.SYSCFG_ETH_MediaInterfaceConfig        0x0800107c   Section        0  stm32f4xx_syscfg.o(i.SYSCFG_ETH_MediaInterfaceConfig)
    i.SetSysClock                            0x08001088   Section        0  system_stm32f4xx.o(i.SetSysClock)
    SetSysClock                              0x08001089   Thumb Code   220  system_stm32f4xx.o(i.SetSysClock)
    i.SysTick_Handler                        0x08001174   Section        0  stm32f4xx_it.o(i.SysTick_Handler)
    i.SystemInit                             0x0800117c   Section        0  system_stm32f4xx.o(i.SystemInit)
    i.Time_Update                            0x080011e4   Section        0  main.o(i.Time_Update)
    i.UDP_server_init                        0x080011f4   Section        0  udp_server.o(i.UDP_server_init)
    i.UsageFault_Handler                     0x0800121c   Section        0  stm32f4xx_it.o(i.UsageFault_Handler)
    i.__scatterload_copy                     0x08001220   Section       14  handlers.o(i.__scatterload_copy)
    i.__scatterload_null                     0x0800122e   Section        2  handlers.o(i.__scatterload_null)
    i.__scatterload_zeroinit                 0x08001230   Section       14  handlers.o(i.__scatterload_zeroinit)
    i.autoip_arp_announce                    0x08001240   Section        0  autoip.o(i.autoip_arp_announce)
    autoip_arp_announce                      0x08001241   Thumb Code    36  autoip.o(i.autoip_arp_announce)
    i.autoip_arp_reply                       0x0800126c   Section        0  autoip.o(i.autoip_arp_reply)
    i.autoip_create_addr                     0x0800131c   Section        0  autoip.o(i.autoip_create_addr)
    autoip_create_addr                       0x0800131d   Thumb Code    86  autoip.o(i.autoip_create_addr)
    i.autoip_handle_arp_conflict             0x08001380   Section        0  autoip.o(i.autoip_handle_arp_conflict)
    autoip_handle_arp_conflict               0x08001381   Thumb Code    46  autoip.o(i.autoip_handle_arp_conflict)
    i.autoip_start                           0x080013ae   Section        0  autoip.o(i.autoip_start)
    i.autoip_start_probing                   0x0800140e   Section        0  autoip.o(i.autoip_start_probing)
    autoip_start_probing                     0x0800140f   Thumb Code    80  autoip.o(i.autoip_start_probing)
    i.dhcp_arp_reply                         0x0800145e   Section        0  dhcp.o(i.dhcp_arp_reply)
    i.dhcp_create_request                    0x0800148c   Section        0  dhcp.o(i.dhcp_create_request)
    dhcp_create_request                      0x0800148d   Thumb Code   290  dhcp.o(i.dhcp_create_request)
    i.dhcp_decline                           0x080015b8   Section        0  dhcp.o(i.dhcp_decline)
    dhcp_decline                             0x080015b9   Thumb Code   140  dhcp.o(i.dhcp_decline)
    i.dhcp_delete_request                    0x08001648   Section        0  dhcp.o(i.dhcp_delete_request)
    dhcp_delete_request                      0x08001649   Thumb Code    50  dhcp.o(i.dhcp_delete_request)
    i.dhcp_option                            0x0800167a   Section        0  dhcp.o(i.dhcp_option)
    dhcp_option                              0x0800167b   Thumb Code    32  dhcp.o(i.dhcp_option)
    i.dhcp_option_byte                       0x0800169a   Section        0  dhcp.o(i.dhcp_option_byte)
    dhcp_option_byte                         0x0800169b   Thumb Code    18  dhcp.o(i.dhcp_option_byte)
    i.dhcp_option_long                       0x080016ac   Section        0  dhcp.o(i.dhcp_option_long)
    dhcp_option_long                         0x080016ad   Thumb Code    66  dhcp.o(i.dhcp_option_long)
    i.dhcp_option_trailer                    0x080016ee   Section        0  dhcp.o(i.dhcp_option_trailer)
    dhcp_option_trailer                      0x080016ef   Thumb Code    70  dhcp.o(i.dhcp_option_trailer)
    i.dhcp_set_state                         0x08001734   Section        0  dhcp.o(i.dhcp_set_state)
    dhcp_set_state                           0x08001735   Thumb Code    14  dhcp.o(i.dhcp_set_state)
    i.etharp_arp_input                       0x08001744   Section        0  etharp.o(i.etharp_arp_input)
    i.etharp_ip_input                        0x0800189c   Section        0  etharp.o(i.etharp_ip_input)
    i.etharp_output                          0x080018d8   Section        0  etharp.o(i.etharp_output)
    i.etharp_query                           0x0800199c   Section        0  etharp.o(i.etharp_query)
    i.etharp_raw                             0x08001b24   Section        0  etharp.o(i.etharp_raw)
    i.etharp_request                         0x08001bfc   Section        0  etharp.o(i.etharp_request)
    i.etharp_send_ip                         0x08001c28   Section        0  etharp.o(i.etharp_send_ip)
    etharp_send_ip                           0x08001c29   Thumb Code    66  etharp.o(i.etharp_send_ip)
    i.etharp_tmr                             0x08001c6c   Section        0  etharp.o(i.etharp_tmr)
    i.ethernet_input                         0x08001d0c   Section        0  etharp.o(i.ethernet_input)
    i.ethernetif_init                        0x08001d78   Section        0  ethernetif.o(i.ethernetif_init)
    i.ethernetif_input                       0x08001da8   Section        0  ethernetif.o(i.ethernetif_input)
    i.find_entry                             0x08001dd4   Section        0  etharp.o(i.find_entry)
    find_entry                               0x08001dd5   Thumb Code   482  etharp.o(i.find_entry)
    i.free_etharp_q                          0x08001fc0   Section        0  etharp.o(i.free_etharp_q)
    free_etharp_q                            0x08001fc1   Thumb Code    42  etharp.o(i.free_etharp_q)
    i.htonl                                  0x08001fea   Section        0  inet.o(i.htonl)
    i.htons                                  0x08002004   Section        0  inet.o(i.htons)
    i.icmp_dest_unreach                      0x08002010   Section        0  icmp.o(i.icmp_dest_unreach)
    i.icmp_input                             0x08002022   Section        0  icmp.o(i.icmp_input)
    i.icmp_send_response                     0x08002192   Section        0  icmp.o(i.icmp_send_response)
    icmp_send_response                       0x08002193   Thumb Code   108  icmp.o(i.icmp_send_response)
    i.icmp_time_exceeded                     0x080021fe   Section        0  icmp.o(i.icmp_time_exceeded)
    i.inet_chksum                            0x08002210   Section        0  inet_chksum.o(i.inet_chksum)
    i.inet_chksum_pbuf                       0x08002224   Section        0  inet_chksum.o(i.inet_chksum_pbuf)
    i.ip_addr_isbroadcast                    0x0800227a   Section        0  ip_addr.o(i.ip_addr_isbroadcast)
    i.ip_frag                                0x080022c8   Section        0  ip_frag.o(i.ip_frag)
    i.ip_input                               0x08002414   Section        0  ip.o(i.ip_input)
    i.ip_output                              0x080025e0   Section        0  ip.o(i.ip_output)
    i.ip_output_if                           0x08002614   Section        0  ip.o(i.ip_output_if)
    i.ip_reass                               0x08002710   Section        0  ip_frag.o(i.ip_reass)
    i.ip_reass_chain_frag_into_datagram_and_validate 0x080028a8   Section        0  ip_frag.o(i.ip_reass_chain_frag_into_datagram_and_validate)
    ip_reass_chain_frag_into_datagram_and_validate 0x080028a9   Thumb Code   354  ip_frag.o(i.ip_reass_chain_frag_into_datagram_and_validate)
    i.ip_reass_dequeue_datagram              0x08002a10   Section        0  ip_frag.o(i.ip_reass_dequeue_datagram)
    ip_reass_dequeue_datagram                0x08002a11   Thumb Code    40  ip_frag.o(i.ip_reass_dequeue_datagram)
    i.ip_reass_enqueue_new_datagram          0x08002a3c   Section        0  ip_frag.o(i.ip_reass_enqueue_new_datagram)
    ip_reass_enqueue_new_datagram            0x08002a3d   Thumb Code    80  ip_frag.o(i.ip_reass_enqueue_new_datagram)
    i.ip_reass_free_complete_datagram        0x08002a90   Section        0  ip_frag.o(i.ip_reass_free_complete_datagram)
    ip_reass_free_complete_datagram          0x08002a91   Thumb Code   130  ip_frag.o(i.ip_reass_free_complete_datagram)
    i.ip_reass_remove_oldest_datagram        0x08002b18   Section        0  ip_frag.o(i.ip_reass_remove_oldest_datagram)
    ip_reass_remove_oldest_datagram          0x08002b19   Thumb Code   118  ip_frag.o(i.ip_reass_remove_oldest_datagram)
    i.ip_route                               0x08002b94   Section        0  ip.o(i.ip_route)
    i.low_level_init                         0x08002be4   Section        0  ethernetif.o(i.low_level_init)
    low_level_init                           0x08002be5   Thumb Code   138  ethernetif.o(i.low_level_init)
    i.low_level_input                        0x08002c88   Section        0  ethernetif.o(i.low_level_input)
    low_level_input                          0x08002c89   Thumb Code   162  ethernetif.o(i.low_level_input)
    i.low_level_output                       0x08002d34   Section        0  ethernetif.o(i.low_level_output)
    low_level_output                         0x08002d35   Thumb Code    52  ethernetif.o(i.low_level_output)
    i.lwip_standard_chksum                   0x08002d6c   Section        0  inet_chksum.o(i.lwip_standard_chksum)
    lwip_standard_chksum                     0x08002d6d   Thumb Code    74  inet_chksum.o(i.lwip_standard_chksum)
    i.main                                   0x08002db8   Section        0  main.o(i.main)
    i.mem_free                               0x08002dd4   Section        0  mem.o(i.mem_free)
    i.mem_init                               0x08002e24   Section        0  mem.o(i.mem_init)
    i.mem_malloc                             0x08002e88   Section        0  mem.o(i.mem_malloc)
    i.mem_realloc                            0x08002f78   Section        0  mem.o(i.mem_realloc)
    i.memp_free                              0x080030a4   Section        0  memp.o(i.memp_free)
    i.memp_init                              0x080030c4   Section        0  memp.o(i.memp_init)
    i.memp_malloc                            0x08003128   Section        0  memp.o(i.memp_malloc)
    i.netif_add                              0x08003154   Section        0  netif.o(i.netif_add)
    i.netif_is_up                            0x080031c0   Section        0  netif.o(i.netif_is_up)
    i.netif_set_addr                         0x080031cc   Section        0  netif.o(i.netif_set_addr)
    i.netif_set_default                      0x080031f4   Section        0  netif.o(i.netif_set_default)
    i.netif_set_down                         0x08003200   Section        0  netif.o(i.netif_set_down)
    i.netif_set_gw                           0x08003218   Section        0  netif.o(i.netif_set_gw)
    i.netif_set_ipaddr                       0x08003224   Section        0  netif.o(i.netif_set_ipaddr)
    i.netif_set_netmask                      0x0800329c   Section        0  netif.o(i.netif_set_netmask)
    i.netif_set_up                           0x080032a8   Section        0  netif.o(i.netif_set_up)
    i.ntohl                                  0x080032d4   Section        0  inet.o(i.ntohl)
    i.ntohs                                  0x080032e0   Section        0  inet.o(i.ntohs)
    i.pbuf_alloc                             0x080032ec   Section        0  pbuf.o(i.pbuf_alloc)
    i.pbuf_cat                               0x0800348a   Section        0  pbuf.o(i.pbuf_cat)
    i.pbuf_chain                             0x080034c2   Section        0  pbuf.o(i.pbuf_chain)
    i.pbuf_clen                              0x080034d8   Section        0  pbuf.o(i.pbuf_clen)
    i.pbuf_copy                              0x080034ea   Section        0  pbuf.o(i.pbuf_copy)
    i.pbuf_copy_partial                      0x080035a0   Section        0  pbuf.o(i.pbuf_copy_partial)
    i.pbuf_free                              0x08003632   Section        0  pbuf.o(i.pbuf_free)
    i.pbuf_header                            0x080036a0   Section        0  pbuf.o(i.pbuf_header)
    i.pbuf_realloc                           0x0800371e   Section        0  pbuf.o(i.pbuf_realloc)
    i.pbuf_ref                               0x08003796   Section        0  pbuf.o(i.pbuf_ref)
    i.plug_holes                             0x080037a0   Section        0  mem.o(i.plug_holes)
    plug_holes                               0x080037a1   Thumb Code   124  mem.o(i.plug_holes)
    i.raw_input                              0x08003828   Section        0  raw.o(i.raw_input)
    i.tcp_abandon                            0x08003890   Section        0  tcp.o(i.tcp_abandon)
    i.tcp_alloc                              0x0800392c   Section        0  tcp.o(i.tcp_alloc)
    i.tcp_close                              0x080039e4   Section        0  tcp.o(i.tcp_close)
    i.tcp_eff_send_mss                       0x08003ae0   Section        0  tcp.o(i.tcp_eff_send_mss)
    i.tcp_enqueue                            0x08003b0e   Section        0  tcp_out.o(i.tcp_enqueue)
    i.tcp_fasttmr                            0x08003f04   Section        0  tcp.o(i.tcp_fasttmr)
    i.tcp_input                              0x08003f7c   Section        0  tcp_in.o(i.tcp_input)
    i.tcp_keepalive                          0x080043e8   Section        0  tcp_out.o(i.tcp_keepalive)
    i.tcp_kill_prio                          0x0800443c   Section        0  tcp.o(i.tcp_kill_prio)
    tcp_kill_prio                            0x0800443d   Thumb Code    78  tcp.o(i.tcp_kill_prio)
    i.tcp_kill_timewait                      0x08004494   Section        0  tcp.o(i.tcp_kill_timewait)
    tcp_kill_timewait                        0x08004495   Thumb Code    52  tcp.o(i.tcp_kill_timewait)
    i.tcp_listen_input                       0x080044d0   Section        0  tcp_in.o(i.tcp_listen_input)
    tcp_listen_input                         0x080044d1   Thumb Code   278  tcp_in.o(i.tcp_listen_input)
    i.tcp_next_iss                           0x08004604   Section        0  tcp.o(i.tcp_next_iss)
    i.tcp_output                             0x08004620   Section        0  tcp_out.o(i.tcp_output)
    i.tcp_output_segment                     0x08004800   Section        0  tcp_out.o(i.tcp_output_segment)
    tcp_output_segment                       0x08004801   Thumb Code   194  tcp_out.o(i.tcp_output_segment)
    i.tcp_output_set_header                  0x080048cc   Section        0  tcp_out.o(i.tcp_output_set_header)
    tcp_output_set_header                    0x080048cd   Thumb Code   138  tcp_out.o(i.tcp_output_set_header)
    i.tcp_parseopt                           0x08004958   Section        0  tcp_in.o(i.tcp_parseopt)
    tcp_parseopt                             0x08004959   Thumb Code   178  tcp_in.o(i.tcp_parseopt)
    i.tcp_pcb_purge                          0x08004a10   Section        0  tcp.o(i.tcp_pcb_purge)
    i.tcp_pcb_remove                         0x08004a48   Section        0  tcp.o(i.tcp_pcb_remove)
    i.tcp_process                            0x08004ae0   Section        0  tcp_in.o(i.tcp_process)
    tcp_process                              0x08004ae1   Thumb Code  1388  tcp_in.o(i.tcp_process)
    i.tcp_receive                            0x08005064   Section        0  tcp_in.o(i.tcp_receive)
    tcp_receive                              0x08005065   Thumb Code  1562  tcp_in.o(i.tcp_receive)
    i.tcp_recv_null                          0x08005694   Section        0  tcp.o(i.tcp_recv_null)
    i.tcp_recved                             0x080056c2   Section        0  tcp.o(i.tcp_recved)
    i.tcp_rexmit                             0x08005708   Section        0  tcp_out.o(i.tcp_rexmit)
    i.tcp_rexmit_fast                        0x08005758   Section        0  tcp_out.o(i.tcp_rexmit_fast)
    i.tcp_rexmit_rto                         0x080057ca   Section        0  tcp_out.o(i.tcp_rexmit_rto)
    i.tcp_rst                                0x08005804   Section        0  tcp_out.o(i.tcp_rst)
    i.tcp_seg_free                           0x080058ae   Section        0  tcp.o(i.tcp_seg_free)
    i.tcp_segs_free                          0x080058ce   Section        0  tcp.o(i.tcp_segs_free)
    i.tcp_send_ctrl                          0x080058ec   Section        0  tcp_out.o(i.tcp_send_ctrl)
    i.tcp_send_empty_ack                     0x08005908   Section        0  tcp_out.o(i.tcp_send_empty_ack)
    i.tcp_slowtmr                            0x08005968   Section        0  tcp.o(i.tcp_slowtmr)
    i.tcp_timewait_input                     0x08005c48   Section        0  tcp_in.o(i.tcp_timewait_input)
    tcp_timewait_input                       0x08005c49   Thumb Code   150  tcp_in.o(i.tcp_timewait_input)
    i.tcp_tmr                                0x08005cfc   Section        0  tcp.o(i.tcp_tmr)
    i.tcp_update_rcv_ann_wnd                 0x08005d20   Section        0  tcp.o(i.tcp_update_rcv_ann_wnd)
    i.tcp_zero_window_probe                  0x08005d68   Section        0  tcp_out.o(i.tcp_zero_window_probe)
    i.udp_bind                               0x08005e10   Section        0  udp.o(i.udp_bind)
    i.udp_input                              0x08005e80   Section        0  udp.o(i.udp_input)
    i.udp_new                                0x08006048   Section        0  udp.o(i.udp_new)
    i.udp_recv                               0x08006064   Section        0  udp.o(i.udp_recv)
    i.udp_sendto                             0x0800606a   Section        0  udp.o(i.udp_sendto)
    i.udp_sendto_if                          0x08006098   Section        0  udp.o(i.udp_sendto_if)
    i.udp_server_recv                        0x08006162   Section        0  udp_server.o(i.udp_server_recv)
    i.update_arp_entry                       0x08006194   Section        0  etharp.o(i.update_arp_entry)
    update_arp_entry                         0x08006195   Thumb Code   232  etharp.o(i.update_arp_entry)
    .constdata                               0x08006280   Section       36  memp.o(.constdata)
    memp_sizes                               0x08006280   Data          18  memp.o(.constdata)
    memp_num                                 0x08006292   Data          18  memp.o(.constdata)
    .constdata                               0x080062a4   Section       20  tcp.o(.constdata)
    .constdata                               0x080062b8   Section        8  ip_addr.o(.constdata)
    .constdata                               0x080062c0   Section       12  etharp.o(.constdata)
    .conststring                             0x080062cc   Section      117  tcp.o(.conststring)
    .data                                    0x20000000   Section        8  main.o(.data)
    .data                                    0x20000008   Section       12  netconf.o(.data)
    .data                                    0x20000014   Section       16  stm32f4xx_rcc.o(.data)
    APBAHBPrescTable                         0x20000014   Data          16  stm32f4xx_rcc.o(.data)
    .data                                    0x20000024   Section        4  dhcp.o(.data)
    xid                                      0x20000024   Data           4  dhcp.o(.data)
    .data                                    0x20000028   Section       13  mem.o(.data)
    ram                                      0x20000028   Data           4  mem.o(.data)
    ram_end                                  0x2000002c   Data           4  mem.o(.data)
    lfree                                    0x20000030   Data           4  mem.o(.data)
    mem_sem                                  0x20000034   Data           1  mem.o(.data)
    .data                                    0x20000038   Section        9  netif.o(.data)
    netifnum                                 0x20000040   Data           1  netif.o(.data)
    .data                                    0x20000044   Section        4  raw.o(.data)
    raw_pcbs                                 0x20000044   Data           4  raw.o(.data)
    .data                                    0x20000048   Section       76  tcp.o(.data)
    tcp_timer                                0x2000008c   Data           1  tcp.o(.data)
    port                                     0x2000008e   Data           2  tcp.o(.data)
    iss                                      0x20000090   Data           4  tcp.o(.data)
    .data                                    0x20000094   Section       32  tcp_in.o(.data)
    tcphdr                                   0x20000094   Data           4  tcp_in.o(.data)
    iphdr                                    0x20000098   Data           4  tcp_in.o(.data)
    seqno                                    0x2000009c   Data           4  tcp_in.o(.data)
    ackno                                    0x200000a0   Data           4  tcp_in.o(.data)
    flags                                    0x200000a4   Data           1  tcp_in.o(.data)
    tcplen                                   0x200000a6   Data           2  tcp_in.o(.data)
    recv_flags                               0x200000a8   Data           1  tcp_in.o(.data)
    recv_data                                0x200000ac   Data           4  tcp_in.o(.data)
    .data                                    0x200000b4   Section        4  udp.o(.data)
    .data                                    0x200000b8   Section       10  ip.o(.data)
    ip_id                                    0x200000c0   Data           2  ip.o(.data)
    .data                                    0x200000c4   Section        6  ip_frag.o(.data)
    reassdatagrams                           0x200000c4   Data           4  ip_frag.o(.data)
    ip_reass_pbufcount                       0x200000c8   Data           2  ip_frag.o(.data)
    .data                                    0x200000ca   Section        1  etharp.o(.data)
    etharp_cached_entry                      0x200000ca   Data           1  etharp.o(.data)
    .data                                    0x200000cc   Section       16  stm32f4x7_eth.o(.data)
    .bss                                     0x200000dc   Section       56  netconf.o(.bss)
    .bss                                     0x20000114   Section    10260  mem.o(.bss)
    ram_heap                                 0x20000114   Data       10260  mem.o(.bss)
    .bss                                     0x20002928   Section     9271  memp.o(.bss)
    memp_tab                                 0x20002928   Data          36  memp.o(.bss)
    memp_memory                              0x2000294c   Data        9235  memp.o(.bss)
    .bss                                     0x20004d60   Section       20  tcp_in.o(.bss)
    inseg                                    0x20004d60   Data          20  tcp_in.o(.bss)
    .bss                                     0x20004d74   Section     1504  ip_frag.o(.bss)
    buf                                      0x20004d74   Data        1504  ip_frag.o(.bss)
    .bss                                     0x20005354   Section      200  etharp.o(.bss)
    arp_table                                0x20005354   Data         200  etharp.o(.bss)
    .bss                                     0x2000541c   Section     9348  stm32f4x7_eth.o(.bss)
    STACK                                    0x200078a0   Section     1024  startup_stm32f40_41xxx.o(STACK)

    Global Symbols

    Symbol Name                              Value     Ov Type        Size  Object(Section)

    BuildAttributes$$THM_ISAv4$E$P$D$K$B$S$7EM$VFPi3$EXTD16$VFPS$VFMA$PE$A:L22UL41UL21$X:L11$S22US41US21$IEEE1$IW$USESV6$~STKCKD$USESV7$~SHL$OSPACE$EBA8$MICROLIB$REQ8$PRES8$EABIv2 0x00000000   Number         0  anon$$obj.o ABSOLUTE
    __ARM_use_no_argv                        0x00000000   Number         0  main.o ABSOLUTE
    __cpp_initialize__aeabi_                  - Undefined Weak Reference
    __cxa_finalize                            - Undefined Weak Reference
    __decompress                              - Undefined Weak Reference
    _clock_init                               - Undefined Weak Reference
    _microlib_exit                            - Undefined Weak Reference
    __Vectors_Size                           0x00000188   Number         0  startup_stm32f40_41xxx.o ABSOLUTE
    __Vectors                                0x08000000   Data           4  startup_stm32f40_41xxx.o(RESET)
    __Vectors_End                            0x08000188   Data           0  startup_stm32f40_41xxx.o(RESET)
    __main                                   0x08000189   Thumb Code     0  entry.o(.ARM.Collect$$$$00000000)
    _main_stk                                0x08000189   Thumb Code     0  entry2.o(.ARM.Collect$$$$00000001)
    _main_scatterload                        0x0800018d   Thumb Code     0  entry5.o(.ARM.Collect$$$$00000004)
    __main_after_scatterload                 0x08000191   Thumb Code     0  entry5.o(.ARM.Collect$$$$00000004)
    _main_clock                              0x08000191   Thumb Code     0  entry7b.o(.ARM.Collect$$$$00000008)
    _main_cpp_init                           0x08000191   Thumb Code     0  entry8b.o(.ARM.Collect$$$$0000000A)
    _main_init                               0x08000191   Thumb Code     0  entry9a.o(.ARM.Collect$$$$0000000B)
    __rt_final_cpp                           0x08000199   Thumb Code     0  entry10a.o(.ARM.Collect$$$$0000000D)
    __rt_final_exit                          0x08000199   Thumb Code     0  entry11a.o(.ARM.Collect$$$$0000000F)
    Reset_Handler                            0x0800019d   Thumb Code     8  startup_stm32f40_41xxx.o(.text)
    ADC_IRQHandler                           0x080001b7   Thumb Code     0  startup_stm32f40_41xxx.o(.text)
    CAN1_RX0_IRQHandler                      0x080001b7   Thumb Code     0  startup_stm32f40_41xxx.o(.text)
    CAN1_RX1_IRQHandler                      0x080001b7   Thumb Code     0  startup_stm32f40_41xxx.o(.text)
    CAN1_SCE_IRQHandler                      0x080001b7   Thumb Code     0  startup_stm32f40_41xxx.o(.text)
    CAN1_TX_IRQHandler                       0x080001b7   Thumb Code     0  startup_stm32f40_41xxx.o(.text)
    CAN2_RX0_IRQHandler                      0x080001b7   Thumb Code     0  startup_stm32f40_41xxx.o(.text)
    CAN2_RX1_IRQHandler                      0x080001b7   Thumb Code     0  startup_stm32f40_41xxx.o(.text)
    CAN2_SCE_IRQHandler                      0x080001b7   Thumb Code     0  startup_stm32f40_41xxx.o(.text)
    CAN2_TX_IRQHandler                       0x080001b7   Thumb Code     0  startup_stm32f40_41xxx.o(.text)
    CRYP_IRQHandler                          0x080001b7   Thumb Code     0  startup_stm32f40_41xxx.o(.text)
    DCMI_IRQHandler                          0x080001b7   Thumb Code     0  startup_stm32f40_41xxx.o(.text)
    DMA1_Stream0_IRQHandler                  0x080001b7   Thumb Code     0  startup_stm32f40_41xxx.o(.text)
    DMA1_Stream1_IRQHandler                  0x080001b7   Thumb Code     0  startup_stm32f40_41xxx.o(.text)
    DMA1_Stream2_IRQHandler                  0x080001b7   Thumb Code     0  startup_stm32f40_41xxx.o(.text)
    DMA1_Stream3_IRQHandler                  0x080001b7   Thumb Code     0  startup_stm32f40_41xxx.o(.text)
    DMA1_Stream4_IRQHandler                  0x080001b7   Thumb Code     0  startup_stm32f40_41xxx.o(.text)
    DMA1_Stream5_IRQHandler                  0x080001b7   Thumb Code     0  startup_stm32f40_41xxx.o(.text)
    DMA1_Stream6_IRQHandler                  0x080001b7   Thumb Code     0  startup_stm32f40_41xxx.o(.text)
    DMA1_Stream7_IRQHandler                  0x080001b7   Thumb Code     0  startup_stm32f40_41xxx.o(.text)
    DMA2_Stream0_IRQHandler                  0x080001b7   Thumb Code     0  startup_stm32f40_41xxx.o(.text)
    DMA2_Stream1_IRQHandler                  0x080001b7   Thumb Code     0  startup_stm32f40_41xxx.o(.text)
    DMA2_Stream2_IRQHandler                  0x080001b7   Thumb Code     0  startup_stm32f40_41xxx.o(.text)
    DMA2_Stream3_IRQHandler                  0x080001b7   Thumb Code     0  startup_stm32f40_41xxx.o(.text)
    DMA2_Stream4_IRQHandler                  0x080001b7   Thumb Code     0  startup_stm32f40_41xxx.o(.text)
    DMA2_Stream5_IRQHandler                  0x080001b7   Thumb Code     0  startup_stm32f40_41xxx.o(.text)
    DMA2_Stream6_IRQHandler                  0x080001b7   Thumb Code     0  startup_stm32f40_41xxx.o(.text)
    DMA2_Stream7_IRQHandler                  0x080001b7   Thumb Code     0  startup_stm32f40_41xxx.o(.text)
    ETH_WKUP_IRQHandler                      0x080001b7   Thumb Code     0  startup_stm32f40_41xxx.o(.text)
    EXTI0_IRQHandler                         0x080001b7   Thumb Code     0  startup_stm32f40_41xxx.o(.text)
    EXTI1_IRQHandler                         0x080001b7   Thumb Code     0  startup_stm32f40_41xxx.o(.text)
    EXTI2_IRQHandler                         0x080001b7   Thumb Code     0  startup_stm32f40_41xxx.o(.text)
    EXTI3_IRQHandler                         0x080001b7   Thumb Code     0  startup_stm32f40_41xxx.o(.text)
    EXTI4_IRQHandler                         0x080001b7   Thumb Code     0  startup_stm32f40_41xxx.o(.text)
    EXTI9_5_IRQHandler                       0x080001b7   Thumb Code     0  startup_stm32f40_41xxx.o(.text)
    FLASH_IRQHandler                         0x080001b7   Thumb Code     0  startup_stm32f40_41xxx.o(.text)
    FPU_IRQHandler                           0x080001b7   Thumb Code     0  startup_stm32f40_41xxx.o(.text)
    FSMC_IRQHandler                          0x080001b7   Thumb Code     0  startup_stm32f40_41xxx.o(.text)
    HASH_RNG_IRQHandler                      0x080001b7   Thumb Code     0  startup_stm32f40_41xxx.o(.text)
    I2C1_ER_IRQHandler                       0x080001b7   Thumb Code     0  startup_stm32f40_41xxx.o(.text)
    I2C1_EV_IRQHandler                       0x080001b7   Thumb Code     0  startup_stm32f40_41xxx.o(.text)
    I2C2_ER_IRQHandler                       0x080001b7   Thumb Code     0  startup_stm32f40_41xxx.o(.text)
    I2C2_EV_IRQHandler                       0x080001b7   Thumb Code     0  startup_stm32f40_41xxx.o(.text)
    I2C3_ER_IRQHandler                       0x080001b7   Thumb Code     0  startup_stm32f40_41xxx.o(.text)
    I2C3_EV_IRQHandler                       0x080001b7   Thumb Code     0  startup_stm32f40_41xxx.o(.text)
    OTG_FS_IRQHandler                        0x080001b7   Thumb Code     0  startup_stm32f40_41xxx.o(.text)
    OTG_FS_WKUP_IRQHandler                   0x080001b7   Thumb Code     0  startup_stm32f40_41xxx.o(.text)
    OTG_HS_EP1_IN_IRQHandler                 0x080001b7   Thumb Code     0  startup_stm32f40_41xxx.o(.text)
    OTG_HS_EP1_OUT_IRQHandler                0x080001b7   Thumb Code     0  startup_stm32f40_41xxx.o(.text)
    OTG_HS_IRQHandler                        0x080001b7   Thumb Code     0  startup_stm32f40_41xxx.o(.text)
    OTG_HS_WKUP_IRQHandler                   0x080001b7   Thumb Code     0  startup_stm32f40_41xxx.o(.text)
    PVD_IRQHandler                           0x080001b7   Thumb Code     0  startup_stm32f40_41xxx.o(.text)
    RCC_IRQHandler                           0x080001b7   Thumb Code     0  startup_stm32f40_41xxx.o(.text)
    RTC_Alarm_IRQHandler                     0x080001b7   Thumb Code     0  startup_stm32f40_41xxx.o(.text)
    RTC_WKUP_IRQHandler                      0x080001b7   Thumb Code     0  startup_stm32f40_41xxx.o(.text)
    SDIO_IRQHandler                          0x080001b7   Thumb Code     0  startup_stm32f40_41xxx.o(.text)
    SPI1_IRQHandler                          0x080001b7   Thumb Code     0  startup_stm32f40_41xxx.o(.text)
    SPI2_IRQHandler                          0x080001b7   Thumb Code     0  startup_stm32f40_41xxx.o(.text)
    SPI3_IRQHandler                          0x080001b7   Thumb Code     0  startup_stm32f40_41xxx.o(.text)
    TAMP_STAMP_IRQHandler                    0x080001b7   Thumb Code     0  startup_stm32f40_41xxx.o(.text)
    TIM1_BRK_TIM9_IRQHandler                 0x080001b7   Thumb Code     0  startup_stm32f40_41xxx.o(.text)
    TIM1_CC_IRQHandler                       0x080001b7   Thumb Code     0  startup_stm32f40_41xxx.o(.text)
    TIM1_TRG_COM_TIM11_IRQHandler            0x080001b7   Thumb Code     0  startup_stm32f40_41xxx.o(.text)
    TIM1_UP_TIM10_IRQHandler                 0x080001b7   Thumb Code     0  startup_stm32f40_41xxx.o(.text)
    TIM2_IRQHandler                          0x080001b7   Thumb Code     0  startup_stm32f40_41xxx.o(.text)
    TIM3_IRQHandler                          0x080001b7   Thumb Code     0  startup_stm32f40_41xxx.o(.text)
    TIM4_IRQHandler                          0x080001b7   Thumb Code     0  startup_stm32f40_41xxx.o(.text)
    TIM5_IRQHandler                          0x080001b7   Thumb Code     0  startup_stm32f40_41xxx.o(.text)
    TIM6_DAC_IRQHandler                      0x080001b7   Thumb Code     0  startup_stm32f40_41xxx.o(.text)
    TIM7_IRQHandler                          0x080001b7   Thumb Code     0  startup_stm32f40_41xxx.o(.text)
    TIM8_BRK_TIM12_IRQHandler                0x080001b7   Thumb Code     0  startup_stm32f40_41xxx.o(.text)
    TIM8_CC_IRQHandler                       0x080001b7   Thumb Code     0  startup_stm32f40_41xxx.o(.text)
    TIM8_TRG_COM_TIM14_IRQHandler            0x080001b7   Thumb Code     0  startup_stm32f40_41xxx.o(.text)
    TIM8_UP_TIM13_IRQHandler                 0x080001b7   Thumb Code     0  startup_stm32f40_41xxx.o(.text)
    UART4_IRQHandler                         0x080001b7   Thumb Code     0  startup_stm32f40_41xxx.o(.text)
    UART5_IRQHandler                         0x080001b7   Thumb Code     0  startup_stm32f40_41xxx.o(.text)
    USART1_IRQHandler                        0x080001b7   Thumb Code     0  startup_stm32f40_41xxx.o(.text)
    USART2_IRQHandler                        0x080001b7   Thumb Code     0  startup_stm32f40_41xxx.o(.text)
    USART3_IRQHandler                        0x080001b7   Thumb Code     0  startup_stm32f40_41xxx.o(.text)
    USART6_IRQHandler                        0x080001b7   Thumb Code     0  startup_stm32f40_41xxx.o(.text)
    WWDG_IRQHandler                          0x080001b7   Thumb Code     0  startup_stm32f40_41xxx.o(.text)
    __aeabi_memcpy                           0x080001c1   Thumb Code    36  memcpya.o(.text)
    __aeabi_memcpy4                          0x080001c1   Thumb Code     0  memcpya.o(.text)
    __aeabi_memcpy8                          0x080001c1   Thumb Code     0  memcpya.o(.text)
    __aeabi_memset                           0x080001e5   Thumb Code    14  memseta.o(.text)
    __aeabi_memset4                          0x080001e5   Thumb Code     0  memseta.o(.text)
    __aeabi_memset8                          0x080001e5   Thumb Code     0  memseta.o(.text)
    __aeabi_memclr                           0x080001f3   Thumb Code     4  memseta.o(.text)
    __aeabi_memclr4                          0x080001f3   Thumb Code     0  memseta.o(.text)
    __aeabi_memclr8                          0x080001f3   Thumb Code     0  memseta.o(.text)
    _memset$wrapper                          0x080001f7   Thumb Code    18  memseta.o(.text)
    memcmp                                   0x08000209   Thumb Code    26  memcmp.o(.text)
    __scatterload                            0x08000225   Thumb Code    28  init.o(.text)
    __scatterload_rt2                        0x08000225   Thumb Code     0  init.o(.text)
    BusFault_Handler                         0x08000249   Thumb Code     4  stm32f4xx_it.o(i.BusFault_Handler)
    DebugMon_Handler                         0x0800024d   Thumb Code     2  stm32f4xx_it.o(i.DebugMon_Handler)
    ETH_BSP_Config                           0x0800024f   Thumb Code    80  stm32f4x7_eth_bsp.o(i.ETH_BSP_Config)
    ETH_CheckFrameReceived                   0x080002a1   Thumb Code   190  stm32f4x7_eth.o(i.ETH_CheckFrameReceived)
    ETH_DMAClearITPendingBit                 0x08000369   Thumb Code     6  stm32f4x7_eth.o(i.ETH_DMAClearITPendingBit)
    ETH_DMAITConfig                          0x08000375   Thumb Code    26  stm32f4x7_eth.o(i.ETH_DMAITConfig)
    ETH_DMAReceptionCmd                      0x08000395   Thumb Code    30  stm32f4x7_eth.o(i.ETH_DMAReceptionCmd)
    ETH_DMARxDescChainInit                   0x080003b9   Thumb Code    82  stm32f4x7_eth.o(i.ETH_DMARxDescChainInit)
    ETH_DMATransmissionCmd                   0x0800041d   Thumb Code    30  stm32f4x7_eth.o(i.ETH_DMATransmissionCmd)
    ETH_DMATxDescChainInit                   0x08000441   Thumb Code    70  stm32f4x7_eth.o(i.ETH_DMATxDescChainInit)
    ETH_DMATxDescChecksumInsertionConfig     0x08000491   Thumb Code     8  stm32f4x7_eth.o(i.ETH_DMATxDescChecksumInsertionConfig)
    ETH_DeInit                               0x08000499   Thumb Code    22  stm32f4x7_eth.o(i.ETH_DeInit)
    ETH_FlushTransmitFIFO                    0x080004cd   Thumb Code    14  stm32f4x7_eth.o(i.ETH_FlushTransmitFIFO)
    ETH_GetSoftwareResetStatus               0x0800059d   Thumb Code    20  stm32f4x7_eth.o(i.ETH_GetSoftwareResetStatus)
    ETH_Get_Received_Frame                   0x080005b5   Thumb Code    82  stm32f4x7_eth.o(i.ETH_Get_Received_Frame)
    ETH_IRQHandler                           0x08000611   Thumb Code    32  stm32f4xx_it.o(i.ETH_IRQHandler)
    ETH_Init                                 0x08000631   Thumb Code   638  stm32f4x7_eth.o(i.ETH_Init)
    ETH_MACAddressConfig                     0x080008dd   Thumb Code    46  stm32f4x7_eth.o(i.ETH_MACAddressConfig)
    ETH_MACReceptionCmd                      0x08000995   Thumb Code    30  stm32f4x7_eth.o(i.ETH_MACReceptionCmd)
    ETH_MACTransmissionCmd                   0x080009b9   Thumb Code    30  stm32f4x7_eth.o(i.ETH_MACTransmissionCmd)
    ETH_Prepare_Transmit_Descriptors         0x08000a05   Thumb Code   222  stm32f4x7_eth.o(i.ETH_Prepare_Transmit_Descriptors)
    ETH_ReadPHYRegister                      0x08000aed   Thumb Code    98  stm32f4x7_eth.o(i.ETH_ReadPHYRegister)
    ETH_SoftwareReset                        0x08000b59   Thumb Code    14  stm32f4x7_eth.o(i.ETH_SoftwareReset)
    ETH_Start                                0x08000b6d   Thumb Code    32  stm32f4x7_eth.o(i.ETH_Start)
    ETH_StructInit                           0x08000b8d   Thumb Code   178  stm32f4x7_eth.o(i.ETH_StructInit)
    ETH_WritePHYRegister                     0x08000c41   Thumb Code    96  stm32f4x7_eth.o(i.ETH_WritePHYRegister)
    EXTI15_10_IRQHandler                     0x08000ca9   Thumb Code     2  stm32f4xx_it.o(i.EXTI15_10_IRQHandler)
    GPIO_Init                                0x08000cab   Thumb Code   144  stm32f4xx_gpio.o(i.GPIO_Init)
    GPIO_PinAFConfig                         0x08000d3b   Thumb Code    70  stm32f4xx_gpio.o(i.GPIO_PinAFConfig)
    HardFault_Handler                        0x08000d81   Thumb Code     4  stm32f4xx_it.o(i.HardFault_Handler)
    LwIP_Init                                0x08000d85   Thumb Code   100  netconf.o(i.LwIP_Init)
    LwIP_Periodic_Handle                     0x08000df5   Thumb Code    52  netconf.o(i.LwIP_Periodic_Handle)
    LwIP_Pkt_Handle                          0x08000e31   Thumb Code    10  netconf.o(i.LwIP_Pkt_Handle)
    MemManage_Handler                        0x08000e41   Thumb Code     4  stm32f4xx_it.o(i.MemManage_Handler)
    My_IP4_ADDR                              0x08000e45   Thumb Code    48  netconf.o(i.My_IP4_ADDR)
    NMI_Handler                              0x08000e75   Thumb Code     2  stm32f4xx_it.o(i.NMI_Handler)
    NVIC_Init                                0x08000e79   Thumb Code   106  misc.o(i.NVIC_Init)
    NVIC_PriorityGroupConfig                 0x08000ef1   Thumb Code    10  misc.o(i.NVIC_PriorityGroupConfig)
    PendSV_Handler                           0x08000f2d   Thumb Code     2  stm32f4xx_it.o(i.PendSV_Handler)
    RCC_AHB1PeriphClockCmd                   0x08000f31   Thumb Code    26  stm32f4xx_rcc.o(i.RCC_AHB1PeriphClockCmd)
    RCC_AHB1PeriphResetCmd                   0x08000f51   Thumb Code    26  stm32f4xx_rcc.o(i.RCC_AHB1PeriphResetCmd)
    RCC_APB2PeriphClockCmd                   0x08000f71   Thumb Code    26  stm32f4xx_rcc.o(i.RCC_APB2PeriphClockCmd)
    RCC_GetClocksFreq                        0x08000f91   Thumb Code   214  stm32f4xx_rcc.o(i.RCC_GetClocksFreq)
    SVC_Handler                              0x08001079   Thumb Code     2  stm32f4xx_it.o(i.SVC_Handler)
    SYSCFG_ETH_MediaInterfaceConfig          0x0800107d   Thumb Code     6  stm32f4xx_syscfg.o(i.SYSCFG_ETH_MediaInterfaceConfig)
    SysTick_Handler                          0x08001175   Thumb Code     8  stm32f4xx_it.o(i.SysTick_Handler)
    SystemInit                               0x0800117d   Thumb Code    88  system_stm32f4xx.o(i.SystemInit)
    Time_Update                              0x080011e5   Thumb Code    12  main.o(i.Time_Update)
    UDP_server_init                          0x080011f5   Thumb Code    32  udp_server.o(i.UDP_server_init)
    UsageFault_Handler                       0x0800121d   Thumb Code     4  stm32f4xx_it.o(i.UsageFault_Handler)
    __scatterload_copy                       0x08001221   Thumb Code    14  handlers.o(i.__scatterload_copy)
    __scatterload_null                       0x0800122f   Thumb Code     2  handlers.o(i.__scatterload_null)
    __scatterload_zeroinit                   0x08001231   Thumb Code    14  handlers.o(i.__scatterload_zeroinit)
    autoip_arp_reply                         0x0800126d   Thumb Code   176  autoip.o(i.autoip_arp_reply)
    autoip_start                             0x080013af   Thumb Code    96  autoip.o(i.autoip_start)
    dhcp_arp_reply                           0x0800145f   Thumb Code    46  dhcp.o(i.dhcp_arp_reply)
    etharp_arp_input                         0x08001745   Thumb Code   340  etharp.o(i.etharp_arp_input)
    etharp_ip_input                          0x0800189d   Thumb Code    60  etharp.o(i.etharp_ip_input)
    etharp_output                            0x080018d9   Thumb Code   190  etharp.o(i.etharp_output)
    etharp_query                             0x0800199d   Thumb Code   386  etharp.o(i.etharp_query)
    etharp_raw                               0x08001b25   Thumb Code   212  etharp.o(i.etharp_raw)
    etharp_request                           0x08001bfd   Thumb Code    36  etharp.o(i.etharp_request)
    etharp_tmr                               0x08001c6d   Thumb Code   154  etharp.o(i.etharp_tmr)
    ethernet_input                           0x08001d0d   Thumb Code   108  etharp.o(i.ethernet_input)
    ethernetif_init                          0x08001d79   Thumb Code    38  ethernetif.o(i.ethernetif_init)
    ethernetif_input                         0x08001da9   Thumb Code    44  ethernetif.o(i.ethernetif_input)
    htonl                                    0x08001feb   Thumb Code    26  inet.o(i.htonl)
    htons                                    0x08002005   Thumb Code    12  inet.o(i.htons)
    icmp_dest_unreach                        0x08002011   Thumb Code    18  icmp.o(i.icmp_dest_unreach)
    icmp_input                               0x08002023   Thumb Code   368  icmp.o(i.icmp_input)
    icmp_time_exceeded                       0x080021ff   Thumb Code    18  icmp.o(i.icmp_time_exceeded)
    inet_chksum                              0x08002211   Thumb Code    20  inet_chksum.o(i.inet_chksum)
    inet_chksum_pbuf                         0x08002225   Thumb Code    86  inet_chksum.o(i.inet_chksum_pbuf)
    ip_addr_isbroadcast                      0x0800227b   Thumb Code    78  ip_addr.o(i.ip_addr_isbroadcast)
    ip_frag                                  0x080022c9   Thumb Code   326  ip_frag.o(i.ip_frag)
    ip_input                                 0x08002415   Thumb Code   446  ip.o(i.ip_input)
    ip_output                                0x080025e1   Thumb Code    52  ip.o(i.ip_output)
    ip_output_if                             0x08002615   Thumb Code   246  ip.o(i.ip_output_if)
    ip_reass                                 0x08002711   Thumb Code   400  ip_frag.o(i.ip_reass)
    ip_route                                 0x08002b95   Thumb Code    70  ip.o(i.ip_route)
    main                                     0x08002db9   Thumb Code    24  main.o(i.main)
    mem_free                                 0x08002dd5   Thumb Code    68  mem.o(i.mem_free)
    mem_init                                 0x08002e25   Thumb Code    80  mem.o(i.mem_init)
    mem_malloc                               0x08002e89   Thumb Code   228  mem.o(i.mem_malloc)
    mem_realloc                              0x08002f79   Thumb Code   288  mem.o(i.mem_realloc)
    memp_free                                0x080030a5   Thumb Code    28  memp.o(i.memp_free)
    memp_init                                0x080030c5   Thumb Code    82  memp.o(i.memp_init)
    memp_malloc                              0x08003129   Thumb Code    40  memp.o(i.memp_malloc)
    netif_add                                0x08003155   Thumb Code   100  netif.o(i.netif_add)
    netif_is_up                              0x080031c1   Thumb Code    12  netif.o(i.netif_is_up)
    netif_set_addr                           0x080031cd   Thumb Code    40  netif.o(i.netif_set_addr)
    netif_set_default                        0x080031f5   Thumb Code     6  netif.o(i.netif_set_default)
    netif_set_down                           0x08003201   Thumb Code    24  netif.o(i.netif_set_down)
    netif_set_gw                             0x08003219   Thumb Code    12  netif.o(i.netif_set_gw)
    netif_set_ipaddr                         0x08003225   Thumb Code   110  netif.o(i.netif_set_ipaddr)
    netif_set_netmask                        0x0800329d   Thumb Code    12  netif.o(i.netif_set_netmask)
    netif_set_up                             0x080032a9   Thumb Code    44  netif.o(i.netif_set_up)
    ntohl                                    0x080032d5   Thumb Code    12  inet.o(i.ntohl)
    ntohs                                    0x080032e1   Thumb Code    12  inet.o(i.ntohs)
    pbuf_alloc                               0x080032ed   Thumb Code   414  pbuf.o(i.pbuf_alloc)
    pbuf_cat                                 0x0800348b   Thumb Code    56  pbuf.o(i.pbuf_cat)
    pbuf_chain                               0x080034c3   Thumb Code    22  pbuf.o(i.pbuf_chain)
    pbuf_clen                                0x080034d9   Thumb Code    18  pbuf.o(i.pbuf_clen)
    pbuf_copy                                0x080034eb   Thumb Code   182  pbuf.o(i.pbuf_copy)
    pbuf_copy_partial                        0x080035a1   Thumb Code   146  pbuf.o(i.pbuf_copy_partial)
    pbuf_free                                0x08003633   Thumb Code   110  pbuf.o(i.pbuf_free)
    pbuf_header                              0x080036a1   Thumb Code   126  pbuf.o(i.pbuf_header)
    pbuf_realloc                             0x0800371f   Thumb Code   120  pbuf.o(i.pbuf_realloc)
    pbuf_ref                                 0x08003797   Thumb Code    10  pbuf.o(i.pbuf_ref)
    raw_input                                0x08003829   Thumb Code   100  raw.o(i.raw_input)
    tcp_abandon                              0x08003891   Thumb Code   148  tcp.o(i.tcp_abandon)
    tcp_alloc                                0x0800392d   Thumb Code   170  tcp.o(i.tcp_alloc)
    tcp_close                                0x080039e5   Thumb Code   234  tcp.o(i.tcp_close)
    tcp_eff_send_mss                         0x08003ae1   Thumb Code    46  tcp.o(i.tcp_eff_send_mss)
    tcp_enqueue                              0x08003b0f   Thumb Code  1014  tcp_out.o(i.tcp_enqueue)
    tcp_fasttmr                              0x08003f05   Thumb Code   114  tcp.o(i.tcp_fasttmr)
    tcp_input                                0x08003f7d   Thumb Code  1120  tcp_in.o(i.tcp_input)
    tcp_keepalive                            0x080043e9   Thumb Code    82  tcp_out.o(i.tcp_keepalive)
    tcp_next_iss                             0x08004605   Thumb Code    20  tcp.o(i.tcp_next_iss)
    tcp_output                               0x08004621   Thumb Code   474  tcp_out.o(i.tcp_output)
    tcp_pcb_purge                            0x08004a11   Thumb Code    54  tcp.o(i.tcp_pcb_purge)
    tcp_pcb_remove                           0x08004a49   Thumb Code   146  tcp.o(i.tcp_pcb_remove)
    tcp_recv_null                            0x08005695   Thumb Code    46  tcp.o(i.tcp_recv_null)
    tcp_recved                               0x080056c3   Thumb Code    70  tcp.o(i.tcp_recved)
    tcp_rexmit                               0x08005709   Thumb Code    80  tcp_out.o(i.tcp_rexmit)
    tcp_rexmit_fast                          0x08005759   Thumb Code   114  tcp_out.o(i.tcp_rexmit_fast)
    tcp_rexmit_rto                           0x080057cb   Thumb Code    58  tcp_out.o(i.tcp_rexmit_rto)
    tcp_rst                                  0x08005805   Thumb Code   170  tcp_out.o(i.tcp_rst)
    tcp_seg_free                             0x080058af   Thumb Code    32  tcp.o(i.tcp_seg_free)
    tcp_segs_free                            0x080058cf   Thumb Code    30  tcp.o(i.tcp_segs_free)
    tcp_send_ctrl                            0x080058ed   Thumb Code    28  tcp_out.o(i.tcp_send_ctrl)
    tcp_send_empty_ack                       0x08005909   Thumb Code    94  tcp_out.o(i.tcp_send_empty_ack)
    tcp_slowtmr                              0x08005969   Thumb Code   712  tcp.o(i.tcp_slowtmr)
    tcp_tmr                                  0x08005cfd   Thumb Code    30  tcp.o(i.tcp_tmr)
    tcp_update_rcv_ann_wnd                   0x08005d21   Thumb Code    72  tcp.o(i.tcp_update_rcv_ann_wnd)
    tcp_zero_window_probe                    0x08005d69   Thumb Code   168  tcp_out.o(i.tcp_zero_window_probe)
    udp_bind                                 0x08005e11   Thumb Code   106  udp.o(i.udp_bind)
    udp_input                                0x08005e81   Thumb Code   452  udp.o(i.udp_input)
    udp_new                                  0x08006049   Thumb Code    28  udp.o(i.udp_new)
    udp_recv                                 0x08006065   Thumb Code     6  udp.o(i.udp_recv)
    udp_sendto                               0x0800606b   Thumb Code    46  udp.o(i.udp_sendto)
    udp_sendto_if                            0x08006099   Thumb Code   202  udp.o(i.udp_sendto_if)
    udp_server_recv                          0x08006163   Thumb Code    50  udp_server.o(i.udp_server_recv)
    tcp_backoff                              0x080062a4   Data          13  tcp.o(.constdata)
    tcp_persist_backoff                      0x080062b1   Data           7  tcp.o(.constdata)
    ip_addr_any                              0x080062b8   Data           4  ip_addr.o(.constdata)
    ip_addr_broadcast                        0x080062bc   Data           4  ip_addr.o(.constdata)
    ethbroadcast                             0x080062c0   Data           6  etharp.o(.constdata)
    ethzero                                  0x080062c6   Data           6  etharp.o(.constdata)
    Region$$Table$$Base                      0x08006344   Number         0  anon$$obj.o(Region$$Table)
    Region$$Table$$Limit                     0x08006364   Number         0  anon$$obj.o(Region$$Table)
    LocalTime                                0x20000000   Data           4  main.o(.data)
    timingdelay                              0x20000004   Data           4  main.o(.data)
    TCPTimer                                 0x20000008   Data           4  netconf.o(.data)
    ARPTimer                                 0x2000000c   Data           4  netconf.o(.data)
    IPaddress                                0x20000010   Data           4  netconf.o(.data)
    netif_list                               0x20000038   Data           4  netif.o(.data)
    netif_default                            0x2000003c   Data           4  netif.o(.data)
    tcp_state_str                            0x20000048   Data          44  tcp.o(.data)
    tcp_ticks                                0x20000074   Data           4  tcp.o(.data)
    tcp_bound_pcbs                           0x20000078   Data           4  tcp.o(.data)
    tcp_listen_pcbs                          0x2000007c   Data           4  tcp.o(.data)
    tcp_active_pcbs                          0x20000080   Data           4  tcp.o(.data)
    tcp_tw_pcbs                              0x20000084   Data           4  tcp.o(.data)
    tcp_tmp_pcb                              0x20000088   Data           4  tcp.o(.data)
    tcp_input_pcb                            0x200000b0   Data           4  tcp_in.o(.data)
    udp_pcbs                                 0x200000b4   Data           4  udp.o(.data)
    current_netif                            0x200000b8   Data           4  ip.o(.data)
    current_header                           0x200000bc   Data           4  ip.o(.data)
    DMATxDescToSet                           0x200000cc   Data           4  stm32f4x7_eth.o(.data)
    DMARxDescToGet                           0x200000d0   Data           4  stm32f4x7_eth.o(.data)
    DMA_RX_FRAME_infos                       0x200000d4   Data           4  stm32f4x7_eth.o(.data)
    Frame_Rx_index                           0x200000d8   Data           4  stm32f4x7_eth.o(.data)
    netif                                    0x200000dc   Data          56  netconf.o(.bss)
    DMARxDscrTab                             0x2000541c   Data         128  stm32f4x7_eth.o(.bss)
    DMATxDscrTab                             0x2000549c   Data          64  stm32f4x7_eth.o(.bss)
    Rx_Buff                                  0x200054dc   Data        6096  stm32f4x7_eth.o(.bss)
    Tx_Buff                                  0x20006cac   Data        3048  stm32f4x7_eth.o(.bss)
    RX_Frame_Descriptor                      0x20007894   Data          12  stm32f4x7_eth.o(.bss)
    __initial_sp                             0x20007ca0   Data           0  startup_stm32f40_41xxx.o(STACK)



==============================================================================

Memory Map of the image

  Image Entry point : 0x08000189

  Load Region LR_IROM1 (Base: 0x08000000, Size: 0x00006440, Max: 0x00080000, ABSOLUTE)

    Execution Region ER_IROM1 (Exec base: 0x08000000, Load base: 0x08000000, Size: 0x00006364, Max: 0x00080000, ABSOLUTE)

    Exec Addr    Load Addr    Size         Type   Attr      Idx    E Section Name        Object

    0x08000000   0x08000000   0x00000188   Data   RO          450    RESET               startup_stm32f40_41xxx.o
    0x08000188   0x08000188   0x00000000   Code   RO         4082  * .ARM.Collect$$$$00000000  mc_w.l(entry.o)
    0x08000188   0x08000188   0x00000004   Code   RO         4093    .ARM.Collect$$$$00000001  mc_w.l(entry2.o)
    0x0800018c   0x0800018c   0x00000004   Code   RO         4096    .ARM.Collect$$$$00000004  mc_w.l(entry5.o)
    0x08000190   0x08000190   0x00000000   Code   RO         4098    .ARM.Collect$$$$00000008  mc_w.l(entry7b.o)
    0x08000190   0x08000190   0x00000000   Code   RO         4100    .ARM.Collect$$$$0000000A  mc_w.l(entry8b.o)
    0x08000190   0x08000190   0x00000008   Code   RO         4101    .ARM.Collect$$$$0000000B  mc_w.l(entry9a.o)
    0x08000198   0x08000198   0x00000000   Code   RO         4103    .ARM.Collect$$$$0000000D  mc_w.l(entry10a.o)
    0x08000198   0x08000198   0x00000000   Code   RO         4105    .ARM.Collect$$$$0000000F  mc_w.l(entry11a.o)
    0x08000198   0x08000198   0x00000004   Code   RO         4094    .ARM.Collect$$$$00002712  mc_w.l(entry2.o)
    0x0800019c   0x0800019c   0x00000024   Code   RO          451    .text               startup_stm32f40_41xxx.o
    0x080001c0   0x080001c0   0x00000024   Code   RO         4085    .text               mc_w.l(memcpya.o)
    0x080001e4   0x080001e4   0x00000024   Code   RO         4087    .text               mc_w.l(memseta.o)
    0x08000208   0x08000208   0x0000001a   Code   RO         4089    .text               mc_w.l(memcmp.o)
    0x08000222   0x08000222   0x00000002   PAD
    0x08000224   0x08000224   0x00000024   Code   RO         4107    .text               mc_w.l(init.o)
    0x08000248   0x08000248   0x00000004   Code   RO            3    i.BusFault_Handler  stm32f4xx_it.o
    0x0800024c   0x0800024c   0x00000002   Code   RO            4    i.DebugMon_Handler  stm32f4xx_it.o
    0x0800024e   0x0800024e   0x00000050   Code   RO          368    i.ETH_BSP_Config    stm32f4x7_eth_bsp.o
    0x0800029e   0x0800029e   0x00000002   PAD
    0x080002a0   0x080002a0   0x000000c8   Code   RO         3561    i.ETH_CheckFrameReceived  stm32f4x7_eth.o
    0x08000368   0x08000368   0x0000000c   Code   RO         3563    i.ETH_DMAClearITPendingBit  stm32f4x7_eth.o
    0x08000374   0x08000374   0x00000020   Code   RO         3564    i.ETH_DMAITConfig   stm32f4x7_eth.o
    0x08000394   0x08000394   0x00000024   Code   RO         3565    i.ETH_DMAReceptionCmd  stm32f4x7_eth.o
    0x080003b8   0x080003b8   0x00000064   Code   RO         3566    i.ETH_DMARxDescChainInit  stm32f4x7_eth.o
    0x0800041c   0x0800041c   0x00000024   Code   RO         3568    i.ETH_DMATransmissionCmd  stm32f4x7_eth.o
    0x08000440   0x08000440   0x00000050   Code   RO         3571    i.ETH_DMATxDescChainInit  stm32f4x7_eth.o
    0x08000490   0x08000490   0x00000008   Code   RO         3572    i.ETH_DMATxDescChecksumInsertionConfig  stm32f4x7_eth.o
    0x08000498   0x08000498   0x00000016   Code   RO         3577    i.ETH_DeInit        stm32f4x7_eth.o
    0x080004ae   0x080004ae   0x0000001c   Code   RO         3578    i.ETH_Delay         stm32f4x7_eth.o
    0x080004ca   0x080004ca   0x00000002   PAD
    0x080004cc   0x080004cc   0x00000014   Code   RO         3580    i.ETH_FlushTransmitFIFO  stm32f4x7_eth.o
    0x080004e0   0x080004e0   0x000000bc   Code   RO          369    i.ETH_GPIO_Config   stm32f4x7_eth_bsp.o
    0x0800059c   0x0800059c   0x00000018   Code   RO         3606    i.ETH_GetSoftwareResetStatus  stm32f4x7_eth.o
    0x080005b4   0x080005b4   0x0000005c   Code   RO         3608    i.ETH_Get_Received_Frame  stm32f4x7_eth.o
    0x08000610   0x08000610   0x00000020   Code   RO            5    i.ETH_IRQHandler    stm32f4xx_it.o
    0x08000630   0x08000630   0x000002ac   Code   RO         3611    i.ETH_Init          stm32f4x7_eth.o
    0x080008dc   0x080008dc   0x00000034   Code   RO         3613    i.ETH_MACAddressConfig  stm32f4x7_eth.o
    0x08000910   0x08000910   0x00000084   Code   RO          370    i.ETH_MACDMA_Config  stm32f4x7_eth_bsp.o
    0x08000994   0x08000994   0x00000024   Code   RO         3618    i.ETH_MACReceptionCmd  stm32f4x7_eth.o
    0x080009b8   0x080009b8   0x00000024   Code   RO         3619    i.ETH_MACTransmissionCmd  stm32f4x7_eth.o
    0x080009dc   0x080009dc   0x00000028   Code   RO          371    i.ETH_NVIC_Config   stm32f4x7_eth_bsp.o
    0x08000a04   0x08000a04   0x000000e8   Code   RO         3630    i.ETH_Prepare_Transmit_Descriptors  stm32f4x7_eth.o
    0x08000aec   0x08000aec   0x0000006c   Code   RO         3631    i.ETH_ReadPHYRegister  stm32f4x7_eth.o
    0x08000b58   0x08000b58   0x00000014   Code   RO         3639    i.ETH_SoftwareReset  stm32f4x7_eth.o
    0x08000b6c   0x08000b6c   0x00000020   Code   RO         3640    i.ETH_Start         stm32f4x7_eth.o
    0x08000b8c   0x08000b8c   0x000000b2   Code   RO         3641    i.ETH_StructInit    stm32f4x7_eth.o
    0x08000c3e   0x08000c3e   0x00000002   PAD
    0x08000c40   0x08000c40   0x00000068   Code   RO         3643    i.ETH_WritePHYRegister  stm32f4x7_eth.o
    0x08000ca8   0x08000ca8   0x00000002   Code   RO            6    i.EXTI15_10_IRQHandler  stm32f4xx_it.o
    0x08000caa   0x08000caa   0x00000090   Code   RO          508    i.GPIO_Init         stm32f4xx_gpio.o
    0x08000d3a   0x08000d3a   0x00000046   Code   RO          509    i.GPIO_PinAFConfig  stm32f4xx_gpio.o
    0x08000d80   0x08000d80   0x00000004   Code   RO            7    i.HardFault_Handler  stm32f4xx_it.o
    0x08000d84   0x08000d84   0x00000070   Code   RO          246    i.LwIP_Init         netconf.o
    0x08000df4   0x08000df4   0x0000003c   Code   RO          247    i.LwIP_Periodic_Handle  netconf.o
    0x08000e30   0x08000e30   0x00000010   Code   RO          248    i.LwIP_Pkt_Handle   netconf.o
    0x08000e40   0x08000e40   0x00000004   Code   RO            8    i.MemManage_Handler  stm32f4xx_it.o
    0x08000e44   0x08000e44   0x00000030   Code   RO          249    i.My_IP4_ADDR       netconf.o
    0x08000e74   0x08000e74   0x00000002   Code   RO            9    i.NMI_Handler       stm32f4xx_it.o
    0x08000e76   0x08000e76   0x00000002   PAD
    0x08000e78   0x08000e78   0x00000078   Code   RO          989    i.NVIC_Init         misc.o
    0x08000ef0   0x08000ef0   0x00000014   Code   RO          990    i.NVIC_PriorityGroupConfig  misc.o
    0x08000f04   0x08000f04   0x00000028   Code   RO          372    i.NVIC_SetPriority  stm32f4x7_eth_bsp.o
    0x08000f2c   0x08000f2c   0x00000002   Code   RO           10    i.PendSV_Handler    stm32f4xx_it.o
    0x08000f2e   0x08000f2e   0x00000002   PAD
    0x08000f30   0x08000f30   0x00000020   Code   RO          605    i.RCC_AHB1PeriphClockCmd  stm32f4xx_rcc.o
    0x08000f50   0x08000f50   0x00000020   Code   RO          607    i.RCC_AHB1PeriphResetCmd  stm32f4xx_rcc.o
    0x08000f70   0x08000f70   0x00000020   Code   RO          617    i.RCC_APB2PeriphClockCmd  stm32f4xx_rcc.o
    0x08000f90   0x08000f90   0x000000e8   Code   RO          626    i.RCC_GetClocksFreq  stm32f4xx_rcc.o
    0x08001078   0x08001078   0x00000002   Code   RO           11    i.SVC_Handler       stm32f4xx_it.o
    0x0800107a   0x0800107a   0x00000002   PAD
    0x0800107c   0x0800107c   0x0000000c   Code   RO          935    i.SYSCFG_ETH_MediaInterfaceConfig  stm32f4xx_syscfg.o
    0x08001088   0x08001088   0x000000ec   Code   RO         2007    i.SetSysClock       system_stm32f4xx.o
    0x08001174   0x08001174   0x00000008   Code   RO           12    i.SysTick_Handler   stm32f4xx_it.o
    0x0800117c   0x0800117c   0x00000068   Code   RO         2009    i.SystemInit        system_stm32f4xx.o
    0x080011e4   0x080011e4   0x00000010   Code   RO          212    i.Time_Update       main.o
    0x080011f4   0x080011f4   0x00000028   Code   RO          412    i.UDP_server_init   udp_server.o
    0x0800121c   0x0800121c   0x00000004   Code   RO           13    i.UsageFault_Handler  stm32f4xx_it.o
    0x08001220   0x08001220   0x0000000e   Code   RO         4111    i.__scatterload_copy  mc_w.l(handlers.o)
    0x0800122e   0x0800122e   0x00000002   Code   RO         4112    i.__scatterload_null  mc_w.l(handlers.o)
    0x08001230   0x08001230   0x0000000e   Code   RO         4113    i.__scatterload_zeroinit  mc_w.l(handlers.o)
    0x0800123e   0x0800123e   0x00000002   PAD
    0x08001240   0x08001240   0x0000002c   Code   RO         3110    i.autoip_arp_announce  autoip.o
    0x0800126c   0x0800126c   0x000000b0   Code   RO         3112    i.autoip_arp_reply  autoip.o
    0x0800131c   0x0800131c   0x00000064   Code   RO         3114    i.autoip_create_addr  autoip.o
    0x08001380   0x08001380   0x0000002e   Code   RO         3115    i.autoip_handle_arp_conflict  autoip.o
    0x080013ae   0x080013ae   0x00000060   Code   RO         3118    i.autoip_start      autoip.o
    0x0800140e   0x0800140e   0x00000050   Code   RO         3119    i.autoip_start_probing  autoip.o
    0x0800145e   0x0800145e   0x0000002e   Code   RO         2093    i.dhcp_arp_reply    dhcp.o
    0x0800148c   0x0800148c   0x0000012c   Code   RO         2097    i.dhcp_create_request  dhcp.o
    0x080015b8   0x080015b8   0x00000090   Code   RO         2098    i.dhcp_decline      dhcp.o
    0x08001648   0x08001648   0x00000032   Code   RO         2099    i.dhcp_delete_request  dhcp.o
    0x0800167a   0x0800167a   0x00000020   Code   RO         2111    i.dhcp_option       dhcp.o
    0x0800169a   0x0800169a   0x00000012   Code   RO         2112    i.dhcp_option_byte  dhcp.o
    0x080016ac   0x080016ac   0x00000042   Code   RO         2113    i.dhcp_option_long  dhcp.o
    0x080016ee   0x080016ee   0x00000046   Code   RO         2115    i.dhcp_option_trailer  dhcp.o
    0x08001734   0x08001734   0x0000000e   Code   RO         2122    i.dhcp_set_state    dhcp.o
    0x08001742   0x08001742   0x00000002   PAD
    0x08001744   0x08001744   0x00000158   Code   RO         3422    i.etharp_arp_input  etharp.o
    0x0800189c   0x0800189c   0x0000003c   Code   RO         3424    i.etharp_ip_input   etharp.o
    0x080018d8   0x080018d8   0x000000c4   Code   RO         3425    i.etharp_output     etharp.o
    0x0800199c   0x0800199c   0x00000188   Code   RO         3426    i.etharp_query      etharp.o
    0x08001b24   0x08001b24   0x000000d8   Code   RO         3427    i.etharp_raw        etharp.o
    0x08001bfc   0x08001bfc   0x0000002c   Code   RO         3428    i.etharp_request    etharp.o
    0x08001c28   0x08001c28   0x00000042   Code   RO         3429    i.etharp_send_ip    etharp.o
    0x08001c6a   0x08001c6a   0x00000002   PAD
    0x08001c6c   0x08001c6c   0x000000a0   Code   RO         3430    i.etharp_tmr        etharp.o
    0x08001d0c   0x08001d0c   0x0000006c   Code   RO         3431    i.ethernet_input    etharp.o
    0x08001d78   0x08001d78   0x00000030   Code   RO         3518    i.ethernetif_init   ethernetif.o
    0x08001da8   0x08001da8   0x0000002c   Code   RO         3519    i.ethernetif_input  ethernetif.o
    0x08001dd4   0x08001dd4   0x000001ec   Code   RO         3432    i.find_entry        etharp.o
    0x08001fc0   0x08001fc0   0x0000002a   Code   RO         3433    i.free_etharp_q     etharp.o
    0x08001fea   0x08001fea   0x0000001a   Code   RO         3220    i.htonl             inet.o
    0x08002004   0x08002004   0x0000000c   Code   RO         3221    i.htons             inet.o
    0x08002010   0x08002010   0x00000012   Code   RO         3185    i.icmp_dest_unreach  icmp.o
    0x08002022   0x08002022   0x00000170   Code   RO         3186    i.icmp_input        icmp.o
    0x08002192   0x08002192   0x0000006c   Code   RO         3187    i.icmp_send_response  icmp.o
    0x080021fe   0x080021fe   0x00000012   Code   RO         3188    i.icmp_time_exceeded  icmp.o
    0x08002210   0x08002210   0x00000014   Code   RO         3269    i.inet_chksum       inet_chksum.o
    0x08002224   0x08002224   0x00000056   Code   RO         3270    i.inet_chksum_pbuf  inet_chksum.o
    0x0800227a   0x0800227a   0x0000004e   Code   RO         3348    i.ip_addr_isbroadcast  ip_addr.o
    0x080022c8   0x080022c8   0x0000014c   Code   RO         3370    i.ip_frag           ip_frag.o
    0x08002414   0x08002414   0x000001cc   Code   RO         3305    i.ip_input          ip.o
    0x080025e0   0x080025e0   0x00000034   Code   RO         3306    i.ip_output         ip.o
    0x08002614   0x08002614   0x000000fc   Code   RO         3307    i.ip_output_if      ip.o
    0x08002710   0x08002710   0x00000198   Code   RO         3371    i.ip_reass          ip_frag.o
    0x080028a8   0x080028a8   0x00000168   Code   RO         3372    i.ip_reass_chain_frag_into_datagram_and_validate  ip_frag.o
    0x08002a10   0x08002a10   0x0000002c   Code   RO         3373    i.ip_reass_dequeue_datagram  ip_frag.o
    0x08002a3c   0x08002a3c   0x00000054   Code   RO         3374    i.ip_reass_enqueue_new_datagram  ip_frag.o
    0x08002a90   0x08002a90   0x00000088   Code   RO         3375    i.ip_reass_free_complete_datagram  ip_frag.o
    0x08002b18   0x08002b18   0x0000007c   Code   RO         3376    i.ip_reass_remove_oldest_datagram  ip_frag.o
    0x08002b94   0x08002b94   0x00000050   Code   RO         3308    i.ip_route          ip.o
    0x08002be4   0x08002be4   0x000000a4   Code   RO         3520    i.low_level_init    ethernetif.o
    0x08002c88   0x08002c88   0x000000ac   Code   RO         3521    i.low_level_input   ethernetif.o
    0x08002d34   0x08002d34   0x00000038   Code   RO         3522    i.low_level_output  ethernetif.o
    0x08002d6c   0x08002d6c   0x0000004a   Code   RO         3272    i.lwip_standard_chksum  inet_chksum.o
    0x08002db6   0x08002db6   0x00000002   PAD
    0x08002db8   0x08002db8   0x0000001c   Code   RO          213    i.main              main.o
    0x08002dd4   0x08002dd4   0x00000050   Code   RO         2378    i.mem_free          mem.o
    0x08002e24   0x08002e24   0x00000064   Code   RO         2379    i.mem_init          mem.o
    0x08002e88   0x08002e88   0x000000f0   Code   RO         2380    i.mem_malloc        mem.o
    0x08002f78   0x08002f78   0x0000012c   Code   RO         2381    i.mem_realloc       mem.o
    0x080030a4   0x080030a4   0x00000020   Code   RO         2421    i.memp_free         memp.o
    0x080030c4   0x080030c4   0x00000064   Code   RO         2422    i.memp_init         memp.o
    0x08003128   0x08003128   0x0000002c   Code   RO         2423    i.memp_malloc       memp.o
    0x08003154   0x08003154   0x0000006c   Code   RO         2463    i.netif_add         netif.o
    0x080031c0   0x080031c0   0x0000000c   Code   RO         2465    i.netif_is_up       netif.o
    0x080031cc   0x080031cc   0x00000028   Code   RO         2467    i.netif_set_addr    netif.o
    0x080031f4   0x080031f4   0x0000000c   Code   RO         2468    i.netif_set_default  netif.o
    0x08003200   0x08003200   0x00000018   Code   RO         2469    i.netif_set_down    netif.o
    0x08003218   0x08003218   0x0000000c   Code   RO         2470    i.netif_set_gw      netif.o
    0x08003224   0x08003224   0x00000078   Code   RO         2471    i.netif_set_ipaddr  netif.o
    0x0800329c   0x0800329c   0x0000000c   Code   RO         2472    i.netif_set_netmask  netif.o
    0x080032a8   0x080032a8   0x0000002c   Code   RO         2473    i.netif_set_up      netif.o
    0x080032d4   0x080032d4   0x0000000c   Code   RO         3225    i.ntohl             inet.o
    0x080032e0   0x080032e0   0x0000000c   Code   RO         3226    i.ntohs             inet.o
    0x080032ec   0x080032ec   0x0000019e   Code   RO         2545    i.pbuf_alloc        pbuf.o
    0x0800348a   0x0800348a   0x00000038   Code   RO         2546    i.pbuf_cat          pbuf.o
    0x080034c2   0x080034c2   0x00000016   Code   RO         2547    i.pbuf_chain        pbuf.o
    0x080034d8   0x080034d8   0x00000012   Code   RO         2548    i.pbuf_clen         pbuf.o
    0x080034ea   0x080034ea   0x000000b6   Code   RO         2550    i.pbuf_copy         pbuf.o
    0x080035a0   0x080035a0   0x00000092   Code   RO         2551    i.pbuf_copy_partial  pbuf.o
    0x08003632   0x08003632   0x0000006e   Code   RO         2553    i.pbuf_free         pbuf.o
    0x080036a0   0x080036a0   0x0000007e   Code   RO         2554    i.pbuf_header       pbuf.o
    0x0800371e   0x0800371e   0x00000078   Code   RO         2555    i.pbuf_realloc      pbuf.o
    0x08003796   0x08003796   0x0000000a   Code   RO         2556    i.pbuf_ref          pbuf.o
    0x080037a0   0x080037a0   0x00000088   Code   RO         2382    i.plug_holes        mem.o
    0x08003828   0x08003828   0x00000068   Code   RO         2634    i.raw_input         raw.o
    0x08003890   0x08003890   0x0000009c   Code   RO         2700    i.tcp_abandon       tcp.o
    0x0800392c   0x0800392c   0x000000b8   Code   RO         2703    i.tcp_alloc         tcp.o
    0x080039e4   0x080039e4   0x000000fc   Code   RO         2706    i.tcp_close         tcp.o
    0x08003ae0   0x08003ae0   0x0000002e   Code   RO         2709    i.tcp_eff_send_mss  tcp.o
    0x08003b0e   0x08003b0e   0x000003f6   Code   RO         2945    i.tcp_enqueue       tcp_out.o
    0x08003f04   0x08003f04   0x00000078   Code   RO         2711    i.tcp_fasttmr       tcp.o
    0x08003f7c   0x08003f7c   0x0000046c   Code   RO         2897    i.tcp_input         tcp_in.o
    0x080043e8   0x080043e8   0x00000052   Code   RO         2946    i.tcp_keepalive     tcp_out.o
    0x0800443a   0x0800443a   0x00000002   PAD
    0x0800443c   0x0800443c   0x00000058   Code   RO         2712    i.tcp_kill_prio     tcp.o
    0x08004494   0x08004494   0x0000003c   Code   RO         2713    i.tcp_kill_timewait  tcp.o
    0x080044d0   0x080044d0   0x00000134   Code   RO         2898    i.tcp_listen_input  tcp_in.o
    0x08004604   0x08004604   0x0000001c   Code   RO         2717    i.tcp_next_iss      tcp.o
    0x08004620   0x08004620   0x000001e0   Code   RO         2947    i.tcp_output        tcp_out.o
    0x08004800   0x08004800   0x000000cc   Code   RO         2948    i.tcp_output_segment  tcp_out.o
    0x080048cc   0x080048cc   0x0000008a   Code   RO         2949    i.tcp_output_set_header  tcp_out.o
    0x08004956   0x08004956   0x00000002   PAD
    0x08004958   0x08004958   0x000000b8   Code   RO         2899    i.tcp_parseopt      tcp_in.o
    0x08004a10   0x08004a10   0x00000036   Code   RO         2718    i.tcp_pcb_purge     tcp.o
    0x08004a46   0x08004a46   0x00000002   PAD
    0x08004a48   0x08004a48   0x00000098   Code   RO         2719    i.tcp_pcb_remove    tcp.o
    0x08004ae0   0x08004ae0   0x00000584   Code   RO         2900    i.tcp_process       tcp_in.o
    0x08005064   0x08005064   0x00000630   Code   RO         2901    i.tcp_receive       tcp_in.o
    0x08005694   0x08005694   0x0000002e   Code   RO         2722    i.tcp_recv_null     tcp.o
    0x080056c2   0x080056c2   0x00000046   Code   RO         2723    i.tcp_recved        tcp.o
    0x08005708   0x08005708   0x00000050   Code   RO         2950    i.tcp_rexmit        tcp_out.o
    0x08005758   0x08005758   0x00000072   Code   RO         2951    i.tcp_rexmit_fast   tcp_out.o
    0x080057ca   0x080057ca   0x0000003a   Code   RO         2952    i.tcp_rexmit_rto    tcp_out.o
    0x08005804   0x08005804   0x000000aa   Code   RO         2953    i.tcp_rst           tcp_out.o
    0x080058ae   0x080058ae   0x00000020   Code   RO         2724    i.tcp_seg_free      tcp.o
    0x080058ce   0x080058ce   0x0000001e   Code   RO         2725    i.tcp_segs_free     tcp.o
    0x080058ec   0x080058ec   0x0000001c   Code   RO         2954    i.tcp_send_ctrl     tcp_out.o
    0x08005908   0x08005908   0x0000005e   Code   RO         2955    i.tcp_send_empty_ack  tcp_out.o
    0x08005966   0x08005966   0x00000002   PAD
    0x08005968   0x08005968   0x000002e0   Code   RO         2728    i.tcp_slowtmr       tcp.o
    0x08005c48   0x08005c48   0x000000b4   Code   RO         2902    i.tcp_timewait_input  tcp_in.o
    0x08005cfc   0x08005cfc   0x00000024   Code   RO         2729    i.tcp_tmr           tcp.o
    0x08005d20   0x08005d20   0x00000048   Code   RO         2730    i.tcp_update_rcv_ann_wnd  tcp.o
    0x08005d68   0x08005d68   0x000000a8   Code   RO         2957    i.tcp_zero_window_probe  tcp_out.o
    0x08005e10   0x08005e10   0x00000070   Code   RO         3027    i.udp_bind          udp.o
    0x08005e80   0x08005e80   0x000001c8   Code   RO         3030    i.udp_input         udp.o
    0x08006048   0x08006048   0x0000001c   Code   RO         3031    i.udp_new           udp.o
    0x08006064   0x08006064   0x00000006   Code   RO         3032    i.udp_recv          udp.o
    0x0800606a   0x0800606a   0x0000002e   Code   RO         3035    i.udp_sendto        udp.o
    0x08006098   0x08006098   0x000000ca   Code   RO         3036    i.udp_sendto_if     udp.o
    0x08006162   0x08006162   0x00000032   Code   RO          413    i.udp_server_recv   udp_server.o
    0x08006194   0x08006194   0x000000ec   Code   RO         3434    i.update_arp_entry  etharp.o
    0x08006280   0x08006280   0x00000024   Data   RO         2425    .constdata          memp.o
    0x080062a4   0x080062a4   0x00000014   Data   RO         2731    .constdata          tcp.o
    0x080062b8   0x080062b8   0x00000008   Data   RO         3349    .constdata          ip_addr.o
    0x080062c0   0x080062c0   0x0000000c   Data   RO         3436    .constdata          etharp.o
    0x080062cc   0x080062cc   0x00000075   Data   RO         2732    .conststring        tcp.o
    0x08006341   0x08006341   0x00000003   PAD
    0x08006344   0x08006344   0x00000020   Data   RO         4109    Region$$Table       anon$$obj.o


    Execution Region RW_IRAM1 (Exec base: 0x20000000, Load base: 0x08006364, Size: 0x00007ca0, Max: 0x00020000, ABSOLUTE)

    Exec Addr    Load Addr    Size         Type   Attr      Idx    E Section Name        Object

    0x20000000   0x08006364   0x00000008   Data   RW          214    .data               main.o
    0x20000008   0x0800636c   0x0000000c   Data   RW          251    .data               netconf.o
    0x20000014   0x08006378   0x00000010   Data   RW          657    .data               stm32f4xx_rcc.o
    0x20000024   0x08006388   0x00000004   Data   RW         2129    .data               dhcp.o
    0x20000028   0x0800638c   0x0000000d   Data   RW         2384    .data               mem.o
    0x20000035   0x08006399   0x00000003   PAD
    0x20000038   0x0800639c   0x00000009   Data   RW         2474    .data               netif.o
    0x20000041   0x080063a5   0x00000003   PAD
    0x20000044   0x080063a8   0x00000004   Data   RW         2640    .data               raw.o
    0x20000048   0x080063ac   0x0000004c   Data   RW         2733    .data               tcp.o
    0x20000094   0x080063f8   0x00000020   Data   RW         2904    .data               tcp_in.o
    0x200000b4   0x08006418   0x00000004   Data   RW         3037    .data               udp.o
    0x200000b8   0x0800641c   0x0000000a   Data   RW         3309    .data               ip.o
    0x200000c2   0x08006426   0x00000002   PAD
    0x200000c4   0x08006428   0x00000006   Data   RW         3379    .data               ip_frag.o
    0x200000ca   0x0800642e   0x00000001   Data   RW         3437    .data               etharp.o
    0x200000cb   0x0800642f   0x00000001   PAD
    0x200000cc   0x08006430   0x00000010   Data   RW         3645    .data               stm32f4x7_eth.o
    0x200000dc        -       0x00000038   Zero   RW          250    .bss                netconf.o
    0x20000114        -       0x00002814   Zero   RW         2383    .bss                mem.o
    0x20002928        -       0x00002437   Zero   RW         2424    .bss                memp.o
    0x20004d5f   0x08006440   0x00000001   PAD
    0x20004d60        -       0x00000014   Zero   RW         2903    .bss                tcp_in.o
    0x20004d74        -       0x000005e0   Zero   RW         3378    .bss                ip_frag.o
    0x20005354        -       0x000000c8   Zero   RW         3435    .bss                etharp.o
    0x2000541c        -       0x00002484   Zero   RW         3644    .bss                stm32f4x7_eth.o
    0x200078a0        -       0x00000400   Zero   RW          448    STACK               startup_stm32f40_41xxx.o


==============================================================================

Image component sizes


      Code (inc. data)   RO Data    RW Data    ZI Data      Debug   Object Name

       542         22          0          0          0       5314   autoip.o
       740         14          0          4          0      18281   dhcp.o
      2356         48         12          1        200      13999   etharp.o
       484         50          0          0          0       4870   ethernetif.o
       512          0          0          0          0       3966   icmp.o
        62          0          0          0          0       2336   inet.o
       180          0          0          0          0       5777   inet_chksum.o
         0          0          0          0          0       9325   init.o
       844         30          0         10          0       8691   ip.o
        78          0          8          0          0       5673   ip_addr.o
      1488         40          0          6       1504       8293   ip_frag.o
        44          8          0          8          0       1429   main.o
       856         68          0         13      10260       5165   mem.o
       176         26         36          0       9271       3922   memp.o
       140         24          0          0          0       1711   misc.o
       236         26          0         12         56      16565   netconf.o
       384         24          0          9          0       8188   netif.o
      1204          0          0          0          0       8265   pbuf.o
       104          4          0          4          0       1700   raw.o
        36          8        392          0       1024        928   startup_stm32f40_41xxx.o
      2172        180          0         16       9348      16887   stm32f4x7_eth.o
       480         24          0          0          0      29244   stm32f4x7_eth_bsp.o
       214          0          0          0          0       1947   stm32f4xx_gpio.o
        66          0          0          0          0     296034   stm32f4xx_it.o
       328         36          0         16          0       4899   stm32f4xx_rcc.o
        12          6          0          0          0        626   stm32f4xx_syscfg.o
       340         32          0          0          0       1505   system_stm32f4xx.o
      2162        116        137         76          0      21489   tcp.o
      4800        260          0         32         20      15408   tcp_in.o
      2630         16          0          0          0      11418   tcp_out.o
       850         10          0          4          0      14678   udp.o
        90          8          0          0          0       6405   udp_server.o

    ----------------------------------------------------------------------
     24636       1080        620        220      31684     554938   Object Totals
         0          0         32          0          0          0   (incl. Generated)
        26          0          3          9          1          0   (incl. Padding)

    ----------------------------------------------------------------------

      Code (inc. data)   RO Data    RW Data    ZI Data      Debug   Library Member Name

         0          0          0          0          0          0   entry.o
         0          0          0          0          0          0   entry10a.o
         0          0          0          0          0          0   entry11a.o
         8          4          0          0          0          0   entry2.o
         4          0          0          0          0          0   entry5.o
         0          0          0          0          0          0   entry7b.o
         0          0          0          0          0          0   entry8b.o
         8          4          0          0          0          0   entry9a.o
        30          0          0          0          0          0   handlers.o
        36          8          0          0          0         68   init.o
        26          0          0          0          0         80   memcmp.o
        36          0          0          0          0         68   memcpya.o
        36          0          0          0          0        108   memseta.o

    ----------------------------------------------------------------------
       188         16          0          0          0        324   Library Totals
         4          0          0          0          0          0   (incl. Padding)

    ----------------------------------------------------------------------

      Code (inc. data)   RO Data    RW Data    ZI Data      Debug   Library Name

       184         16          0          0          0        324   mc_w.l

    ----------------------------------------------------------------------
       188         16          0          0          0        324   Library Totals

    ----------------------------------------------------------------------

==============================================================================


      Code (inc. data)   RO Data    RW Data    ZI Data      Debug   

     24824       1096        620        220      31684     537662   Grand Totals
     24824       1096        620        220      31684     537662   ELF Image Totals
     24824       1096        620        220          0          0   ROM Totals

==============================================================================

    Total RO  Size (Code + RO Data)                25444 (  24.85kB)
    Total RW  Size (RW Data + ZI Data)             31904 (  31.16kB)
    Total ROM Size (Code + RO Data + RW Data)      25664 (  25.06kB)

==============================================================================

